==============================================================
Vitis HLS - High-Level Synthesis from C, C++ and OpenCL v2024.2 (64-bit)
Tool Version Limit: 2024.11
Copyright 1986-2022 Xilinx, Inc. All Rights Reserved.
Copyright 2022-2024 Advanced Micro Devices, Inc. All Rights Reserved.

==============================================================
INFO: [HLS 200-1505] Using flow_target 'vivado'
INFO: [HLS 200-1510] Running: set_part xcvu9p-flga2104-2L-e 
INFO: [HLS 200-1611] Setting target device to 'xcvu9p-flga2104-2L-e'
INFO: [HLS 200-1510] Running: create_clock -period 4 -name default 
INFO: [SYN 201-201] Setting up clock 'default' with a period of 4ns.
INFO: [HLS 200-1510] Running: config_interface -m_axi_alignment_byte_size 64 -m_axi_max_widen_bitwidth 512 
INFO: [HLS 200-1510] Running: csim_design 
INFO: [SIM 211-2] *************** CSIM start ***************
INFO: [SIM 211-4] CSIM will launch CLANG as the compiler.
INFO: [HLS 200-2036] Building debug C Simulation binaries
INFO: [SIM 211-1] CSim done with 0 errors.
INFO: [SIM 211-3] *************** CSIM finish ***************
INFO: [HLS 200-2161] Finished Command csim_design Elapsed time: 00:00:00; Allocated memory: 0.270 MB.
INFO: [HLS 200-1510] Running: csynth_design 
INFO: [HLS 200-111] Finished File checks and directory preparation: CPU user time: 0.03 seconds. CPU system time: 0.01 seconds. Elapsed time: 0.04 seconds; current allocated memory: 196.836 MB.
INFO: [HLS 200-10] Analyzing design file 'mmult.cpp' ... 
INFO: [HLS 200-111] Finished Source Code Analysis and Preprocessing: CPU user time: 0.13 seconds. CPU system time: 0.11 seconds. Elapsed time: 0.29 seconds; current allocated memory: 198.543 MB.
INFO: [HLS 200-777] Using interface defaults for 'Vivado' flow target.
INFO: [HLS 200-1995] There were 118 instructions in the design after the 'Compile/Link' phase of compilation. See the Design Size Report for more details: /work/amotta/RecoNIC/shell/compute/lookside/mmult/solution1/syn/report/csynth_design_size.rpt
INFO: [HLS 200-1995] There were 6,262 instructions in the design after the 'Unroll/Inline (step 1)' phase of compilation. See the Design Size Report for more details: /work/amotta/RecoNIC/shell/compute/lookside/mmult/solution1/syn/report/csynth_design_size.rpt
INFO: [HLS 200-1995] There were 3,996 instructions in the design after the 'Unroll/Inline (step 2)' phase of compilation. See the Design Size Report for more details: /work/amotta/RecoNIC/shell/compute/lookside/mmult/solution1/syn/report/csynth_design_size.rpt
INFO: [HLS 200-1995] There were 3,947 instructions in the design after the 'Unroll/Inline (step 3)' phase of compilation. See the Design Size Report for more details: /work/amotta/RecoNIC/shell/compute/lookside/mmult/solution1/syn/report/csynth_design_size.rpt
INFO: [HLS 200-1995] There were 3,947 instructions in the design after the 'Unroll/Inline (step 4)' phase of compilation. See the Design Size Report for more details: /work/amotta/RecoNIC/shell/compute/lookside/mmult/solution1/syn/report/csynth_design_size.rpt
INFO: [HLS 200-1995] There were 8,552 instructions in the design after the 'Array/Struct (step 1)' phase of compilation. See the Design Size Report for more details: /work/amotta/RecoNIC/shell/compute/lookside/mmult/solution1/syn/report/csynth_design_size.rpt
INFO: [HLS 200-1995] There were 3,958 instructions in the design after the 'Array/Struct (step 2)' phase of compilation. See the Design Size Report for more details: /work/amotta/RecoNIC/shell/compute/lookside/mmult/solution1/syn/report/csynth_design_size.rpt
INFO: [HLS 200-1995] There were 3,958 instructions in the design after the 'Array/Struct (step 3)' phase of compilation. See the Design Size Report for more details: /work/amotta/RecoNIC/shell/compute/lookside/mmult/solution1/syn/report/csynth_design_size.rpt
INFO: [HLS 200-1995] There were 3,958 instructions in the design after the 'Array/Struct (step 4)' phase of compilation. See the Design Size Report for more details: /work/amotta/RecoNIC/shell/compute/lookside/mmult/solution1/syn/report/csynth_design_size.rpt
INFO: [HLS 200-1995] There were 4,244 instructions in the design after the 'Array/Struct (step 5)' phase of compilation. See the Design Size Report for more details: /work/amotta/RecoNIC/shell/compute/lookside/mmult/solution1/syn/report/csynth_design_size.rpt
INFO: [HLS 200-1995] There were 4,250 instructions in the design after the 'Performance (step 1)' phase of compilation. See the Design Size Report for more details: /work/amotta/RecoNIC/shell/compute/lookside/mmult/solution1/syn/report/csynth_design_size.rpt
INFO: [HLS 200-1995] There were 3,994 instructions in the design after the 'Performance (step 2)' phase of compilation. See the Design Size Report for more details: /work/amotta/RecoNIC/shell/compute/lookside/mmult/solution1/syn/report/csynth_design_size.rpt
INFO: [HLS 200-1995] There were 3,993 instructions in the design after the 'Performance (step 3)' phase of compilation. See the Design Size Report for more details: /work/amotta/RecoNIC/shell/compute/lookside/mmult/solution1/syn/report/csynth_design_size.rpt
INFO: [HLS 200-1995] There were 3,993 instructions in the design after the 'Performance (step 4)' phase of compilation. See the Design Size Report for more details: /work/amotta/RecoNIC/shell/compute/lookside/mmult/solution1/syn/report/csynth_design_size.rpt
INFO: [HLS 200-1995] There were 4,005 instructions in the design after the 'HW Transforms (step 1)' phase of compilation. See the Design Size Report for more details: /work/amotta/RecoNIC/shell/compute/lookside/mmult/solution1/syn/report/csynth_design_size.rpt
INFO: [HLS 200-1995] There were 3,758 instructions in the design after the 'HW Transforms (step 2)' phase of compilation. See the Design Size Report for more details: /work/amotta/RecoNIC/shell/compute/lookside/mmult/solution1/syn/report/csynth_design_size.rpt
INFO: [HLS 214-291] Loop 'systolic2' is marked as complete unroll implied by the pipeline pragma (mmult.cpp:154:9)
INFO: [HLS 214-291] Loop 'systolic3' is marked as complete unroll implied by the pipeline pragma (mmult.cpp:156:13)
INFO: [HLS 214-186] Unrolling loop 'systolic2' (mmult.cpp:154:9) in function 'mmult' completely with a factor of 16 (mmult.cpp:61:0)
INFO: [HLS 214-186] Unrolling loop 'systolic3' (mmult.cpp:156:13) in function 'mmult' completely with a factor of 16 (mmult.cpp:61:0)
INFO: [HLS 214-248] Applying array_partition to 'localA': Complete partitioning on dimension 1. (mmult.cpp:92:9)
INFO: [HLS 214-248] Applying array_partition to 'localB': Complete partitioning on dimension 2. (mmult.cpp:95:6)
INFO: [HLS 214-248] Applying array_partition to 'localC': Complete partitioning on dimension 1. Complete partitioning on dimension 2. (mmult.cpp:98:6)
INFO: [HLS 214-376] automatically set the pipeline for Loop< unknown> at mmult.cpp:104:5 
INFO: [HLS 214-376] automatically set the pipeline for Loop< unknown> at mmult.cpp:108:5 
INFO: [HLS 214-376] automatically set the pipeline for Loop< unknown> at mmult.cpp:176:2 
INFO: [HLS 214-115] Multiple burst reads of length 16 and bit width 512 has been inferred on bundle 'systolic'. These burst requests might be further partitioned into multiple requests during RTL generation, based on max_read_burst_length or max_write_burst_length settings. (mmult.cpp:104:5)
INFO: [HLS 214-115] Multiple burst reads of length 16 and bit width 512 has been inferred on bundle 'systolic'. These burst requests might be further partitioned into multiple requests during RTL generation, based on max_read_burst_length or max_write_burst_length settings. (mmult.cpp:108:5)
INFO: [HLS 214-115] Multiple burst writes of length 16 and bit width 512 has been inferred on bundle 'systolic'. These burst requests might be further partitioned into multiple requests during RTL generation, based on max_read_burst_length or max_write_burst_length settings. (mmult.cpp:176:2)
INFO: [HLS 200-111] Finished Compiling Optimization and Transform: CPU user time: 5.81 seconds. CPU system time: 0.17 seconds. Elapsed time: 6.33 seconds; current allocated memory: 209.004 MB.
INFO: [HLS 200-111] Finished Checking Pragmas: CPU user time: 0 seconds. CPU system time: 0 seconds. Elapsed time: 0 seconds; current allocated memory: 209.004 MB.
INFO: [HLS 200-10] Starting code transformations ...
INFO: [HLS 200-111] Finished Standard Transforms: CPU user time: 0.25 seconds. CPU system time: 0 seconds. Elapsed time: 0.27 seconds; current allocated memory: 221.668 MB.
INFO: [HLS 200-10] Checking synthesizability ...
INFO: [HLS 200-111] Finished Checking Synthesizability: CPU user time: 0.19 seconds. CPU system time: 0 seconds. Elapsed time: 0.2 seconds; current allocated memory: 225.473 MB.
INFO: [XFORM 203-401] Performing if-conversion on hyperblock from (mmult.cpp:152:9) to (mmult.cpp:150:5) in function 'mmult'... converting 1025 basic blocks.
INFO: [HLS 200-111] Finished Loop, function and other optimizations: CPU user time: 1.3 seconds. CPU system time: 0.02 seconds. Elapsed time: 1.31 seconds; current allocated memory: 273.438 MB.
INFO: [HLS 200-111] Finished Architecture Synthesis: CPU user time: 0.22 seconds. CPU system time: 0.01 seconds. Elapsed time: 0.23 seconds; current allocated memory: 298.438 MB.
INFO: [HLS 200-10] Starting hardware synthesis ...
INFO: [HLS 200-10] Synthesizing 'mmult' ...
INFO: [HLS 200-10] ----------------------------------------------------------------
INFO: [HLS 200-42] -- Implementing module 'mmult_Pipeline_1' 
INFO: [HLS 200-10] ----------------------------------------------------------------
INFO: [SCHED 204-11] Starting scheduling ...
INFO: [SCHED 204-61] Pipelining loop 'Loop 1'.
INFO: [HLS 200-1470] Pipelining result : Target II = NA, Final II = 1, Depth = 3, loop 'Loop 1'
INFO: [SCHED 204-11] Finished scheduling.
INFO: [HLS 200-111] Finished Scheduling: CPU user time: 0.3 seconds. CPU system time: 0.01 seconds. Elapsed time: 0.32 seconds; current allocated memory: 298.438 MB.
INFO: [BIND 205-100] Starting micro-architecture generation ...
INFO: [BIND 205-101] Performing variable lifetime analysis.
INFO: [BIND 205-101] Exploring resource sharing.
INFO: [BIND 205-101] Binding ...
INFO: [BIND 205-100] Finished micro-architecture generation.
INFO: [HLS 200-111] Finished Binding: CPU user time: 0.01 seconds. CPU system time: 0 seconds. Elapsed time: 0 seconds; current allocated memory: 298.438 MB.
INFO: [HLS 200-10] ----------------------------------------------------------------
INFO: [HLS 200-42] -- Implementing module 'mmult_Pipeline_2' 
INFO: [HLS 200-10] ----------------------------------------------------------------
INFO: [SCHED 204-11] Starting scheduling ...
INFO: [SCHED 204-61] Pipelining loop 'Loop 1'.
INFO: [HLS 200-1470] Pipelining result : Target II = NA, Final II = 1, Depth = 3, loop 'Loop 1'
INFO: [SCHED 204-11] Finished scheduling.
INFO: [HLS 200-111] Finished Scheduling: CPU user time: 0.04 seconds. CPU system time: 0.01 seconds. Elapsed time: 0.04 seconds; current allocated memory: 298.438 MB.
INFO: [BIND 205-100] Starting micro-architecture generation ...
INFO: [BIND 205-101] Performing variable lifetime analysis.
INFO: [BIND 205-101] Exploring resource sharing.
INFO: [BIND 205-101] Binding ...
INFO: [BIND 205-100] Finished micro-architecture generation.
INFO: [HLS 200-111] Finished Binding: CPU user time: 0 seconds. CPU system time: 0 seconds. Elapsed time: 0 seconds; current allocated memory: 298.438 MB.
INFO: [HLS 200-10] ----------------------------------------------------------------
INFO: [HLS 200-42] -- Implementing module 'mmult_Pipeline_systolic1' 
INFO: [HLS 200-10] ----------------------------------------------------------------
INFO: [SCHED 204-11] Starting scheduling ...
INFO: [SCHED 204-61] Pipelining loop 'systolic1'.
INFO: [HLS 200-1470] Pipelining result : Target II = 1, Final II = 1, Depth = 5, loop 'systolic1'
INFO: [SCHED 204-11] Finished scheduling.
INFO: [HLS 200-111] Finished Scheduling: CPU user time: 0.95 seconds. CPU system time: 0 seconds. Elapsed time: 0.96 seconds; current allocated memory: 303.602 MB.
INFO: [BIND 205-100] Starting micro-architecture generation ...
INFO: [BIND 205-101] Performing variable lifetime analysis.
INFO: [BIND 205-101] Exploring resource sharing.
INFO: [BIND 205-101] Binding ...
INFO: [BIND 205-100] Finished micro-architecture generation.
INFO: [HLS 200-111] Finished Binding: CPU user time: 0.13 seconds. CPU system time: 0 seconds. Elapsed time: 0.13 seconds; current allocated memory: 303.602 MB.
INFO: [HLS 200-10] ----------------------------------------------------------------
INFO: [HLS 200-42] -- Implementing module 'mmult_Pipeline_4' 
INFO: [HLS 200-10] ----------------------------------------------------------------
INFO: [SCHED 204-11] Starting scheduling ...
INFO: [SCHED 204-61] Pipelining loop 'Loop 1'.
INFO: [HLS 200-1470] Pipelining result : Target II = NA, Final II = 1, Depth = 2, loop 'Loop 1'
INFO: [SCHED 204-11] Finished scheduling.
INFO: [HLS 200-111] Finished Scheduling: CPU user time: 0.17 seconds. CPU system time: 0 seconds. Elapsed time: 0.16 seconds; current allocated memory: 303.703 MB.
INFO: [BIND 205-100] Starting micro-architecture generation ...
INFO: [BIND 205-101] Performing variable lifetime analysis.
INFO: [BIND 205-101] Exploring resource sharing.
INFO: [BIND 205-101] Binding ...
INFO: [BIND 205-100] Finished micro-architecture generation.
INFO: [HLS 200-111] Finished Binding: CPU user time: 0.02 seconds. CPU system time: 0 seconds. Elapsed time: 0.02 seconds; current allocated memory: 303.703 MB.
INFO: [HLS 200-10] ----------------------------------------------------------------
INFO: [HLS 200-42] -- Implementing module 'mmult' 
INFO: [HLS 200-10] ----------------------------------------------------------------
INFO: [SCHED 204-11] Starting scheduling ...
INFO: [SCHED 204-11] Finished scheduling.
INFO: [HLS 200-111] Finished Scheduling: CPU user time: 0.15 seconds. CPU system time: 0 seconds. Elapsed time: 0.16 seconds; current allocated memory: 306.301 MB.
INFO: [BIND 205-100] Starting micro-architecture generation ...
INFO: [BIND 205-101] Performing variable lifetime analysis.
INFO: [BIND 205-101] Exploring resource sharing.
INFO: [BIND 205-101] Binding ...
INFO: [BIND 205-100] Finished micro-architecture generation.
INFO: [HLS 200-111] Finished Binding: CPU user time: 0.07 seconds. CPU system time: 0 seconds. Elapsed time: 0.07 seconds; current allocated memory: 306.301 MB.
INFO: [HLS 200-10] ----------------------------------------------------------------
INFO: [HLS 200-10] -- Generating RTL for module 'mmult_Pipeline_1' 
INFO: [HLS 200-10] ----------------------------------------------------------------
INFO: [HLS 200-1030] Apply Unified Pipeline Control on module 'mmult_Pipeline_1' pipeline 'Loop 1' pipeline type 'loop pipeline'
WARNING: [RTGEN 206-101] Setting dangling out port 'mmult_Pipeline_1/m_axi_systolic_0_ARVALID' to 0.
WARNING: [RTGEN 206-101] Setting dangling out port 'mmult_Pipeline_1/m_axi_systolic_0_ARADDR' to 0.
WARNING: [RTGEN 206-101] Setting dangling out port 'mmult_Pipeline_1/m_axi_systolic_0_ARID' to 0.
WARNING: [RTGEN 206-101] Setting dangling out port 'mmult_Pipeline_1/m_axi_systolic_0_ARLEN' to 0.
WARNING: [RTGEN 206-101] Setting dangling out port 'mmult_Pipeline_1/m_axi_systolic_0_ARSIZE' to 0.
WARNING: [RTGEN 206-101] Setting dangling out port 'mmult_Pipeline_1/m_axi_systolic_0_ARBURST' to 0.
WARNING: [RTGEN 206-101] Setting dangling out port 'mmult_Pipeline_1/m_axi_systolic_0_ARLOCK' to 0.
WARNING: [RTGEN 206-101] Setting dangling out port 'mmult_Pipeline_1/m_axi_systolic_0_ARCACHE' to 0.
WARNING: [RTGEN 206-101] Setting dangling out port 'mmult_Pipeline_1/m_axi_systolic_0_ARPROT' to 0.
WARNING: [RTGEN 206-101] Setting dangling out port 'mmult_Pipeline_1/m_axi_systolic_0_ARQOS' to 0.
WARNING: [RTGEN 206-101] Setting dangling out port 'mmult_Pipeline_1/m_axi_systolic_0_ARREGION' to 0.
WARNING: [RTGEN 206-101] Setting dangling out port 'mmult_Pipeline_1/m_axi_systolic_0_ARUSER' to 0.
INFO: [RTGEN 206-100] Finished creating RTL model for 'mmult_Pipeline_1'.
INFO: [HLS 200-111] Finished Creating RTL model: CPU user time: 0.06 seconds. CPU system time: 0 seconds. Elapsed time: 0.06 seconds; current allocated memory: 307.215 MB.
INFO: [HLS 200-10] ----------------------------------------------------------------
INFO: [HLS 200-10] -- Generating RTL for module 'mmult_Pipeline_2' 
INFO: [HLS 200-10] ----------------------------------------------------------------
INFO: [HLS 200-1030] Apply Unified Pipeline Control on module 'mmult_Pipeline_2' pipeline 'Loop 1' pipeline type 'loop pipeline'
WARNING: [RTGEN 206-101] Setting dangling out port 'mmult_Pipeline_2/m_axi_systolic_0_ARVALID' to 0.
WARNING: [RTGEN 206-101] Setting dangling out port 'mmult_Pipeline_2/m_axi_systolic_0_ARADDR' to 0.
WARNING: [RTGEN 206-101] Setting dangling out port 'mmult_Pipeline_2/m_axi_systolic_0_ARID' to 0.
WARNING: [RTGEN 206-101] Setting dangling out port 'mmult_Pipeline_2/m_axi_systolic_0_ARLEN' to 0.
WARNING: [RTGEN 206-101] Setting dangling out port 'mmult_Pipeline_2/m_axi_systolic_0_ARSIZE' to 0.
WARNING: [RTGEN 206-101] Setting dangling out port 'mmult_Pipeline_2/m_axi_systolic_0_ARBURST' to 0.
WARNING: [RTGEN 206-101] Setting dangling out port 'mmult_Pipeline_2/m_axi_systolic_0_ARLOCK' to 0.
WARNING: [RTGEN 206-101] Setting dangling out port 'mmult_Pipeline_2/m_axi_systolic_0_ARCACHE' to 0.
WARNING: [RTGEN 206-101] Setting dangling out port 'mmult_Pipeline_2/m_axi_systolic_0_ARPROT' to 0.
WARNING: [RTGEN 206-101] Setting dangling out port 'mmult_Pipeline_2/m_axi_systolic_0_ARQOS' to 0.
WARNING: [RTGEN 206-101] Setting dangling out port 'mmult_Pipeline_2/m_axi_systolic_0_ARREGION' to 0.
WARNING: [RTGEN 206-101] Setting dangling out port 'mmult_Pipeline_2/m_axi_systolic_0_ARUSER' to 0.
INFO: [RTGEN 206-100] Finished creating RTL model for 'mmult_Pipeline_2'.
INFO: [HLS 200-111] Finished Creating RTL model: CPU user time: 0.05 seconds. CPU system time: 0.01 seconds. Elapsed time: 0.05 seconds; current allocated memory: 309.676 MB.
INFO: [HLS 200-10] ----------------------------------------------------------------
INFO: [HLS 200-10] -- Generating RTL for module 'mmult_Pipeline_systolic1' 
INFO: [HLS 200-10] ----------------------------------------------------------------
INFO: [HLS 200-1030] Apply Unified Pipeline Control on module 'mmult_Pipeline_systolic1' pipeline 'systolic1' pipeline type 'loop pipeline'
INFO: [RTGEN 206-104] Estimated max fanout for 'mmult_Pipeline_systolic1' is 8196 from HDL expression: (1'b0 == ap_block_pp0_stage0_11001)
INFO: [RTGEN 206-100] Generating core module 'mul_32s_32s_32_2_1': 256 instance(s).
INFO: [RTGEN 206-100] Finished creating RTL model for 'mmult_Pipeline_systolic1'.
INFO: [HLS 200-111] Finished Creating RTL model: CPU user time: 0.28 seconds. CPU system time: 0.01 seconds. Elapsed time: 0.37 seconds; current allocated memory: 331.676 MB.
INFO: [HLS 200-10] ----------------------------------------------------------------
INFO: [HLS 200-10] -- Generating RTL for module 'mmult_Pipeline_4' 
INFO: [HLS 200-10] ----------------------------------------------------------------
INFO: [HLS 200-1030] Apply Unified Pipeline Control on module 'mmult_Pipeline_4' pipeline 'Loop 1' pipeline type 'loop pipeline'
WARNING: [RTGEN 206-101] Setting dangling out port 'mmult_Pipeline_4/m_axi_systolic_0_AWVALID' to 0.
WARNING: [RTGEN 206-101] Setting dangling out port 'mmult_Pipeline_4/m_axi_systolic_0_AWADDR' to 0.
WARNING: [RTGEN 206-101] Setting dangling out port 'mmult_Pipeline_4/m_axi_systolic_0_AWID' to 0.
WARNING: [RTGEN 206-101] Setting dangling out port 'mmult_Pipeline_4/m_axi_systolic_0_AWLEN' to 0.
WARNING: [RTGEN 206-101] Setting dangling out port 'mmult_Pipeline_4/m_axi_systolic_0_AWSIZE' to 0.
WARNING: [RTGEN 206-101] Setting dangling out port 'mmult_Pipeline_4/m_axi_systolic_0_AWBURST' to 0.
WARNING: [RTGEN 206-101] Setting dangling out port 'mmult_Pipeline_4/m_axi_systolic_0_AWLOCK' to 0.
WARNING: [RTGEN 206-101] Setting dangling out port 'mmult_Pipeline_4/m_axi_systolic_0_AWCACHE' to 0.
WARNING: [RTGEN 206-101] Setting dangling out port 'mmult_Pipeline_4/m_axi_systolic_0_AWPROT' to 0.
WARNING: [RTGEN 206-101] Setting dangling out port 'mmult_Pipeline_4/m_axi_systolic_0_AWQOS' to 0.
WARNING: [RTGEN 206-101] Setting dangling out port 'mmult_Pipeline_4/m_axi_systolic_0_AWREGION' to 0.
WARNING: [RTGEN 206-101] Setting dangling out port 'mmult_Pipeline_4/m_axi_systolic_0_AWUSER' to 0.
WARNING: [RTGEN 206-101] Setting dangling out port 'mmult_Pipeline_4/m_axi_systolic_0_BREADY' to 0.
INFO: [RTGEN 206-100] Generating core module 'sparsemux_33_4_32_1_1': 17 instance(s).
INFO: [RTGEN 206-100] Finished creating RTL model for 'mmult_Pipeline_4'.
INFO: [HLS 200-111] Finished Creating RTL model: CPU user time: 0.56 seconds. CPU system time: 0.03 seconds. Elapsed time: 0.68 seconds; current allocated memory: 371.453 MB.
INFO: [HLS 200-10] ----------------------------------------------------------------
INFO: [HLS 200-10] -- Generating RTL for module 'mmult' 
INFO: [HLS 200-10] ----------------------------------------------------------------
WARNING: [RTGEN 206-101] Design contains AXI ports. Reset is fixed to synchronous and active low.
INFO: [RTGEN 206-500] Setting interface mode on port 'mmult/systolic' to 'm_axi'.
INFO: [RTGEN 206-500] Setting interface mode on port 'mmult/work_id_out_stream' to 'ap_fifo'.
INFO: [RTGEN 206-500] Setting interface mode on port 'mmult/a' to 'ap_none'.
INFO: [RTGEN 206-500] Setting interface mode on port 'mmult/b' to 'ap_none'.
INFO: [RTGEN 206-500] Setting interface mode on port 'mmult/c' to 'ap_none'.
INFO: [RTGEN 206-500] Setting interface mode on port 'mmult/a_row' to 'ap_vld'.
INFO: [RTGEN 206-500] Setting interface mode on port 'mmult/a_col' to 'ap_vld'.
INFO: [RTGEN 206-500] Setting interface mode on port 'mmult/b_col' to 'ap_vld'.
INFO: [RTGEN 206-500] Setting interface mode on port 'mmult/work_id' to 'ap_vld'.
INFO: [RTGEN 206-500] Setting interface mode on function 'mmult' to 'ap_ctrl_hs'.
INFO: [RTGEN 206-100] Finished creating RTL model for 'mmult'.
INFO: [RTMG 210-278] Implementing memory 'mmult_localA_RAM_AUTO_1R1W' using auto RAMs.
INFO: [HLS 200-111] Finished Creating RTL model: CPU user time: 0.12 seconds. CPU system time: 0.01 seconds. Elapsed time: 0.22 seconds; current allocated memory: 381.539 MB.
INFO: [HLS 200-111] Finished Generating all RTL models: CPU user time: 0.22 seconds. CPU system time: 0.01 seconds. Elapsed time: 0.23 seconds; current allocated memory: 390.941 MB.
INFO: [HLS 200-1603] Design has inferred MAXI bursts, see Vitis HLS GUI synthesis summary report for detailed information.
INFO: [HLS 200-111] Finished Updating report files: CPU user time: 0.31 seconds. CPU system time: 0.01 seconds. Elapsed time: 0.32 seconds; current allocated memory: 412.281 MB.
INFO: [VHDL 208-304] Generating VHDL RTL for mmult.
INFO: [VLOG 209-307] Generating Verilog RTL for mmult.
INFO: [HLS 200-790] **** Loop Constraint Status: All loop constraints were satisfied.
INFO: [HLS 200-789] **** Estimated Fmax: 342.47 MHz
INFO: [HLS 200-2161] Finished Command csynth_design Elapsed time: 00:00:12; Allocated memory: 215.891 MB.
