INFO-FLOW: Workspace /work/amotta/RecoNIC/shell/compute/lookside/cl_box/solution1 opened at Fri Nov 21 17:56:48 CET 2025
Execute       send_msg_by_id INFO @200-1505@%s%s  vivado 
INFO: [HLS 200-1505] Using flow_target 'vivado'
Execute     set_part xcvu11p-flga2577-1-e 
INFO: [HLS 200-1510] Running: set_part xcvu11p-flga2577-1-e 
Execute       create_platform xcvu11p-flga2577-1-e -board  
DBG:HLSDevice: Trying to load device library: /work/tools/Xilinx/Vitis/2024.2/lib/lnx64.o/libxv_hlsvwrap.so
DBG:HLSDevice: first parts/arch.xml in RDI_DATADIR: /work/tools/Xilinx/Vivado/2024.2/data/parts/arch.xml
DBG:HLSDevice: init success
INFO: [HLS 200-1611] Setting target device to 'xcvu11p-flga2577-1-e'
Command       create_platform done; 0.87 sec.
Execute       source /work/tools/Xilinx/Vitis/2024.2/common/technology/xilinx/common/xilinx.gen 
Execute         source /work/tools/Xilinx/Vitis/2024.2/common/technology/xilinx/interface/plb46.gen 
Execute         source /work/tools/Xilinx/Vitis/2024.2/common/technology/xilinx/interface/axi4.gen 
Execute         source /work/tools/Xilinx/Vitis/2024.2/common/technology/xilinx/interface/nativeAXI4.gen 
Execute           source /work/tools/Xilinx/Vitis/2024.2/common/technology/xilinx/interface/saxilite.gen 
Execute         source /work/tools/Xilinx/Vitis/2024.2/common/technology/xilinx/scripts/xilinxcoregen.gen 
Execute         source /work/tools/Xilinx/Vitis/2024.2/common/technology/xilinx/interface/XilEDKCoreGen.gen 
Execute         source /work/tools/Xilinx/Vitis/2024.2/common/technology/xilinx/ip/xfft.gen 
Execute         source /work/tools/Xilinx/Vitis/2024.2/common/technology/xilinx/ip/util.gen 
Execute         source /work/tools/Xilinx/Vitis/2024.2/common/technology/xilinx/ip/xfir.gen 
Execute         source /work/tools/Xilinx/Vitis/2024.2/common/technology/xilinx/ip/dds_compiler.gen 
Execute         source /work/tools/Xilinx/Vitis/2024.2/common/technology/xilinx/DSP48/dsp48.gen 
Command       ap_source done; 0.16 sec.
Execute       ap_part_info -name xcvu11p-flga2577-1-e -data info 
Execute       config_compile -quiet -complex-mul-dsp=0 
Command     set_part done; 1.03 sec.
Execute     create_clock -period 4 -name default 
INFO: [HLS 200-1510] Running: create_clock -period 4 -name default 
Execute       ap_set_clock -name default -period 4 -unit ns -default=false 
INFO: [SYN 201-201] Setting up clock 'default' with a period of 4ns.
Execute     csim_design 
INFO: [HLS 200-1510] Running: csim_design 
Execute       ::AP::init_summary_file csim 
INFO-FLOW: Running SLX 'csim' proc: ::SLX::run_csim
INFO: [SIM 211-2] *************** CSIM start ***************
INFO: [SIM 211-4] CSIM will launch CLANG as the compiler.
Execute       send_msg_by_id INFO @200-2036@%s debug 
INFO: [HLS 200-2036] Building debug C Simulation binaries
Execute       source /work/tools/Xilinx/Vitis/2024.2/tps/tcl/tcllib1.11.1/yaml/huddle.tcl 
Execute       source /work/tools/Xilinx/Vitis/2024.2/tps/tcl/tcllib1.11.1/yaml/json2huddle.tcl 
Execute         source /work/tools/Xilinx/Vitis/2024.2/tps/tcl/tcllib1.11.1/try/try.tcl 
Execute       ap_part_info -name xcvu11p-flga2577-1-e -data info 
Execute       source run_sim.tcl 
INFO: [SIM 211-1] CSim done with 0 errors.
INFO: [SIM 211-3] *************** CSIM finish ***************
Command     csim_design done; 5.86 sec.
INFO: [HLS 200-2161] Finished Command csim_design Elapsed time: 00:00:05; Allocated memory: 0.191 MB.
Execute     csynth_design 
INFO: [HLS 200-1510] Running: csynth_design 
Execute       ::AP::init_summary_file csynth 
INFO-FLOW: Running SLX 'csynth' proc: ::SLX::run_csynth
Execute       elaborate -effort=medium -skip_syncheck=0 -keep_printf=0 -skip_cdt=0 -skip_transform=0 -ng=0 -g=0 -opt_fp=0 -from_csynth_design=1 
INFO: [HLS 200-111] Finished File checks and directory preparation: CPU user time: 0.04 seconds. CPU system time: 0.01 seconds. Elapsed time: 0.04 seconds; current allocated memory: 196.715 MB.
Execute         set_directive_top cl_box -name=cl_box 
INFO: [HLS 200-10] Analyzing design file 'cl_box.cpp' ... 
INFO-FLOW: Compiling one TU...
INFO-FLOW: Handling cl_box.cpp as C++
Execute         ap_part_info -name xcvu11p-flga2577-1-e -data info 
INFO-FLOW: Running: GCC PP 39
INFO-FLOW: Source preprocessing
INFO-FLOW: run_clang exec: /work/tools/Xilinx/Vitis/2024.2/lnx64/tools/clang-3.9-csynth/bin/clang cl_box.cpp -foptimization-record-file=/work/amotta/RecoNIC/shell/compute/lookside/cl_box/solution1/.autopilot/db/cl_box.cpp.clang.diag.yml -mllvm -pass-remarks-missed=reflow|pasta|unroll|inline -mllvm -pass-remarks=reflow|pasta|unroll|inline -fno-limit-debug-info --gcc-toolchain=/work/tools/Xilinx/Vivado/2024.2/tps/lnx64/gcc-8.3.0 -fhls -fno-exceptions -insert-hls-directive=/work/amotta/RecoNIC/shell/compute/lookside/cl_box/solution1/.autopilot/db/all.directive.json -E -fno-math-errno -c -emit-llvm -mllvm -disable-llvm-optzns -Werror=implicit-function-declaration -Werror=implicit-hls-streams -Werror=return-type -Wpragmas -Wunused-parameter -Wdump-hls-pragmas -Wno-error=dump-hls-pragmas -hls-clock-period=4 -fno-threadsafe-statics -fno-use-cxa-atexit -std=gnu++14 -target fpga64-xilinx-linux-gnu -fno-threadsafe-statics -fno-use-cxa-atexit -D__VITIS_HLS__ -DAESL_SYN -D__SYNTHESIS__ -D__HLS_SYN__ -I /work/tools/Xilinx/Vitis/2024.2/common/technology/autopilot -I /work/tools/Xilinx/Vitis/2024.2/common/technology/autopilot/ap_sysc -include etc/autopilot_ssdm_op.h -D__DSP48E2__ -I /usr/include/x86_64-linux-gnu -o /work/amotta/RecoNIC/shell/compute/lookside/cl_box/solution1/.autopilot/db/cl_box.pp.0.cpp -hls-platform-db-name=/work/tools/Xilinx/Vitis/2024.2/common/technology/xilinx/common/platform.db -hls-platform-name=virtexuplus_slow -device-resource-info=BRAM_4032.000000_DSP_9216.000000_FF_2592000.000000_LUT_1296000.000000_SLICE_162000.000000_SLR_3.000000_URAM_960.000000 -device-name-info=xcvu11p-flga2577-1-e > /work/amotta/RecoNIC/shell/compute/lookside/cl_box/solution1/.autopilot/db/cl_box.cpp.clang.out.log 2> /work/amotta/RecoNIC/shell/compute/lookside/cl_box/solution1/.autopilot/db/cl_box.cpp.clang.err.log
INFO-FLOW: Done: GCC PP 39 time: 0.8 seconds per iteration
INFO-FLOW: Source syntax check for synthesis
INFO-FLOW: run_clang exec: /work/tools/Xilinx/Vitis/2024.2/lnx64/tools/clang-3.9-csynth/bin/clang -foptimization-record-file=/work/amotta/RecoNIC/shell/compute/lookside/cl_box/solution1/.autopilot/db/clang.diag.yml -mllvm -pass-remarks-missed=reflow|pasta|unroll|inline -mllvm -pass-remarks=reflow|pasta|unroll|inline -fsyntax-only -fhls -target fpga64-xilinx-linux-gnu /work/amotta/RecoNIC/shell/compute/lookside/cl_box/solution1/.autopilot/db/cl_box.pp.0.cpp -hls-platform-db-name=/work/tools/Xilinx/Vitis/2024.2/common/technology/xilinx/common/platform.db -hls-platform-name=virtexuplus_slow -device-resource-info=BRAM_4032.000000_DSP_9216.000000_FF_2592000.000000_LUT_1296000.000000_SLICE_162000.000000_SLR_3.000000_URAM_960.000000 -device-name-info=xcvu11p-flga2577-1-e > /work/amotta/RecoNIC/shell/compute/lookside/cl_box/solution1/.autopilot/db/clang.out.log 2> /work/amotta/RecoNIC/shell/compute/lookside/cl_box/solution1/.autopilot/db/clang.err.log
Execute         clang_tidy xilinx-systemc-detector -desc systemc-detector /work/amotta/RecoNIC/shell/compute/lookside/cl_box/solution1/.autopilot/db/cl_box.pp.0.cpp std=gnu++14 -target fpga  -directive=/work/amotta/RecoNIC/shell/compute/lookside/cl_box/solution1/.autopilot/db/.systemc_flag 
INFO-FLOW: exec /work/tools/Xilinx/Vitis/2024.2/lnx64/tools/clang-3.9-csynth/bin/clang-tidy -header-filter=.* --checks=-*,xilinx-systemc-detector -import-directive=/work/amotta/RecoNIC/shell/compute/lookside/cl_box/solution1/.autopilot/db/.systemc_flag -fix-errors /work/amotta/RecoNIC/shell/compute/lookside/cl_box/solution1/.autopilot/db/cl_box.pp.0.cpp -- -std=gnu++14 -target fpga -fhls -ferror-limit=0
Command         clang_tidy done; 0.41 sec.
INFO-FLOW: Running: clang-tidy CDT preprocess 39
Execute         clang_tidy xilinx-directive2pragma -desc directive2pragma /work/amotta/RecoNIC/shell/compute/lookside/cl_box/solution1/.autopilot/db/cl_box.pp.0.cpp std=gnu++14 -target fpga  -directive=/work/amotta/RecoNIC/shell/compute/lookside/cl_box/solution1/.autopilot/db/all.directive.json 
INFO-FLOW: exec /work/tools/Xilinx/Vitis/2024.2/lnx64/tools/clang-3.9-csynth/bin/clang-tidy -header-filter=.* --checks=-*,xilinx-directive2pragma -import-directive=/work/amotta/RecoNIC/shell/compute/lookside/cl_box/solution1/.autopilot/db/all.directive.json -fix-errors /work/amotta/RecoNIC/shell/compute/lookside/cl_box/solution1/.autopilot/db/cl_box.pp.0.cpp -- -std=gnu++14 -target fpga -fhls -ferror-limit=0
INFO-FLOW: Done: clang-tidy CDT preprocess 39 time: 0 seconds per iteration
INFO-FLOW: Calling xilinx-label-all-loops ... 
INFO-FLOW: Calling xilinx-aggregate-on-hls-vector ... 
Execute         clang_tidy -errorcheck -desc loop-label xilinx-label-all-loops,xilinx-aggregate-on-hls-vector,,xilinx-warn-mayneed-no-ctor-attribute /work/amotta/RecoNIC/shell/compute/lookside/cl_box/solution1/.autopilot/db/cl_box.pp.0.cpp std=gnu++14 -target fpga  
INFO-FLOW: run_clang exec: /work/tools/Xilinx/Vitis/2024.2/lnx64/tools/clang-3.9-csynth/bin/clang-tidy -export-fixes=/work/amotta/RecoNIC/shell/compute/lookside/cl_box/solution1/.autopilot/db/cl_box.pp.0.cpp.clang-tidy.loop-label.diag.yml -header-filter=.* --checks=-*,xilinx-label-all-loops,xilinx-aggregate-on-hls-vector,,xilinx-warn-mayneed-no-ctor-attribute -fix-errors /work/amotta/RecoNIC/shell/compute/lookside/cl_box/solution1/.autopilot/db/cl_box.pp.0.cpp -- -std=gnu++14 -target fpga -fhls -ferror-limit=0 > /work/amotta/RecoNIC/shell/compute/lookside/cl_box/solution1/.autopilot/db/cl_box.pp.0.cpp.clang-tidy.loop-label.out.log 2> /work/amotta/RecoNIC/shell/compute/lookside/cl_box/solution1/.autopilot/db/cl_box.pp.0.cpp.clang-tidy.loop-label.err.log
Execute           source /work/tools/Xilinx/Vitis/2024.2/tps/tcl/tcllib1.11.1/yaml/yaml.tcl 
INFO-FLOW: run_clang exec: /work/tools/Xilinx/Vitis/2024.2/lnx64/tools/clang-3.9-csynth/bin/xilinx-dataflow-lawyer -export-fixes=/work/amotta/RecoNIC/shell/compute/lookside/cl_box/solution1/.autopilot/db/cl_box.pp.0.cpp.xilinx-dataflow-lawyer.diag.yml /work/amotta/RecoNIC/shell/compute/lookside/cl_box/solution1/.autopilot/db/cl_box.pp.0.cpp -- -std=gnu++14 -target fpga -fhls -ferror-limit=0 -fstrict-dataflow > /work/amotta/RecoNIC/shell/compute/lookside/cl_box/solution1/.autopilot/db/cl_box.pp.0.cpp.xilinx-dataflow-lawyer.out.log 2> /work/amotta/RecoNIC/shell/compute/lookside/cl_box/solution1/.autopilot/db/cl_box.pp.0.cpp.xilinx-dataflow-lawyer.err.log
Execute         ap_part_info -name xcvu11p-flga2577-1-e -data info 
INFO-FLOW: compiling source code to llvm bc
INFO-FLOW: run_clang exec: /work/tools/Xilinx/Vitis/2024.2/lnx64/tools/clang-3.9-csynth/bin/clang -foptimization-record-file=/work/amotta/RecoNIC/shell/compute/lookside/cl_box/solution1/.autopilot/db/cl_box.pp.0.cpp.clang.diag.yml -mllvm -pass-remarks-missed=reflow|pasta|unroll|inline -mllvm -pass-remarks=reflow|pasta|unroll|inline -fno-limit-debug-info -fhls -flto -fno-exceptions -Wno-error=c++11-narrowing -hls-emit-hint-scope /work/amotta/RecoNIC/shell/compute/lookside/cl_box/solution1/.autopilot/db/cl_box.pp.0.cpp -fno-math-errno -c -emit-llvm -mllvm -disable-llvm-optzns -Werror=implicit-function-declaration -Werror=implicit-hls-streams -Werror=return-type -Wpragmas -Wunused-parameter -Wdump-hls-pragmas -Wno-error=dump-hls-pragmas -hls-clock-period=4 -fno-threadsafe-statics -fno-use-cxa-atexit -std=gnu++14 -target fpga64-xilinx-linux-gnu -D__VITIS_HLS__ -DAESL_SYN -D__SYNTHESIS__ -D__HLS_SYN__ -I /work/tools/Xilinx/Vitis/2024.2/common/technology/autopilot -I /work/tools/Xilinx/Vitis/2024.2/common/technology/autopilot/ap_sysc -include etc/autopilot_ssdm_op.h -D__DSP48E2__ -g -o /work/amotta/RecoNIC/shell/compute/lookside/cl_box/solution1/.autopilot/db/cl_box.bc -hls-platform-db-name=/work/tools/Xilinx/Vitis/2024.2/common/technology/xilinx/common/platform.db -hls-platform-name=virtexuplus_slow -device-resource-info=BRAM_4032.000000_DSP_9216.000000_FF_2592000.000000_LUT_1296000.000000_SLICE_162000.000000_SLR_3.000000_URAM_960.000000 -device-name-info=xcvu11p-flga2577-1-e > /work/amotta/RecoNIC/shell/compute/lookside/cl_box/solution1/.autopilot/db/cl_box.pp.0.cpp.clang.out.log 2> /work/amotta/RecoNIC/shell/compute/lookside/cl_box/solution1/.autopilot/db/cl_box.pp.0.cpp.clang.err.log
INFO: [HLS 200-111] Finished Source Code Analysis and Preprocessing: CPU user time: 0.12 seconds. CPU system time: 0.18 seconds. Elapsed time: 1.81 seconds; current allocated memory: 198.711 MB.
INFO-FLOW: Linking Debug ...
INFO-FLOW: Linking dut bc code.
Execute         run_link_or_opt -out /work/amotta/RecoNIC/shell/compute/lookside/cl_box/solution1/.autopilot/db/a.g.ld.0.bc -args  "/work/amotta/RecoNIC/shell/compute/lookside/cl_box/solution1/.autopilot/db/cl_box.g.bc"  
INFO-FLOW: run_clang exec: /work/tools/Xilinx/Vitis/2024.2/lnx64/tools/clang-3.9-csynth/bin/llvm-link /work/amotta/RecoNIC/shell/compute/lookside/cl_box/solution1/.autopilot/db/cl_box.g.bc -o /work/amotta/RecoNIC/shell/compute/lookside/cl_box/solution1/.autopilot/db/a.g.ld.0.bc > /work/amotta/RecoNIC/shell/compute/lookside/cl_box/solution1/.autopilot/db/a.g.ld.0.bc.llvm-link.out.log 2> /work/amotta/RecoNIC/shell/compute/lookside/cl_box/solution1/.autopilot/db/a.g.ld.0.bc.llvm-link.err.log
Execute         run_link_or_opt -opt -out /work/amotta/RecoNIC/shell/compute/lookside/cl_box/solution1/.autopilot/db/a.g.ld.1.lower.bc -args /work/amotta/RecoNIC/shell/compute/lookside/cl_box/solution1/.autopilot/db/a.g.ld.0.bc -reflow-lower-math-intrinsics 
INFO-FLOW: run_clang exec: /work/tools/Xilinx/Vitis/2024.2/lnx64/tools/clang-3.9-csynth/bin/opt -pass-remarks-missed=reflow|pasta|unroll|inline -pass-remarks=reflow|pasta|unroll|inline -pass-remarks-output=/work/amotta/RecoNIC/shell/compute/lookside/cl_box/solution1/.autopilot/db/a.g.ld.1.lower.bc.opt.diag.yml /work/amotta/RecoNIC/shell/compute/lookside/cl_box/solution1/.autopilot/db/a.g.ld.0.bc -reflow-lower-math-intrinsics -o /work/amotta/RecoNIC/shell/compute/lookside/cl_box/solution1/.autopilot/db/a.g.ld.1.lower.bc > /work/amotta/RecoNIC/shell/compute/lookside/cl_box/solution1/.autopilot/db/a.g.ld.1.lower.bc.opt.out.log 2> /work/amotta/RecoNIC/shell/compute/lookside/cl_box/solution1/.autopilot/db/a.g.ld.1.lower.bc.opt.err.log
INFO-FLOW: Running: gen_design_size_report post-opt
INFO-FLOW: Done: gen_design_size_report post-opt time: 0 seconds per iteration
Command         run_link_or_opt done; 0.59 sec.
INFO-FLOW: Linking math bc lib
Execute         run_link_or_opt -out /work/amotta/RecoNIC/shell/compute/lookside/cl_box/solution1/.autopilot/db/a.g.ld.2.m1.bc -args /work/amotta/RecoNIC/shell/compute/lookside/cl_box/solution1/.autopilot/db/a.g.ld.1.lower.bc -only-needed /work/tools/Xilinx/Vitis/2024.2/lnx64/lib/libhlsm_39.bc /work/tools/Xilinx/Vitis/2024.2/lnx64/lib/libhlsmc++_39.bc 
INFO-FLOW: run_clang exec: /work/tools/Xilinx/Vitis/2024.2/lnx64/tools/clang-3.9-csynth/bin/llvm-link /work/amotta/RecoNIC/shell/compute/lookside/cl_box/solution1/.autopilot/db/a.g.ld.1.lower.bc -only-needed /work/tools/Xilinx/Vitis/2024.2/lnx64/lib/libhlsm_39.bc /work/tools/Xilinx/Vitis/2024.2/lnx64/lib/libhlsmc++_39.bc -o /work/amotta/RecoNIC/shell/compute/lookside/cl_box/solution1/.autopilot/db/a.g.ld.2.m1.bc > /work/amotta/RecoNIC/shell/compute/lookside/cl_box/solution1/.autopilot/db/a.g.ld.2.m1.bc.llvm-link.out.log 2> /work/amotta/RecoNIC/shell/compute/lookside/cl_box/solution1/.autopilot/db/a.g.ld.2.m1.bc.llvm-link.err.log
Command         run_link_or_opt done; 1.07 sec.
Execute         run_link_or_opt -opt -out /work/amotta/RecoNIC/shell/compute/lookside/cl_box/solution1/.autopilot/db/a.g.ld.3.fpc.bc -args /work/amotta/RecoNIC/shell/compute/lookside/cl_box/solution1/.autopilot/db/a.g.ld.2.m1.bc -reflow-globaldce -hls-top-function-name=cl_box -reflow-float-conversion 
INFO-FLOW: run_clang exec: /work/tools/Xilinx/Vitis/2024.2/lnx64/tools/clang-3.9-csynth/bin/opt -pass-remarks-missed=reflow|pasta|unroll|inline -pass-remarks=reflow|pasta|unroll|inline -pass-remarks-output=/work/amotta/RecoNIC/shell/compute/lookside/cl_box/solution1/.autopilot/db/a.g.ld.3.fpc.bc.opt.diag.yml /work/amotta/RecoNIC/shell/compute/lookside/cl_box/solution1/.autopilot/db/a.g.ld.2.m1.bc -reflow-globaldce -hls-top-function-name=cl_box -reflow-float-conversion -o /work/amotta/RecoNIC/shell/compute/lookside/cl_box/solution1/.autopilot/db/a.g.ld.3.fpc.bc > /work/amotta/RecoNIC/shell/compute/lookside/cl_box/solution1/.autopilot/db/a.g.ld.3.fpc.bc.opt.out.log 2> /work/amotta/RecoNIC/shell/compute/lookside/cl_box/solution1/.autopilot/db/a.g.ld.3.fpc.bc.opt.err.log
INFO-FLOW: Running: gen_design_size_report post-opt
INFO-FLOW: Done: gen_design_size_report post-opt time: 0 seconds per iteration
Command         run_link_or_opt done; 0.32 sec.
Execute         run_link_or_opt -out /work/amotta/RecoNIC/shell/compute/lookside/cl_box/solution1/.autopilot/db/a.g.ld.4.m2.bc -args /work/amotta/RecoNIC/shell/compute/lookside/cl_box/solution1/.autopilot/db/a.g.ld.3.fpc.bc -only-needed /work/tools/Xilinx/Vitis/2024.2/lnx64/lib/libfloatconversion_39.bc 
INFO-FLOW: run_clang exec: /work/tools/Xilinx/Vitis/2024.2/lnx64/tools/clang-3.9-csynth/bin/llvm-link /work/amotta/RecoNIC/shell/compute/lookside/cl_box/solution1/.autopilot/db/a.g.ld.3.fpc.bc -only-needed /work/tools/Xilinx/Vitis/2024.2/lnx64/lib/libfloatconversion_39.bc -o /work/amotta/RecoNIC/shell/compute/lookside/cl_box/solution1/.autopilot/db/a.g.ld.4.m2.bc > /work/amotta/RecoNIC/shell/compute/lookside/cl_box/solution1/.autopilot/db/a.g.ld.4.m2.bc.llvm-link.out.log 2> /work/amotta/RecoNIC/shell/compute/lookside/cl_box/solution1/.autopilot/db/a.g.ld.4.m2.bc.llvm-link.err.log
Execute         run_link_or_opt -opt -out /work/amotta/RecoNIC/shell/compute/lookside/cl_box/solution1/.autopilot/db/a.g.ld.5.gdce.bc -args /work/amotta/RecoNIC/shell/compute/lookside/cl_box/solution1/.autopilot/db/a.g.ld.4.m2.bc -reflow-globaldce -hls-top-function-name=cl_box 
INFO-FLOW: run_clang exec: /work/tools/Xilinx/Vitis/2024.2/lnx64/tools/clang-3.9-csynth/bin/opt -pass-remarks-missed=reflow|pasta|unroll|inline -pass-remarks=reflow|pasta|unroll|inline -pass-remarks-output=/work/amotta/RecoNIC/shell/compute/lookside/cl_box/solution1/.autopilot/db/a.g.ld.5.gdce.bc.opt.diag.yml /work/amotta/RecoNIC/shell/compute/lookside/cl_box/solution1/.autopilot/db/a.g.ld.4.m2.bc -reflow-globaldce -hls-top-function-name=cl_box -o /work/amotta/RecoNIC/shell/compute/lookside/cl_box/solution1/.autopilot/db/a.g.ld.5.gdce.bc > /work/amotta/RecoNIC/shell/compute/lookside/cl_box/solution1/.autopilot/db/a.g.ld.5.gdce.bc.opt.out.log 2> /work/amotta/RecoNIC/shell/compute/lookside/cl_box/solution1/.autopilot/db/a.g.ld.5.gdce.bc.opt.err.log
INFO-FLOW: Running: gen_design_size_report post-opt
INFO-FLOW: Done: gen_design_size_report post-opt time: 0 seconds per iteration
Execute         send_msg_by_id INFO @200-777@%s Vivado 
INFO: [HLS 200-777] Using interface defaults for 'Vivado' flow target.
Execute         is_m_axi_addr64 
INFO-FLOW: Doing LTO.
INFO-FLOW: run_clang (background poll_ms 5000) exec: /work/tools/Xilinx/Vitis/2024.2/lnx64/tools/clang-3.9-csynth/bin/clang -foptimization-record-file=/work/amotta/RecoNIC/shell/compute/lookside/cl_box/solution1/.autopilot/db/a.g.ld.0.bc.clang.reflow.diag.yml -mllvm -pass-remarks-missed=reflow|pasta|unroll|inline -mllvm -pass-remarks=reflow|pasta|unroll|inline -fhls -mllvm -hls-top-function-name=cl_box -mllvm -hls-db-dir -mllvm /work/amotta/RecoNIC/shell/compute/lookside/cl_box/solution1/.autopilot/db -emit-llvm -c -target fpga64-xilinx-none -mllvm -xcl-xmlinfo=/work/amotta/RecoNIC/shell/compute/lookside/cl_box/solution1/.autopilot/db/kernel.internal.xml -mllvm -top-io-mapping-info=/work/amotta/RecoNIC/shell/compute/lookside/cl_box/solution1/.autopilot/db/top-io-fe.xml -mllvm -hls-bitcode-version=3.1 -mllvm -reflow-enable-slave-interface-default-setting=true -mllvm -gen-kernel-xml=false -mllvm -default-maxi-offset=slave -mllvm -maxi-latency=0 -mllvm -hls-maxi-data-size-in-bits=8 -mllvm -hls-maxi-max-data-size-in-bits=1024 -mllvm -hls-max-widen-size-in-bits=0 -mllvm -xcl-kernel-max-mem-ports=0 -mllvm -maxi-read-trans=16 -mllvm -maxi-write-trans=16 -mllvm -maxi-read-burst-len=16 -mllvm -maxi-write-burst-len=16 -mllvm -reflow-enable-saxi-64bits=0 -mllvm -reflow-basic-block-instr-threshold=200000 -mllvm -reflow-auto-pipeline-threshold=64 -mllvm -reflow-enable-maxi-auto-id-channel=0 -mllvm -reflow-bdd-simplify-threshold=1048576 -mllvm -reflow-fanout-threshold=16 -mllvm -reflow-complete-threshold=4 -mllvm -reflow-array-promotion-threshold=64 -mllvm -assume-maxi-align=1 -mllvm -reflow-enable-dataflow-strict-mode-checking=1 -ftime-report -mllvm -time-passes -mllvm -reflow-auto-array-partition-mode=default -mllvm -reflow-enable-auto-small-array-partition=true -mllvm -reflow-enable-auto-array-promotion=true -mllvm -reflow-enable-auto-array-partition-for-flatten=true -mllvm -reflow-enable-auto-parallel-performance-driven=true -mllvm -reflow-enable-partition-for-automation=true -mllvm -reflow-aggregate-bitwidth-threshold=4096 -mllvm -reflow-reserved-saxilite-registers=0 -mllvm -enable-reflow-auto-loop-pipeline -mllvm -reflow-max-unroll-threshold=409600 -mllvm -auto-unroll-tripcount-threshold=0 -mllvm -reflow-assume-no-address-wrap=true -mllvm -reflow-enable-occurrence-inference=true -mllvm -reflow-emit-hint-scope=true -mllvm -reflow-enable-codegen-with-if=true -mllvm -reflow-enable-dataflow-canon=true -mllvm -reflow-enable-dataflow-canon2=true -mllvm -hls -mllvm -disable-inlined-alloca-merging=true -mllvm -default-clock-period=4 -mllvm -use_read_first_ram_in_loop=1 -mllvm -default-clock-uncertainty=1.08 -x ir /work/amotta/RecoNIC/shell/compute/lookside/cl_box/solution1/.autopilot/db/a.g.ld.5.gdce.bc -o /work/amotta/RecoNIC/shell/compute/lookside/cl_box/solution1/.autopilot/db/a.g.lto.bc -hls-platform-db-name=/work/tools/Xilinx/Vitis/2024.2/common/technology/xilinx/common/platform.db -hls-platform-name=virtexuplus_slow -device-resource-info=BRAM_4032.000000_DSP_9216.000000_FF_2592000.000000_LUT_1296000.000000_SLICE_162000.000000_SLR_3.000000_URAM_960.000000 -device-name-info=xcvu11p-flga2577-1-e 2> /work/amotta/RecoNIC/shell/compute/lookside/cl_box/solution1/.autopilot/db/a.g.ld.0.bc.clang.reflow.err.log bg_poll_cmd: ::AP::poll_clang_39_closed_source
Execute         send_msg_by_id INFO @200-1995@%s%s%s 74 Compile/Link /work/amotta/RecoNIC/shell/compute/lookside/cl_box/solution1/syn/report/csynth_design_size.rpt 
INFO: [HLS 200-1995] There were 74 instructions in the design after the 'Compile/Link' phase of compilation. See the Design Size Report for more details: /work/amotta/RecoNIC/shell/compute/lookside/cl_box/solution1/syn/report/csynth_design_size.rpt
Execute         send_msg_by_id INFO @200-1995@%s%s%s 54 Unroll/Inline (step 1) /work/amotta/RecoNIC/shell/compute/lookside/cl_box/solution1/syn/report/csynth_design_size.rpt 
INFO: [HLS 200-1995] There were 54 instructions in the design after the 'Unroll/Inline (step 1)' phase of compilation. See the Design Size Report for more details: /work/amotta/RecoNIC/shell/compute/lookside/cl_box/solution1/syn/report/csynth_design_size.rpt
Execute         send_msg_by_id INFO @200-1995@%s%s%s 45 Unroll/Inline (step 2) /work/amotta/RecoNIC/shell/compute/lookside/cl_box/solution1/syn/report/csynth_design_size.rpt 
INFO: [HLS 200-1995] There were 45 instructions in the design after the 'Unroll/Inline (step 2)' phase of compilation. See the Design Size Report for more details: /work/amotta/RecoNIC/shell/compute/lookside/cl_box/solution1/syn/report/csynth_design_size.rpt
Execute         send_msg_by_id INFO @200-1995@%s%s%s 45 Unroll/Inline (step 3) /work/amotta/RecoNIC/shell/compute/lookside/cl_box/solution1/syn/report/csynth_design_size.rpt 
INFO: [HLS 200-1995] There were 45 instructions in the design after the 'Unroll/Inline (step 3)' phase of compilation. See the Design Size Report for more details: /work/amotta/RecoNIC/shell/compute/lookside/cl_box/solution1/syn/report/csynth_design_size.rpt
Execute         send_msg_by_id INFO @200-1995@%s%s%s 45 Unroll/Inline (step 4) /work/amotta/RecoNIC/shell/compute/lookside/cl_box/solution1/syn/report/csynth_design_size.rpt 
INFO: [HLS 200-1995] There were 45 instructions in the design after the 'Unroll/Inline (step 4)' phase of compilation. See the Design Size Report for more details: /work/amotta/RecoNIC/shell/compute/lookside/cl_box/solution1/syn/report/csynth_design_size.rpt
Execute         send_msg_by_id INFO @200-1995@%s%s%s 46 Array/Struct (step 1) /work/amotta/RecoNIC/shell/compute/lookside/cl_box/solution1/syn/report/csynth_design_size.rpt 
INFO: [HLS 200-1995] There were 46 instructions in the design after the 'Array/Struct (step 1)' phase of compilation. See the Design Size Report for more details: /work/amotta/RecoNIC/shell/compute/lookside/cl_box/solution1/syn/report/csynth_design_size.rpt
Execute         send_msg_by_id INFO @200-1995@%s%s%s 46 Array/Struct (step 2) /work/amotta/RecoNIC/shell/compute/lookside/cl_box/solution1/syn/report/csynth_design_size.rpt 
INFO: [HLS 200-1995] There were 46 instructions in the design after the 'Array/Struct (step 2)' phase of compilation. See the Design Size Report for more details: /work/amotta/RecoNIC/shell/compute/lookside/cl_box/solution1/syn/report/csynth_design_size.rpt
Execute         send_msg_by_id INFO @200-1995@%s%s%s 46 Array/Struct (step 3) /work/amotta/RecoNIC/shell/compute/lookside/cl_box/solution1/syn/report/csynth_design_size.rpt 
INFO: [HLS 200-1995] There were 46 instructions in the design after the 'Array/Struct (step 3)' phase of compilation. See the Design Size Report for more details: /work/amotta/RecoNIC/shell/compute/lookside/cl_box/solution1/syn/report/csynth_design_size.rpt
Execute         send_msg_by_id INFO @200-1995@%s%s%s 46 Array/Struct (step 4) /work/amotta/RecoNIC/shell/compute/lookside/cl_box/solution1/syn/report/csynth_design_size.rpt 
INFO: [HLS 200-1995] There were 46 instructions in the design after the 'Array/Struct (step 4)' phase of compilation. See the Design Size Report for more details: /work/amotta/RecoNIC/shell/compute/lookside/cl_box/solution1/syn/report/csynth_design_size.rpt
Execute         send_msg_by_id INFO @200-1995@%s%s%s 46 Array/Struct (step 5) /work/amotta/RecoNIC/shell/compute/lookside/cl_box/solution1/syn/report/csynth_design_size.rpt 
INFO: [HLS 200-1995] There were 46 instructions in the design after the 'Array/Struct (step 5)' phase of compilation. See the Design Size Report for more details: /work/amotta/RecoNIC/shell/compute/lookside/cl_box/solution1/syn/report/csynth_design_size.rpt
Execute         send_msg_by_id INFO @200-1995@%s%s%s 46 Performance (step 1) /work/amotta/RecoNIC/shell/compute/lookside/cl_box/solution1/syn/report/csynth_design_size.rpt 
INFO: [HLS 200-1995] There were 46 instructions in the design after the 'Performance (step 1)' phase of compilation. See the Design Size Report for more details: /work/amotta/RecoNIC/shell/compute/lookside/cl_box/solution1/syn/report/csynth_design_size.rpt
Execute         send_msg_by_id INFO @200-1995@%s%s%s 46 Performance (step 2) /work/amotta/RecoNIC/shell/compute/lookside/cl_box/solution1/syn/report/csynth_design_size.rpt 
INFO: [HLS 200-1995] There were 46 instructions in the design after the 'Performance (step 2)' phase of compilation. See the Design Size Report for more details: /work/amotta/RecoNIC/shell/compute/lookside/cl_box/solution1/syn/report/csynth_design_size.rpt
Execute         send_msg_by_id INFO @200-1995@%s%s%s 46 Performance (step 3) /work/amotta/RecoNIC/shell/compute/lookside/cl_box/solution1/syn/report/csynth_design_size.rpt 
INFO: [HLS 200-1995] There were 46 instructions in the design after the 'Performance (step 3)' phase of compilation. See the Design Size Report for more details: /work/amotta/RecoNIC/shell/compute/lookside/cl_box/solution1/syn/report/csynth_design_size.rpt
Execute         send_msg_by_id INFO @200-1995@%s%s%s 46 Performance (step 4) /work/amotta/RecoNIC/shell/compute/lookside/cl_box/solution1/syn/report/csynth_design_size.rpt 
INFO: [HLS 200-1995] There were 46 instructions in the design after the 'Performance (step 4)' phase of compilation. See the Design Size Report for more details: /work/amotta/RecoNIC/shell/compute/lookside/cl_box/solution1/syn/report/csynth_design_size.rpt
Execute         send_msg_by_id INFO @200-1995@%s%s%s 63 HW Transforms (step 1) /work/amotta/RecoNIC/shell/compute/lookside/cl_box/solution1/syn/report/csynth_design_size.rpt 
INFO: [HLS 200-1995] There were 63 instructions in the design after the 'HW Transforms (step 1)' phase of compilation. See the Design Size Report for more details: /work/amotta/RecoNIC/shell/compute/lookside/cl_box/solution1/syn/report/csynth_design_size.rpt
Execute         send_msg_by_id INFO @200-1995@%s%s%s 71 HW Transforms (step 2) /work/amotta/RecoNIC/shell/compute/lookside/cl_box/solution1/syn/report/csynth_design_size.rpt 
INFO: [HLS 200-1995] There were 71 instructions in the design after the 'HW Transforms (step 2)' phase of compilation. See the Design Size Report for more details: /work/amotta/RecoNIC/shell/compute/lookside/cl_box/solution1/syn/report/csynth_design_size.rpt
INFO: [HLS 214-415] Performing recursive inline in function 'cl_box' (cl_box.cpp:48:9)
INFO: [HLS 214-131] Inlining function 'parse_ctl_cmd(hls::stream<unsigned int, 0>&, int&, int&, int&, int&, int&, int&, int&) (.1)' into 'cl_box(hls::stream<unsigned int, 0>&, int&, int&, int&, int&, int&, int&, int&)' (cl_box.cpp:54:5)
INFO: [HLS 214-376] automatically set the pipeline for Loop< unknown> at  
INFO: [HLS 214-376] automatically set the pipeline for Loop< VITIS_LOOP_22_1> at cl_box.cpp:22:22 
INFO-FLOW: DBG:PUTS: copy_raw_kernel_xml ap_link_39: kernel.xml not generated: /work/amotta/RecoNIC/shell/compute/lookside/cl_box/solution1/.autopilot/db/kernel.internal.xml
INFO: [HLS 200-111] Finished Compiling Optimization and Transform: CPU user time: 1.18 seconds. CPU system time: 0.19 seconds. Elapsed time: 7.12 seconds; current allocated memory: 208.316 MB.
INFO: [HLS 200-111] Finished Checking Pragmas: CPU user time: 0 seconds. CPU system time: 0 seconds. Elapsed time: 0 seconds; current allocated memory: 208.316 MB.
Execute         opt_and_import_c a -opt_level=2 -skip_syncheck=0 -ng=0 -keep_printf=0 
Execute           cleanup_all_models 
INFO: [HLS 200-10] Starting code transformations ...
INFO-FLOW: Running Standard Transforms...
Execute           transform -hls -share-std-xform -demangle-name -inline-byval-memcpy -always-inline -promote-dbg-pointer -interface-preproc -mem2reg -scalarrepl -mem2reg -keep-read-access -instcombine -dce -promote-dbg-pointer -bitop-raise -loop-simplify -indvarspre -indvars -loop-simplify -constprop -instcombine -simplifycfg -indvars -simplifycfg -dce -globaldce -basicaa -simplifycfg -mem2reg -globalopt -global-constprop -deadargelim -instcombine -simplifycfg -scalarrepl -instcombine -reassociate -licm -simplifycfg -loop-simplify -indvars -instcombine -simplifycfg -mem2reg -loop-simplify -indvars -instcombine -gvn -gvn -instcombine -adce -break-crit-edges -simplifycfg -loop-delete -global-array-opt -dce -dse -adce -find-syn-modules -top cl_box -deadargelim -mem2reg -instcombine -dce -presyn-prepare -interface-preproc -syn-check -check-rec-only -find-region -simplifycfg -func-extr -function-inline -globaldce -mem2reg -instcombine -dce -gvn -globaldce -adce -adse -constprop -instcombine -bit-constprop -instcombine -dce -simplifycfg -bitop-raise -simplifycfg -dce -loop-delete -reassociate -globalopt -global-privatize -mem2reg -dce -global-constprop -pointer-simplify -constprop -dce -promote-dbg-pointer -norm-name /work/amotta/RecoNIC/shell/compute/lookside/cl_box/solution1/.autopilot/db/a.g.0.bc -o /work/amotta/RecoNIC/shell/compute/lookside/cl_box/solution1/.autopilot/db/a.g.1.bc -f -phase std-opt 
Command           transform done; 0.26 sec.
INFO: [HLS 200-111] Finished Standard Transforms: CPU user time: 0.01 seconds. CPU system time: 0.01 seconds. Elapsed time: 0.26 seconds; current allocated memory: 208.402 MB.
INFO: [HLS 200-10] Checking synthesizability ...
INFO-FLOW: Checking Synthesizability 1/2..
Execute           transform -hls -syn-check -check-rec-only -scalarrepl -norm-name -dce -mem2reg -instcombine -directive-preproc -mem2reg -dse -dce -dce -pag -array-normalize -instcombine -dce -array-seg-normalize -instcombine -dce -data-pack -instcombine -dce -inst-simplify -array-flatten -instcombine -dce -array-burst -dce -deadargelim -promote-global-argument -simplifycfg -mem2reg -globaldce -dce -deadargelim -dce -instcombine -function-inline -globaldce -dce -doublePtrSimplify -doublePtrElim -dce -doublePtrSimplify -promote-dbg-pointer -dce -scalarrepl -dse -adse -instcombine -ptrLegalization -simplifycfg -dce -instcombine -pointer-simplify -ptrArgReplace -dce -instcombine -resolve-double-ptr -scalarrepl -norm-name -dce -mem2reg -instcombine -ptrLegalization -simplifycfg -deadargelim -instcombine -dce -inst-simplify -directive-preproc -mem2reg -dse -dce -globaldce /work/amotta/RecoNIC/shell/compute/lookside/cl_box/solution1/.autopilot/db/a.g.1.bc -o /work/amotta/RecoNIC/shell/compute/lookside/cl_box/solution1/.autopilot/db/a.g.2.prechk.bc -f 
INFO-FLOW: Checking Synthesizability 2/2..
Execute           transform -syn-check /work/amotta/RecoNIC/shell/compute/lookside/cl_box/solution1/.autopilot/db/a.g.2.prechk.bc -o /work/amotta/RecoNIC/shell/compute/lookside/cl_box/solution1/.autopilot/db/a.g.2.bc -f -phase syn-check 
INFO: [HLS 200-111] Finished Checking Synthesizability: CPU user time: 0 seconds. CPU system time: 0 seconds. Elapsed time: 0.02 seconds; current allocated memory: 208.449 MB.
INFO-FLOW: Compiler optimizing ...
INFO-FLOW: Share syncheck's 1.bc for syn flow: copy /work/amotta/RecoNIC/shell/compute/lookside/cl_box/solution1/.autopilot/db/a.g.1.bc to /work/amotta/RecoNIC/shell/compute/lookside/cl_box/solution1/.autopilot/db/a.o.1.bc
INFO-FLOW: Presyn 1...
Execute           transform -hls -tmp /work/amotta/RecoNIC/shell/compute/lookside/cl_box/solution1/.autopilot/db -interface-port-rename -directive-preproc -mem2reg -dse -dce -scalarrepl -norm-name -deadargelim -dce -hls-dead-arg-elim -deadargelim -mem2reg -instcombine -dce -simplifycfg -dce -resource-proc -clib-intrinsic-prepare -dce -func-buffer -dce -pag -array-normalize -func-legal -instcombine -gvn -constprop -dce -simplifycfg -mem2reg -globaldce -resolve-double-ptr -dce -deadargelim -dce -instcombine -ptrArgReplace -mem2reg -dce -array-seg-normalize -deadargelim -instcombine -dce -directive-preproc -mem2reg -dse -dce -pointer-simplify -dce -port-alignment -dce -interface-preproc -data-pack -instcombine -dce -basicaa -aggr-aa -aggrmodref-aa -aggr-aa -gvn -gvn -basicaa -aggr-aa -aggrmodref-aa -aggr-aa -dse -adse -adce -loop-simplify -indvars -instcombine -gvn -loop-simplify -mem2reg -dce -find-region -instcombine -inst-simplify -interface-preproc -cfgopt -instcombine -indvars -loop-simplify -loop-bound -constprop -instcombine -simplifycfg -indvars -simplifycfg -dce -globaldce -clean-region -attach-range -gvn -inst-simplify -constprop -simplifycfg -dce -pointer-simplify -dce -globalopt -constprop -dce -ptrArgReplace -mem2reg -simplifycfg -dce -instcombine -dce -array-transform-check -array-reshape -instcombine -simplifycfg -dce -ptrArgReplace -deadargelim -mem2reg -instcombine -simplifycfg -dce -indvars -loop-simplify -loop-bound -constprop -instcombine -simplifycfg -indvars -simplifycfg -dce -globaldce -basicaa -aggr-aa -aggrmodref-aa -aggr-aa -dse -duplicate-dataflow-processes -globaldce -instcombine -array-partition -prepare-dynamic-array-partition -instcombine -simplifycfg -dce -ptrArgReplace -global-constprop -deadargelim -mem2reg -func-legal -dce -global-constprop -deadargelim -mem2reg -simplifycfg -dce -merge-param -deadargelim -globalopt -constprop -dce -ptrArgReplace -mem2reg -simplifycfg -dce -mem-intrinsic-preproc -dce -global-internalize -global-privatize -mem2reg -globaldce -lcssa -loop-simplify -phi-select-elim -promote-global-argument -ptrArgReplace -mem2reg -dce -globalopt -mergereturn -simplify-global-access -mem2reg -dce -pointer-simplify -dce -basicaa -aggr-aa -aggrmodref-aa -aggr-aa -functionattrs -basicaa -aggr-aa -aggrmodref-aa -aggr-aa -gvn -gvn -basicaa -aggr-aa -aggrmodref-aa -aggr-aa -dse -adse -adce -dce -norm-name -basicaa -aggr-aa -aggrmodref-aa -aggr-aa -accesses-merge -function-inline -complex-op-raise -inst-simplify -globaldce -func-legal -dce -loop-bound -arraycheck -bitwidthmin2 -bitwidthmin2 -on-by-dataflow -loop-delete -instcombine -simplifycfg -globaldce -dce -gvn -deadargelim -dce -loop-simplify -clean-region -simplifycfg -propagate-stable-arguments -instcombine -simplifycfg -dce -globaldce -duplicate-dataflow-processes -stream-intrinsic-preproc -dce -check-ap-stream -loop-simplify -eliminate-keepreads -extract-dataflow-in-loop -loop-simplify -dce -gvn -deadargelim -dse -duplicate-dataflow-processes -check-dataflow-syntax -legalize-stream-variable -globaldce -legalize-global -extract-subproc -dce -dead-channel-elimination -canonicalize-gep -globaldce -dce -gvn -hls-dead-arg-elim -deadargelim -directive-preproc -canonicalize-dataflow -dce -globaldce -scalar-preprocessing -scalar-propagation2 -scalar-stream -deadargelim -globaldce -mem2reg -check-dataflow-channels -function-stream -dce -globaldce -prop-fifo-spec -internal-stream-gen -canonicalize-gep -globaldce -dce -gvn -deadargelim -mergereturn -indvars -loop-simplify -instcombine -array-stream -array-seg-normalize -array-partition -clean-array-spec -func-legal -instcombine -simplifycfg -dce -bundle-memfifo-ops -deadargelim -directive-preproc -mem2reg -dse -dce -group-axi-access -licm -simplifycfg -dce -loop-delete -hls-display -norm-name /work/amotta/RecoNIC/shell/compute/lookside/cl_box/solution1/.autopilot/db/a.o.1.bc -o /work/amotta/RecoNIC/shell/compute/lookside/cl_box/solution1/.autopilot/db/a.o.1.tmp.bc -f 
INFO-FLOW: Presyn 2...
Execute           transform -hls -keep-callgraph -scalarrepl -mem2reg -port-alignment -attach-range -dce -pipe-mux-gen -indvars -loop-bound -inst-simplify -instcombine -dce -merge-array-access -mem2reg -dce -clean-region -mergereturn -if-conv -instcombine -dce -constprop -basicaa -aggr-aa -aggrmodref-aa -aggr-aa -gvn -gvn -basicaa -aggr-aa -aggrmodref-aa -aggr-aa -dse -adse -adce -scalarrepl -mem2reg -global-constprop -deadargelim -deadargelim -instcombine -dce -simplifycfg -ptrArgReplace -mem2reg -function-inline -globaldce -mem2reg -instcombine -dce -expr-balance -instcombine -dce -bitwidthmin2 -bitwidthmin2 -interface-preproc -directive-preproc -inst-rectify -instcombine -dce -basicaa -aggr-aa -aggrmodref-aa -aggr-aa -functionattrs -constprop -instcombine -bit-constprop -simplify-global-access -globalopt -globaldce -inst-simplify -instcombine -elimdeaddata -dce -loop-delete -simplifycfg -loop-simplify -barrier -norm-name /work/amotta/RecoNIC/shell/compute/lookside/cl_box/solution1/.autopilot/db/a.o.1.tmp.bc -o /work/amotta/RecoNIC/shell/compute/lookside/cl_box/solution1/.autopilot/db/a.o.2.bc -f -phase presyn 
INFO: [HLS 200-111] Finished Loop, function and other optimizations: CPU user time: 0.01 seconds. CPU system time: 0 seconds. Elapsed time: 0.03 seconds; current allocated memory: 229.547 MB.
Execute           transform -hls -auto-function-inline -globaldce -ptrArgReplace -mem2reg -dce -reset-lda -loop-simplify -indvars -aggr-aa -licm -loop-dep -loop-bound -licm -loop-simplify -loop-sink-hoist -flattenloopnest -array-flatten -gvn -instcombine -dce -array-map -dce -func-legal -gvn -adce -instcombine -cfgopt -simplifycfg-lite -loop-simplify -array-burst -promote-global-argument -dce -array-seg-normalize -basicaa -aggrmodref-aa -globalsmodref-aa -aggr-aa -gvn -gvn -basicaa -aggrmodref-aa -globalsmodref-aa -aggr-aa -dse -adse -adce -licm -inst-simplify -dce -globaldce -instcombine -array-stream -eliminate-keepreads -instcombine -dce -deadargelim -doublePtrSimplify -doublePtrElim -dce -doublePtrSimplify -promote-dbg-pointer -dce -scalarrepl -mem2reg -norm-name -mem2reg -instcombine -dse -adse -adce -ptrLegalization -dce -array-flatten -dce -instcombine -check-doubleptr -loop-rot -constprop -inst-simplify -cfgopt -simplifycfg-lite -loop-simplify -indvars -pointer-simplify -dce -loop-bound -loop-simplify -loop-preproc -constprop -global-constprop -gvn -mem2reg -instcombine -dce -loop-bound -loop-merge -dce -deadargelim -dce -canonicalize-dataflow -dce -deadargelim -globaldce -mem2reg -bram-byte-enable -inst-simplify -inst-rectify -instcombine -adce -deadargelim -load-elim -read-loop-dep -loop-simplify -loop-rewind-sink-hoist -loop-outline -hls-dead-arg-elim -directive-preproc -bitwidthmin2 -bitwidthmin2 -read-loop-dep -interface-preproc -directive-preproc -interface-gen -bram-byte-enable-spec-prop -mul2addshift -deadargelim -inst-simplify -dce -mem2reg -instcombine -gvn -dce -adse -loop-bound -instcombine -cfgopt -simplifycfg-lite -loop-simplify -clean-region -io-protocol -find-region -mem2reg -bitop-raise -complex-op-raise -inst-simplify -inst-rectify -instcombine -adce -deadargelim -float-op-raise -loop-simplify -phi-opt -bitop-raise -cfgopt -simplifycfg-lite -strip-dead-prototypes -interface-lower -bitop-lower -intrinsic-lower -auto-function-inline -basicaa -aggrmodref-aa -globalsmodref-aa -aggr-aa -inst-simplify -simplifycfg-lite -loop-simplify -mergereturn -inst-simplify -inst-rectify -globaldce -dce -load-elim -bitop-lower -float-op-raise -fma-raise -loop-rewind -pointer-simplify -dce -cfgopt -dce -loop-bound -loop-dep -read-loop-dep -dce -dyn-mem-reuse -dce -recurrence-min -dce -share-scalar-alloca -deadargelim -dce -check-stream -norm-name -legalize -inst-clarity -bitwidth -dce -validate-dataflow -dump-loop-dep-to-ir -check-all-ssdm -dump-complexity-metric /work/amotta/RecoNIC/shell/compute/lookside/cl_box/solution1/.autopilot/db/a.o.2.bc -o /work/amotta/RecoNIC/shell/compute/lookside/cl_box/solution1/.autopilot/db/a.o.3.bc -f -phase build-ssdm 
Execute             auto_get_db
INFO-FLOW: Building ssdm...
Execute           transform -hls -cdfg-build /work/amotta/RecoNIC/shell/compute/lookside/cl_box/solution1/.autopilot/db/a.o.3.bc -o /work/amotta/RecoNIC/shell/compute/lookside/cl_box/solution1/.autopilot/db/a.o.3.bc -f -phase build-ssdm 
INFO: [HLS 200-111] Finished Architecture Synthesis: CPU user time: 0.02 seconds. CPU system time: 0.01 seconds. Elapsed time: 0.04 seconds; current allocated memory: 239.398 MB.
INFO-FLOW: Finish building internal data model.
Command         opt_and_import_c done; 0.35 sec.
Command       elaborate done; 9.3 sec.
Execute       ap_eval exec zip -j /work/amotta/RecoNIC/shell/compute/lookside/cl_box/solution1/.autopilot/db/dut.hcp $dbDir/a.o.3.bc $dbDir/${topname}.rtl_wrap.cfg.tcl $dbDir/apatb_${topname}.cpp $dbDir/apatb_${topname}_util.cpp $dbDir/apatb_${topname}_ir.ll $dbDir/mapper_${topname}.cpp $dbDir/top-io-fe.xml $dbDir/kernel.internal.xml $workdir/../hls.app 
Execute       autosyn -from_csynth_design=1 
INFO: [HLS 200-10] Starting hardware synthesis ...
INFO-FLOW: Synthesizing C/C++ design ...
INFO: [HLS 200-10] Synthesizing 'cl_box' ...
Execute         ap_set_top_model cl_box 
Execute         get_model_list cl_box -filter all-wo-channel -topdown 
Execute         preproc_iomode -model cl_box 
Execute         preproc_iomode -model cl_box_Pipeline_VITIS_LOOP_22_1 
Execute         preproc_iomode -model cl_box_Pipeline_1 
Execute         get_model_list cl_box -filter all-wo-channel 
INFO-FLOW: Model list for configure: cl_box_Pipeline_1 cl_box_Pipeline_VITIS_LOOP_22_1 cl_box
INFO-FLOW: Configuring Module : cl_box_Pipeline_1 ...
Execute         set_default_model cl_box_Pipeline_1 
Execute         apply_spec_resource_limit cl_box_Pipeline_1 
INFO-FLOW: Configuring Module : cl_box_Pipeline_VITIS_LOOP_22_1 ...
Execute         set_default_model cl_box_Pipeline_VITIS_LOOP_22_1 
Execute         apply_spec_resource_limit cl_box_Pipeline_VITIS_LOOP_22_1 
INFO-FLOW: Configuring Module : cl_box ...
Execute         set_default_model cl_box 
Execute         apply_spec_resource_limit cl_box 
INFO-FLOW: Model list for preprocess: cl_box_Pipeline_1 cl_box_Pipeline_VITIS_LOOP_22_1 cl_box
INFO-FLOW: Preprocessing Module: cl_box_Pipeline_1 ...
Execute         set_default_model cl_box_Pipeline_1 
Execute         cdfg_preprocess -model cl_box_Pipeline_1 
Execute         rtl_gen_preprocess cl_box_Pipeline_1 
INFO-FLOW: Preprocessing Module: cl_box_Pipeline_VITIS_LOOP_22_1 ...
Execute         set_default_model cl_box_Pipeline_VITIS_LOOP_22_1 
Execute         cdfg_preprocess -model cl_box_Pipeline_VITIS_LOOP_22_1 
Execute         rtl_gen_preprocess cl_box_Pipeline_VITIS_LOOP_22_1 
INFO-FLOW: Preprocessing Module: cl_box ...
Execute         set_default_model cl_box 
Execute         cdfg_preprocess -model cl_box 
Execute         rtl_gen_preprocess cl_box 
INFO-FLOW: Model list for synthesis: cl_box_Pipeline_1 cl_box_Pipeline_VITIS_LOOP_22_1 cl_box
INFO: [HLS 200-10] ----------------------------------------------------------------
INFO: [HLS 200-42] -- Implementing module 'cl_box_Pipeline_1' 
INFO: [HLS 200-10] ----------------------------------------------------------------
Execute         set_default_model cl_box_Pipeline_1 
Execute         schedule -model cl_box_Pipeline_1 
INFO: [SCHED 204-11] Starting scheduling ...
INFO: [SCHED 204-61] Pipelining loop 'Loop 1'.
INFO: [HLS 200-1470] Pipelining result : Target II = NA, Final II = 1, Depth = 1, loop 'Loop 1'
INFO: [SCHED 204-11] Finished scheduling.
INFO: [HLS 200-111] Finished Scheduling: CPU user time: 0.01 seconds. CPU system time: 0.01 seconds. Elapsed time: 0.11 seconds; current allocated memory: 240.332 MB.
Execute         syn_report -verbosereport -o /work/amotta/RecoNIC/shell/compute/lookside/cl_box/solution1/.autopilot/db/cl_box_Pipeline_1.verbose.sched.rpt 
Execute           list_part -family xcvu11p-flga2577-1-e 
Execute             ap_family_info -name xcvu11p-flga2577-1-e -data names 
Execute             ap_part_info -quiet -name xcvu11p-flga2577-1-e -data family 
Execute         db_write -o /work/amotta/RecoNIC/shell/compute/lookside/cl_box/solution1/.autopilot/db/cl_box_Pipeline_1.sched.adb -f 
INFO-FLOW: Finish scheduling cl_box_Pipeline_1.
Execute         set_default_model cl_box_Pipeline_1 
Execute         bind -model cl_box_Pipeline_1 
INFO: [BIND 205-100] Starting micro-architecture generation ...
INFO: [BIND 205-101] Performing variable lifetime analysis.
INFO: [BIND 205-101] Exploring resource sharing.
INFO: [BIND 205-101] Binding ...
INFO: [BIND 205-100] Finished micro-architecture generation.
INFO: [HLS 200-111] Finished Binding: CPU user time: 0 seconds. CPU system time: 0 seconds. Elapsed time: 0.02 seconds; current allocated memory: 240.332 MB.
Execute         syn_report -verbosereport -o /work/amotta/RecoNIC/shell/compute/lookside/cl_box/solution1/.autopilot/db/cl_box_Pipeline_1.verbose.bind.rpt 
Execute           list_part -family xcvu11p-flga2577-1-e 
Execute             ap_family_info -name xcvu11p-flga2577-1-e -data names 
Execute             ap_part_info -quiet -name xcvu11p-flga2577-1-e -data family 
Execute         db_write -o /work/amotta/RecoNIC/shell/compute/lookside/cl_box/solution1/.autopilot/db/cl_box_Pipeline_1.bind.adb -f 
INFO-FLOW: Finish binding cl_box_Pipeline_1.
INFO: [HLS 200-10] ----------------------------------------------------------------
INFO: [HLS 200-42] -- Implementing module 'cl_box_Pipeline_VITIS_LOOP_22_1' 
INFO: [HLS 200-10] ----------------------------------------------------------------
Execute         set_default_model cl_box_Pipeline_VITIS_LOOP_22_1 
Execute         schedule -model cl_box_Pipeline_VITIS_LOOP_22_1 
INFO: [SCHED 204-11] Starting scheduling ...
INFO: [SCHED 204-61] Pipelining loop 'VITIS_LOOP_22_1'.
INFO: [HLS 200-1470] Pipelining result : Target II = NA, Final II = 1, Depth = 2, loop 'VITIS_LOOP_22_1'
INFO: [SCHED 204-11] Finished scheduling.
INFO: [HLS 200-111] Finished Scheduling: CPU user time: 0.01 seconds. CPU system time: 0 seconds. Elapsed time: 0.01 seconds; current allocated memory: 240.332 MB.
Execute         syn_report -verbosereport -o /work/amotta/RecoNIC/shell/compute/lookside/cl_box/solution1/.autopilot/db/cl_box_Pipeline_VITIS_LOOP_22_1.verbose.sched.rpt 
Execute           list_part -family xcvu11p-flga2577-1-e 
Execute             ap_family_info -name xcvu11p-flga2577-1-e -data names 
Execute             ap_part_info -quiet -name xcvu11p-flga2577-1-e -data family 
Execute         db_write -o /work/amotta/RecoNIC/shell/compute/lookside/cl_box/solution1/.autopilot/db/cl_box_Pipeline_VITIS_LOOP_22_1.sched.adb -f 
INFO-FLOW: Finish scheduling cl_box_Pipeline_VITIS_LOOP_22_1.
Execute         set_default_model cl_box_Pipeline_VITIS_LOOP_22_1 
Execute         bind -model cl_box_Pipeline_VITIS_LOOP_22_1 
INFO: [BIND 205-100] Starting micro-architecture generation ...
INFO: [BIND 205-101] Performing variable lifetime analysis.
INFO: [BIND 205-101] Exploring resource sharing.
INFO: [BIND 205-101] Binding ...
INFO: [BIND 205-100] Finished micro-architecture generation.
INFO: [HLS 200-111] Finished Binding: CPU user time: 0 seconds. CPU system time: 0 seconds. Elapsed time: 0 seconds; current allocated memory: 240.332 MB.
Execute         syn_report -verbosereport -o /work/amotta/RecoNIC/shell/compute/lookside/cl_box/solution1/.autopilot/db/cl_box_Pipeline_VITIS_LOOP_22_1.verbose.bind.rpt 
Execute           list_part -family xcvu11p-flga2577-1-e 
Execute             ap_family_info -name xcvu11p-flga2577-1-e -data names 
Execute             ap_part_info -quiet -name xcvu11p-flga2577-1-e -data family 
Execute         db_write -o /work/amotta/RecoNIC/shell/compute/lookside/cl_box/solution1/.autopilot/db/cl_box_Pipeline_VITIS_LOOP_22_1.bind.adb -f 
INFO-FLOW: Finish binding cl_box_Pipeline_VITIS_LOOP_22_1.
INFO: [HLS 200-10] ----------------------------------------------------------------
INFO: [HLS 200-42] -- Implementing module 'cl_box' 
INFO: [HLS 200-10] ----------------------------------------------------------------
Execute         set_default_model cl_box 
Execute         schedule -model cl_box 
INFO: [SCHED 204-11] Starting scheduling ...
INFO: [SCHED 204-11] Finished scheduling.
INFO: [HLS 200-111] Finished Scheduling: CPU user time: 0.01 seconds. CPU system time: 0 seconds. Elapsed time: 0.01 seconds; current allocated memory: 240.340 MB.
Execute         syn_report -verbosereport -o /work/amotta/RecoNIC/shell/compute/lookside/cl_box/solution1/.autopilot/db/cl_box.verbose.sched.rpt 
Execute           list_part -family xcvu11p-flga2577-1-e 
Execute             ap_family_info -name xcvu11p-flga2577-1-e -data names 
Execute             ap_part_info -quiet -name xcvu11p-flga2577-1-e -data family 
Execute         db_write -o /work/amotta/RecoNIC/shell/compute/lookside/cl_box/solution1/.autopilot/db/cl_box.sched.adb -f 
INFO-FLOW: Finish scheduling cl_box.
Execute         set_default_model cl_box 
Execute         bind -model cl_box 
INFO: [BIND 205-100] Starting micro-architecture generation ...
INFO: [BIND 205-101] Performing variable lifetime analysis.
INFO: [BIND 205-101] Exploring resource sharing.
INFO: [BIND 205-101] Binding ...
INFO: [BIND 205-100] Finished micro-architecture generation.
INFO: [HLS 200-111] Finished Binding: CPU user time: 0.01 seconds. CPU system time: 0 seconds. Elapsed time: 0.01 seconds; current allocated memory: 240.340 MB.
Execute         syn_report -verbosereport -o /work/amotta/RecoNIC/shell/compute/lookside/cl_box/solution1/.autopilot/db/cl_box.verbose.bind.rpt 
Execute           list_part -family xcvu11p-flga2577-1-e 
Execute             ap_family_info -name xcvu11p-flga2577-1-e -data names 
Execute             ap_part_info -quiet -name xcvu11p-flga2577-1-e -data family 
Execute         db_write -o /work/amotta/RecoNIC/shell/compute/lookside/cl_box/solution1/.autopilot/db/cl_box.bind.adb -f 
INFO-FLOW: Finish binding cl_box.
Execute         get_model_list cl_box -filter all-wo-channel 
INFO-FLOW: Preprocessing for RTLGen ...
Execute         rtl_gen_preprocess cl_box_Pipeline_1 
Execute         rtl_gen_preprocess cl_box_Pipeline_VITIS_LOOP_22_1 
Execute         rtl_gen_preprocess cl_box 
INFO-FLOW: Model list for RTL generation: cl_box_Pipeline_1 cl_box_Pipeline_VITIS_LOOP_22_1 cl_box
INFO: [HLS 200-10] ----------------------------------------------------------------
INFO: [HLS 200-10] -- Generating RTL for module 'cl_box_Pipeline_1' 
INFO: [HLS 200-10] ----------------------------------------------------------------
Execute         create_rtl_model cl_box_Pipeline_1 -top_prefix cl_box_ -sub_prefix cl_box_ -mg_file /work/amotta/RecoNIC/shell/compute/lookside/cl_box/solution1/.autopilot/db/cl_box_Pipeline_1.compgen.tcl 
INFO: [RTGEN 206-100] Finished creating RTL model for 'cl_box_Pipeline_1'.
INFO: [HLS 200-111] Finished Creating RTL model: CPU user time: 0 seconds. CPU system time: 0 seconds. Elapsed time: 0.03 seconds; current allocated memory: 240.340 MB.
Execute         source /work/amotta/RecoNIC/shell/compute/lookside/cl_box/solution1/.autopilot/db/cl_box.rtl_wrap.cfg.tcl 
Execute         gen_rtl cl_box_Pipeline_1 -style xilinx -f -lang vhdl -o /work/amotta/RecoNIC/shell/compute/lookside/cl_box/solution1/syn/vhdl/cl_box_cl_box_Pipeline_1 
Execute         gen_rtl cl_box_Pipeline_1 -style xilinx -f -lang vlog -o /work/amotta/RecoNIC/shell/compute/lookside/cl_box/solution1/syn/verilog/cl_box_cl_box_Pipeline_1 
Execute         syn_report -csynth -model cl_box_Pipeline_1 -o /work/amotta/RecoNIC/shell/compute/lookside/cl_box/solution1/syn/report/cl_box_Pipeline_1_csynth.rpt 
Execute           list_part -family xcvu11p-flga2577-1-e 
Execute             ap_family_info -name xcvu11p-flga2577-1-e -data names 
Execute             ap_part_info -quiet -name xcvu11p-flga2577-1-e -data family 
Execute         syn_report -rtlxml -model cl_box_Pipeline_1 -o /work/amotta/RecoNIC/shell/compute/lookside/cl_box/solution1/syn/report/cl_box_Pipeline_1_csynth.xml 
Execute           list_part -family xcvu11p-flga2577-1-e 
Execute             ap_family_info -name xcvu11p-flga2577-1-e -data names 
Execute             ap_part_info -quiet -name xcvu11p-flga2577-1-e -data family 
Execute         syn_report -verbosereport -model cl_box_Pipeline_1 -o /work/amotta/RecoNIC/shell/compute/lookside/cl_box/solution1/.autopilot/db/cl_box_Pipeline_1.verbose.rpt 
Execute           list_part -family xcvu11p-flga2577-1-e 
Execute             ap_family_info -name xcvu11p-flga2577-1-e -data names 
Execute             ap_part_info -quiet -name xcvu11p-flga2577-1-e -data family 
Execute         db_write -model cl_box_Pipeline_1 -f -o /work/amotta/RecoNIC/shell/compute/lookside/cl_box/solution1/.autopilot/db/cl_box_Pipeline_1.adb 
Execute         db_write -model cl_box_Pipeline_1 -bindview -o /work/amotta/RecoNIC/shell/compute/lookside/cl_box/solution1/.autopilot/db/design.bindinfo.xml 
Execute         gen_tb_info cl_box_Pipeline_1 -p /work/amotta/RecoNIC/shell/compute/lookside/cl_box/solution1/.autopilot/db -o /work/amotta/RecoNIC/shell/compute/lookside/cl_box/solution1/.autopilot/db/cl_box_Pipeline_1 
INFO: [HLS 200-10] ----------------------------------------------------------------
INFO: [HLS 200-10] -- Generating RTL for module 'cl_box_Pipeline_VITIS_LOOP_22_1' 
INFO: [HLS 200-10] ----------------------------------------------------------------
Execute         create_rtl_model cl_box_Pipeline_VITIS_LOOP_22_1 -top_prefix cl_box_ -sub_prefix cl_box_ -mg_file /work/amotta/RecoNIC/shell/compute/lookside/cl_box/solution1/.autopilot/db/cl_box_Pipeline_VITIS_LOOP_22_1.compgen.tcl 
INFO: [HLS 200-1030] Apply Unified Pipeline Control on module 'cl_box_Pipeline_VITIS_LOOP_22_1' pipeline 'VITIS_LOOP_22_1' pipeline type 'loop pipeline'
INFO: [RTGEN 206-100] Finished creating RTL model for 'cl_box_Pipeline_VITIS_LOOP_22_1'.
INFO: [HLS 200-111] Finished Creating RTL model: CPU user time: 0.01 seconds. CPU system time: 0.01 seconds. Elapsed time: 0.02 seconds; current allocated memory: 240.340 MB.
Execute         source /work/amotta/RecoNIC/shell/compute/lookside/cl_box/solution1/.autopilot/db/cl_box.rtl_wrap.cfg.tcl 
Execute         gen_rtl cl_box_Pipeline_VITIS_LOOP_22_1 -style xilinx -f -lang vhdl -o /work/amotta/RecoNIC/shell/compute/lookside/cl_box/solution1/syn/vhdl/cl_box_cl_box_Pipeline_VITIS_LOOP_22_1 
Execute         gen_rtl cl_box_Pipeline_VITIS_LOOP_22_1 -style xilinx -f -lang vlog -o /work/amotta/RecoNIC/shell/compute/lookside/cl_box/solution1/syn/verilog/cl_box_cl_box_Pipeline_VITIS_LOOP_22_1 
Execute         syn_report -csynth -model cl_box_Pipeline_VITIS_LOOP_22_1 -o /work/amotta/RecoNIC/shell/compute/lookside/cl_box/solution1/syn/report/cl_box_Pipeline_VITIS_LOOP_22_1_csynth.rpt 
Execute           list_part -family xcvu11p-flga2577-1-e 
Execute             ap_family_info -name xcvu11p-flga2577-1-e -data names 
Execute             ap_part_info -quiet -name xcvu11p-flga2577-1-e -data family 
Execute         syn_report -rtlxml -model cl_box_Pipeline_VITIS_LOOP_22_1 -o /work/amotta/RecoNIC/shell/compute/lookside/cl_box/solution1/syn/report/cl_box_Pipeline_VITIS_LOOP_22_1_csynth.xml 
Execute           list_part -family xcvu11p-flga2577-1-e 
Execute             ap_family_info -name xcvu11p-flga2577-1-e -data names 
Execute             ap_part_info -quiet -name xcvu11p-flga2577-1-e -data family 
Execute         syn_report -verbosereport -model cl_box_Pipeline_VITIS_LOOP_22_1 -o /work/amotta/RecoNIC/shell/compute/lookside/cl_box/solution1/.autopilot/db/cl_box_Pipeline_VITIS_LOOP_22_1.verbose.rpt 
Execute           list_part -family xcvu11p-flga2577-1-e 
Execute             ap_family_info -name xcvu11p-flga2577-1-e -data names 
Execute             ap_part_info -quiet -name xcvu11p-flga2577-1-e -data family 
Execute         db_write -model cl_box_Pipeline_VITIS_LOOP_22_1 -f -o /work/amotta/RecoNIC/shell/compute/lookside/cl_box/solution1/.autopilot/db/cl_box_Pipeline_VITIS_LOOP_22_1.adb 
Execute         db_write -model cl_box_Pipeline_VITIS_LOOP_22_1 -bindview -o /work/amotta/RecoNIC/shell/compute/lookside/cl_box/solution1/.autopilot/db/design.bindinfo.xml 
Execute         gen_tb_info cl_box_Pipeline_VITIS_LOOP_22_1 -p /work/amotta/RecoNIC/shell/compute/lookside/cl_box/solution1/.autopilot/db -o /work/amotta/RecoNIC/shell/compute/lookside/cl_box/solution1/.autopilot/db/cl_box_Pipeline_VITIS_LOOP_22_1 
INFO: [HLS 200-10] ----------------------------------------------------------------
INFO: [HLS 200-10] -- Generating RTL for module 'cl_box' 
INFO: [HLS 200-10] ----------------------------------------------------------------
Execute         create_rtl_model cl_box -top_prefix  -sub_prefix cl_box_ -mg_file /work/amotta/RecoNIC/shell/compute/lookside/cl_box/solution1/.autopilot/db/cl_box.compgen.tcl 
INFO: [RTGEN 206-500] Setting interface mode on port 'cl_box/ctl_cmd_stream' to 'ap_fifo'.
INFO: [RTGEN 206-500] Setting interface mode on port 'cl_box/a_baseaddr' to 'ap_vld'.
INFO: [RTGEN 206-500] Setting interface mode on port 'cl_box/b_baseaddr' to 'ap_vld'.
INFO: [RTGEN 206-500] Setting interface mode on port 'cl_box/c_baseaddr' to 'ap_vld'.
INFO: [RTGEN 206-500] Setting interface mode on port 'cl_box/a_row' to 'ap_vld'.
INFO: [RTGEN 206-500] Setting interface mode on port 'cl_box/a_col' to 'ap_vld'.
INFO: [RTGEN 206-500] Setting interface mode on port 'cl_box/b_col' to 'ap_vld'.
INFO: [RTGEN 206-500] Setting interface mode on port 'cl_box/work_id' to 'ap_vld'.
INFO: [RTGEN 206-500] Setting interface mode on function 'cl_box' to 'ap_ctrl_hs'.
INFO: [RTGEN 206-100] Finished creating RTL model for 'cl_box'.
INFO: [RTMG 210-278] Implementing memory 'cl_box_cmd_array_RAM_AUTO_1R1W' using auto RAMs.
INFO: [HLS 200-111] Finished Creating RTL model: CPU user time: 0.02 seconds. CPU system time: 0 seconds. Elapsed time: 0.07 seconds; current allocated memory: 240.340 MB.
Execute         source /work/amotta/RecoNIC/shell/compute/lookside/cl_box/solution1/.autopilot/db/cl_box.rtl_wrap.cfg.tcl 
Execute         gen_rtl cl_box -istop -style xilinx -f -lang vhdl -o /work/amotta/RecoNIC/shell/compute/lookside/cl_box/solution1/syn/vhdl/cl_box 
Execute         gen_rtl cl_box -istop -style xilinx -f -lang vlog -o /work/amotta/RecoNIC/shell/compute/lookside/cl_box/solution1/syn/verilog/cl_box 
Execute         syn_report -csynth -model cl_box -o /work/amotta/RecoNIC/shell/compute/lookside/cl_box/solution1/syn/report/cl_box_csynth.rpt 
Execute           list_part -family xcvu11p-flga2577-1-e 
Execute             ap_family_info -name xcvu11p-flga2577-1-e -data names 
Execute             ap_part_info -quiet -name xcvu11p-flga2577-1-e -data family 
Execute         syn_report -rtlxml -model cl_box -o /work/amotta/RecoNIC/shell/compute/lookside/cl_box/solution1/syn/report/cl_box_csynth.xml 
Execute           list_part -family xcvu11p-flga2577-1-e 
Execute             ap_family_info -name xcvu11p-flga2577-1-e -data names 
Execute             ap_part_info -quiet -name xcvu11p-flga2577-1-e -data family 
Execute         syn_report -verbosereport -model cl_box -o /work/amotta/RecoNIC/shell/compute/lookside/cl_box/solution1/.autopilot/db/cl_box.verbose.rpt 
Execute           list_part -family xcvu11p-flga2577-1-e 
Execute             ap_family_info -name xcvu11p-flga2577-1-e -data names 
Execute             ap_part_info -quiet -name xcvu11p-flga2577-1-e -data family 
Execute         db_write -model cl_box -f -o /work/amotta/RecoNIC/shell/compute/lookside/cl_box/solution1/.autopilot/db/cl_box.adb 
Execute         db_write -model cl_box -bindview -o /work/amotta/RecoNIC/shell/compute/lookside/cl_box/solution1/.autopilot/db/design.bindinfo.xml 
Execute         gen_tb_info cl_box -p /work/amotta/RecoNIC/shell/compute/lookside/cl_box/solution1/.autopilot/db -o /work/amotta/RecoNIC/shell/compute/lookside/cl_box/solution1/.autopilot/db/cl_box 
Execute         export_constraint_db -f -tool general -o /work/amotta/RecoNIC/shell/compute/lookside/cl_box/solution1/.autopilot/db/cl_box.constraint.tcl 
Execute         syn_report -designview -model cl_box -o /work/amotta/RecoNIC/shell/compute/lookside/cl_box/solution1/.autopilot/db/cl_box.design.xml 
Execute         syn_report -csynthDesign -model cl_box -o /work/amotta/RecoNIC/shell/compute/lookside/cl_box/solution1/syn/report/csynth.rpt -MHOut /work/amotta/RecoNIC/shell/compute/lookside/cl_box/solution1/.autopilot/db/kernel_module_hierarchy.tcl 
Execute           list_part -family xcvu11p-flga2577-1-e 
Execute             ap_family_info -name xcvu11p-flga2577-1-e -data names 
Execute             ap_part_info -quiet -name xcvu11p-flga2577-1-e -data family 
Execute         syn_report -wcfg -model cl_box -o /work/amotta/RecoNIC/shell/compute/lookside/cl_box/solution1/.autopilot/db/cl_box_dataflow_ana.wcfg 
Execute         syn_report -protoinst -model cl_box -o /work/amotta/RecoNIC/shell/compute/lookside/cl_box/solution1/.autopilot/db/cl_box.protoinst 
Execute         sc_get_clocks cl_box 
Execute         sc_get_portdomain cl_box 
INFO-FLOW: Model list for RTL component generation: cl_box_Pipeline_1 cl_box_Pipeline_VITIS_LOOP_22_1 cl_box
INFO-FLOW: Handling components in module [cl_box_Pipeline_1] ... 
Execute         source /work/amotta/RecoNIC/shell/compute/lookside/cl_box/solution1/.autopilot/db/cl_box_Pipeline_1.compgen.tcl 
INFO-FLOW: Found component cl_box_flow_control_loop_pipe_sequential_init.
INFO-FLOW: Append model cl_box_flow_control_loop_pipe_sequential_init
INFO-FLOW: Handling components in module [cl_box_Pipeline_VITIS_LOOP_22_1] ... 
Execute         source /work/amotta/RecoNIC/shell/compute/lookside/cl_box/solution1/.autopilot/db/cl_box_Pipeline_VITIS_LOOP_22_1.compgen.tcl 
INFO-FLOW: Found component cl_box_flow_control_loop_pipe_sequential_init.
INFO-FLOW: Append model cl_box_flow_control_loop_pipe_sequential_init
INFO-FLOW: Handling components in module [cl_box] ... 
Execute         source /work/amotta/RecoNIC/shell/compute/lookside/cl_box/solution1/.autopilot/db/cl_box.compgen.tcl 
INFO-FLOW: Found component cl_box_cmd_array_RAM_AUTO_1R1W.
INFO-FLOW: Append model cl_box_cmd_array_RAM_AUTO_1R1W
INFO-FLOW: Append model cl_box_Pipeline_1
INFO-FLOW: Append model cl_box_Pipeline_VITIS_LOOP_22_1
INFO-FLOW: Append model cl_box
INFO-FLOW: Generating RTL model list ...
INFO-FLOW: All models in this session: cl_box_flow_control_loop_pipe_sequential_init cl_box_flow_control_loop_pipe_sequential_init cl_box_cmd_array_RAM_AUTO_1R1W cl_box_Pipeline_1 cl_box_Pipeline_VITIS_LOOP_22_1 cl_box
INFO-FLOW: Generating /work/amotta/RecoNIC/shell/compute/lookside/cl_box/solution1/.autopilot/db/autopilot.rtl.models.txt file...
INFO-FLOW: To file: write model cl_box_flow_control_loop_pipe_sequential_init
INFO-FLOW: To file: write model cl_box_flow_control_loop_pipe_sequential_init
INFO-FLOW: To file: write model cl_box_cmd_array_RAM_AUTO_1R1W
INFO-FLOW: To file: write model cl_box_Pipeline_1
INFO-FLOW: To file: write model cl_box_Pipeline_VITIS_LOOP_22_1
INFO-FLOW: To file: write model cl_box
INFO-FLOW: Generating /work/amotta/RecoNIC/shell/compute/lookside/cl_box/solution1/.autopilot/db/autopilot.rtl.models.tcl file...
INFO-FLOW: Finished generating RTL model list.


INFO-FLOW: RTL Generation done.
INFO-FLOW: CAS Generation done.
INFO-FLOW: CBC Generation done.
INFO-FLOW: DBG:PROC: ::AESL_AUTOMG::auto_generate_csynth_design
INFO-FLOW: DBG:PUTS: read_platform_lib /work/amotta/RecoNIC/shell/compute/lookside/cl_box/solution1/.autopilot/db/global.setting.tcl
Execute         source /work/tools/Xilinx/Vitis/2024.2/common/technology/generic/autopilot/common.gen 
Execute           source /work/tools/Xilinx/Vitis/2024.2/common/technology/generic/autopilot/APCoreGen.gen 
Execute         source /work/tools/Xilinx/Vitis/2024.2/common/technology/generic/autopilot/op.gen 
Execute         source /work/tools/Xilinx/Vitis/2024.2/common/technology/generic/autopilot/op_simcore.gen 
Execute         source /work/tools/Xilinx/Vitis/2024.2/common/technology/generic/autopilot/interface.gen 
Execute         source /work/amotta/RecoNIC/shell/compute/lookside/cl_box/solution1/.autopilot/db/global.setting.tcl 
Execute         source /work/tools/Xilinx/Vitis/2024.2/common/technology/xilinx/common/xilinx.gen 
Execute           source /work/tools/Xilinx/Vitis/2024.2/common/technology/xilinx/interface/plb46.gen 
Execute           source /work/tools/Xilinx/Vitis/2024.2/common/technology/xilinx/interface/axi4.gen 
Execute           source /work/tools/Xilinx/Vitis/2024.2/common/technology/xilinx/interface/nativeAXI4.gen 
Execute             source /work/tools/Xilinx/Vitis/2024.2/common/technology/xilinx/interface/saxilite.gen 
Execute           source /work/tools/Xilinx/Vitis/2024.2/common/technology/xilinx/scripts/xilinxcoregen.gen 
Execute           source /work/tools/Xilinx/Vitis/2024.2/common/technology/xilinx/interface/XilEDKCoreGen.gen 
Execute           source /work/tools/Xilinx/Vitis/2024.2/common/technology/xilinx/ip/xfft.gen 
Execute           source /work/tools/Xilinx/Vitis/2024.2/common/technology/xilinx/ip/util.gen 
Execute           source /work/tools/Xilinx/Vitis/2024.2/common/technology/xilinx/ip/xfir.gen 
Execute           source /work/tools/Xilinx/Vitis/2024.2/common/technology/xilinx/ip/dds_compiler.gen 
Execute           source /work/tools/Xilinx/Vitis/2024.2/common/technology/xilinx/DSP48/dsp48.gen 
INFO-FLOW: DBG:PUTS:   using AESL_AUTOCG::g_clock_period=4.000 (was NA)
INFO-FLOW: DBG:PROC: ::AESL_AUTOMG::generate_ip_cores gen_sim_model='1' gen_fp_models='0' gen_for_export='0' dstSCDir='' dstVhdlDir='/work/amotta/RecoNIC/shell/compute/lookside/cl_box/solution1/.autopilot/db/vhdl' dstVlogDir='/work/amotta/RecoNIC/shell/compute/lookside/cl_box/solution1/.autopilot/db/vlog' tclDir='/work/amotta/RecoNIC/shell/compute/lookside/cl_box/solution1/.autopilot/db' modelList='cl_box_flow_control_loop_pipe_sequential_init
cl_box_flow_control_loop_pipe_sequential_init
cl_box_cmd_array_RAM_AUTO_1R1W
cl_box_Pipeline_1
cl_box_Pipeline_VITIS_LOOP_22_1
cl_box
' expOnly='0'
Execute         source /work/amotta/RecoNIC/shell/compute/lookside/cl_box/solution1/.autopilot/db/global.setting.tcl 
Execute         ap_part_info -name xcvu11p-flga2577-1-e -data names -quiet 
Execute         ap_part_info -name xcvu11p-flga2577-1-e -data info -quiet 
Execute         source /work/amotta/RecoNIC/shell/compute/lookside/cl_box/solution1/.autopilot/db/global.setting.tcl 
Execute         source /work/amotta/RecoNIC/shell/compute/lookside/cl_box/solution1/.autopilot/db/global.setting.tcl 
Execute         source /work/amotta/RecoNIC/shell/compute/lookside/cl_box/solution1/.autopilot/db/cl_box_Pipeline_1.compgen.tcl 
Execute         source /work/amotta/RecoNIC/shell/compute/lookside/cl_box/solution1/.autopilot/db/cl_box_Pipeline_VITIS_LOOP_22_1.compgen.tcl 
Execute         source /work/amotta/RecoNIC/shell/compute/lookside/cl_box/solution1/.autopilot/db/cl_box.compgen.tcl 
INFO: [HLS 200-111] Finished Generating all RTL models: CPU user time: 0.07 seconds. CPU system time: 0 seconds. Elapsed time: 0.13 seconds; current allocated memory: 242.852 MB.
INFO-FLOW: DBG:PROC: ::HLSREPORTS::create_csynth_xml bind_info_var='bind_info' RtlSubPrefix='cl_box_' outfile=''
INFO-FLOW: Running: create_csynth_xml read xml data
INFO-FLOW: Done: create_csynth_xml read xml data time: 0 seconds per iteration
INFO-FLOW: Running: create_csynth_xml bind info
INFO-FLOW: Done: create_csynth_xml bind info time: 0 seconds per iteration
INFO-FLOW: Running: create_csynth_xml config info
INFO-FLOW: Done: create_csynth_xml config info time: 0 seconds per iteration
INFO-FLOW: Running: create_csynth_xml write xml
INFO-FLOW: Done: create_csynth_xml write xml time: 0 seconds per iteration
INFO-FLOW: DBG:PUTS:      create_csynth_xml wrote csynth_xml=/work/amotta/RecoNIC/shell/compute/lookside/cl_box/solution1/syn/report/csynth.xml
INFO-FLOW: DBG:PROC: ::AP::DESIGN_DATA::generate_json generate_bd_files='0' generate_xo_files='0' modelList='cl_box_flow_control_loop_pipe_sequential_init
cl_box_flow_control_loop_pipe_sequential_init
cl_box_cmd_array_RAM_AUTO_1R1W
cl_box_Pipeline_1
cl_box_Pipeline_VITIS_LOOP_22_1
cl_box
' rtl_lang='both' bootstrap_tcl='false' outdir='' outfilename=''
Execute         source /work/amotta/RecoNIC/shell/compute/lookside/cl_box/solution1/.autopilot/db/global.setting.tcl 
Execute         source /work/amotta/RecoNIC/shell/compute/lookside/cl_box/solution1/.autopilot/db/global.setting.tcl 
Execute         source /work/amotta/RecoNIC/shell/compute/lookside/cl_box/solution1/.autopilot/db/top-io-be.tcl 
Execute         source /work/amotta/RecoNIC/shell/compute/lookside/cl_box/solution1/.autopilot/db/cl_box.tbgen.tcl 
Execute         source /work/amotta/RecoNIC/shell/compute/lookside/cl_box/solution1/.autopilot/db/cl_box.rtl_wrap.cfg.tcl 
Execute         source /work/amotta/RecoNIC/shell/compute/lookside/cl_box/solution1/.autopilot/db/cl_box.compgen.dataonly.tcl 
Execute         source /work/amotta/RecoNIC/shell/compute/lookside/cl_box/solution1/.autopilot/db/cl_box_Pipeline_1.tbgen.tcl 
Execute         source /work/amotta/RecoNIC/shell/compute/lookside/cl_box/solution1/.autopilot/db/cl_box_Pipeline_VITIS_LOOP_22_1.tbgen.tcl 
Execute         source /work/amotta/RecoNIC/shell/compute/lookside/cl_box/solution1/.autopilot/db/cl_box.tbgen.tcl 
Execute         source /work/amotta/RecoNIC/shell/compute/lookside/cl_box/solution1/.autopilot/db/global.setting.tcl 
Execute         ap_part_info -name xcvu11p-flga2577-1-e -data names -quiet 
Execute         ap_part_info -name xcvu11p-flga2577-1-e -data info -quiet 
Execute         source /work/amotta/RecoNIC/shell/compute/lookside/cl_box/solution1/.autopilot/db/cl_box.constraint.tcl 
Execute         sc_get_clocks cl_box 
Execute         source /work/amotta/RecoNIC/shell/compute/lookside/cl_box/solution1/.autopilot/db/global.setting.tcl 
INFO-FLOW: DBG:PROC: ::HLSREPORTS::add_csynth_report_sections bind_info_dict='adapter_nodes {} cache_nodes {} report_dict {TOPINST cl_box MODULE2INSTS {cl_box cl_box cl_box_Pipeline_1 grp_cl_box_Pipeline_1_fu_175 cl_box_Pipeline_VITIS_LOOP_22_1 grp_cl_box_Pipeline_VITIS_LOOP_22_1_fu_181} INST2MODULE {cl_box cl_box grp_cl_box_Pipeline_1_fu_175 cl_box_Pipeline_1 grp_cl_box_Pipeline_VITIS_LOOP_22_1_fu_181 cl_box_Pipeline_VITIS_LOOP_22_1} INSTDATA {cl_box {DEPTH 1 CHILDREN {grp_cl_box_Pipeline_1_fu_175 grp_cl_box_Pipeline_VITIS_LOOP_22_1_fu_181}} grp_cl_box_Pipeline_1_fu_175 {DEPTH 2 CHILDREN {}} grp_cl_box_Pipeline_VITIS_LOOP_22_1_fu_181 {DEPTH 2 CHILDREN {}}} MODULEDATA {cl_box_Pipeline_1 {BINDINFO {{BINDTYPE op ID {} IMPL auto LATENCY 0 OPTYPE seteq PRAGMA {} RTLNAME exitcond2_fu_50_p2 SOURCE {} VARIABLE exitcond2 LOOP {Loop 1} BUNDLEDNAME {} DSP 0 BRAM 0 URAM 0 STORAGESUBTYPE {} DISPNAME {bind_op seteq} VISIBLE false} {BINDTYPE op ID {} IMPL fabric LATENCY 0 OPTYPE add PRAGMA {} RTLNAME empty_10_fu_56_p2 SOURCE {} VARIABLE empty_10 LOOP {Loop 1} BUNDLEDNAME {} DSP 0 BRAM 0 URAM 0 STORAGESUBTYPE {} DISPNAME {bind_op add} VISIBLE true}} AREA {DSP 0 BRAM 0 URAM 0}} cl_box_Pipeline_VITIS_LOOP_22_1 {BINDINFO {{BINDTYPE op ID {} IMPL auto LATENCY 0 OPTYPE seteq PRAGMA {} RTLNAME icmp_ln22_fu_82_p2 SOURCE cl_box.cpp:22 VARIABLE icmp_ln22 LOOP VITIS_LOOP_22_1 BUNDLEDNAME {} DSP 0 BRAM 0 URAM 0 STORAGESUBTYPE {} DISPNAME {bind_op seteq} VISIBLE false} {BINDTYPE op ID {} IMPL fabric LATENCY 0 OPTYPE add PRAGMA {} RTLNAME add_ln24_fu_88_p2 SOURCE cl_box.cpp:24 VARIABLE add_ln24 LOOP VITIS_LOOP_22_1 BUNDLEDNAME {} DSP 0 BRAM 0 URAM 0 STORAGESUBTYPE {} DISPNAME {bind_op add} VISIBLE true}} AREA {DSP 0 BRAM 0 URAM 0}} cl_box {BINDINFO {{BINDTYPE storage ID {} IMPL auto LATENCY 1 OPTYPE ram_2p PRAGMA {} RTLNAME cmd_array_U SOURCE cl_box.cpp:15 VARIABLE cmd_array LOOP {} BUNDLEDNAME {} DSP 0 BRAM 0 URAM 0 STORAGESUBTYPE {} STORAGESIZE {32 5 1} STORAGEUSAGE {ram_2p array} DISPNAME {bind_storage ram_2p} VISIBLE true} {BINDTYPE op ID {} IMPL fabric LATENCY 0 OPTYPE add PRAGMA {} RTLNAME sub_i_fu_199_p2 SOURCE cl_box.cpp:21 VARIABLE sub_i LOOP {} BUNDLEDNAME {} DSP 0 BRAM 0 URAM 0 STORAGESUBTYPE {} DISPNAME {bind_op add} VISIBLE true} {BINDTYPE op ID {} IMPL fabric LATENCY 0 OPTYPE add PRAGMA {} RTLNAME add_ln22_fu_208_p2 SOURCE cl_box.cpp:22 VARIABLE add_ln22 LOOP {} BUNDLEDNAME {} DSP 0 BRAM 0 URAM 0 STORAGESUBTYPE {} DISPNAME {bind_op add} VISIBLE true}} AREA {DSP 0 BRAM 0 URAM 0}}}}'
INFO-FLOW: DBG:PUTS:      update_csynth_reports json2rpt_hw_sw_interfaces
INFO-FLOW: Running: gen_csynth_sec_pragma
INFO-FLOW: Done: gen_csynth_sec_pragma time: 0 seconds per iteration
INFO-FLOW: DBG:PUTS:      update_csynth_reports wrote xml
INFO-FLOW: DBG:PUTS:      update_csynth_reports appended to csynth rpt file
INFO: [HLS 200-111] Finished Updating report files: CPU user time: 0.11 seconds. CPU system time: 0.01 seconds. Elapsed time: 0.15 seconds; current allocated memory: 245.172 MB.
INFO: [VHDL 208-304] Generating VHDL RTL for cl_box.
INFO: [VLOG 209-307] Generating Verilog RTL for cl_box.
Execute         syn_report -model cl_box -printsummary 
INFO: [HLS 200-790] **** Loop Constraint Status: All loop constraints were satisfied.
INFO: [HLS 200-789] **** Estimated Fmax: 363.77 MHz
Command       autosyn done; 0.57 sec.
Command     csynth_design done; 9.92 sec.
INFO: [HLS 200-2161] Finished Command csynth_design Elapsed time: 00:00:09; Allocated memory: 48.988 MB.
Execute     cleanup_all 
