

================================================================
== Vitis HLS Report for 'cl_box'
================================================================
* Date:           Fri Nov 21 17:57:05 2025

* Version:        2024.2 (Build 5238294 on Nov  8 2024)
* Project:        cl_box
* Solution:       solution1 (Vivado IP Flow Target)
* Product family: virtexuplus
* Target device:  xcvu11p-flga2577-1-e


================================================================
== Performance Estimates
================================================================
+ Timing: 
    * Summary: 
    +--------+---------+----------+------------+
    |  Clock |  Target | Estimated| Uncertainty|
    +--------+---------+----------+------------+
    |ap_clk  |  4.00 ns|  2.749 ns|     1.08 ns|
    +--------+---------+----------+------------+

+ Latency: 
    * Summary: 
    +---------+---------+-----------+----------+-----+-----+---------+
    |  Latency (cycles) |  Latency (absolute)  |  Interval | Pipeline|
    |   min   |   max   |    min    |    max   | min | max |   Type  |
    +---------+---------+-----------+----------+-----+-----+---------+
    |       18|        ?|  72.000 ns|         ?|   19|    ?|       no|
    +---------+---------+-----------+----------+-----+-----+---------+

    + Detail: 
        * Instance: 
        N/A

        * Loop: 
        N/A

============================================================
+ Verbose Summary: Synthesis Manager
============================================================
InlineROM: 1
ExposeGlobal: 0
============================================================
+ Verbose Summary: CDFG Model
============================================================
IsTopModel: 1
ResetActiveHigh: 1
IsCombinational: 0
IsDatapathOnly: 0
HasWiredReturn: 1
HasMFsm: 0
HasVarLatency: 1
IsPipeline: 0
IsRtlPipelined: 0
IsInstanceOverlapped: 0
IsDontTouch: 0
HasImplIP: 0
IsGatedGlobalClock: 0


============================================================
+ Verbose Summary: Schedule
============================================================
* Number of FSM states : 9
* Pipeline : 0
* Dataflow Pipeline: 0

* FSM state transitions: 
1 --> 2 
2 --> 3 
3 --> 4 
4 --> 5 
5 --> 6 
6 --> 7 
7 --> 8 
8 --> 9 
9 --> 

* FSM state operations: 

State 1 <SV = 0> <Delay = 0.00>
ST_1 : Operation 10 [1/1] (0.00ns)   --->   "%cmd_array = alloca i64 1" [cl_box.cpp:15->cl_box.cpp:54]   --->   Operation 10 'alloca' 'cmd_array' <Predicate = true> <Delay = 0.00> <CoreInst = "RAM">   --->   Core 82 'RAM' <Latency = 1> <II = 1> <Delay = 0.73> <Storage> <Opcode : 'load' 'store'> <Ports = 2> <Width = 32> <Depth = 5> <RAM>
ST_1 : Operation 11 [2/2] (0.00ns)   --->   "%call_ln0 = call void @cl_box_Pipeline_1, i32 %cmd_array"   --->   Operation 11 'call' 'call_ln0' <Predicate = true> <Delay = 0.00> <CoreType = "Generic">   --->   Generic Core

State 2 <SV = 1> <Delay = 1.63>
ST_2 : Operation 12 [1/2] (1.63ns)   --->   "%call_ln0 = call void @cl_box_Pipeline_1, i32 %cmd_array"   --->   Operation 12 'call' 'call_ln0' <Predicate = true> <Delay = 1.63> <CoreType = "Generic">   --->   Generic Core

State 3 <SV = 2> <Delay = 2.60>
ST_3 : Operation 13 [1/1] ( I:1.46ns O:1.46ns )   --->   "%cmd_size = read i32 @_ssdm_op_Read.ap_fifo.volatile.i32P0A, i32 %ctl_cmd_stream" [cl_box.cpp:21->cl_box.cpp:54]   --->   Operation 13 'read' 'cmd_size' <Predicate = true> <Delay = 1.46> <CoreInst = "FIFO">   --->   Core 77 'FIFO' <Latency = 0> <II = 1> <Delay = 1.72> <Storage> <Opcode : 'read' 'write' 'nbread' 'nbwrite'> <Ports = 0> <Width = -1> <Depth = -1> <FIFO>
ST_3 : Operation 14 [1/1] (1.14ns)   --->   "%sub_i = add i32 %cmd_size, i32 4294967294" [cl_box.cpp:21->cl_box.cpp:54]   --->   Operation 14 'add' 'sub_i' <Predicate = true> <Delay = 1.14> <CoreInst = "Adder">   --->   Core 1 'Adder' <Latency = 0> <II = 1> <Delay = 1.14> <FuncUnit> <Opcode : 'add' 'sub'> <InPorts = 2> <OutPorts = 1>

State 4 <SV = 3> <Delay = 2.74>
ST_4 : Operation 15 [1/1] (0.00ns)   --->   "%zext_ln22 = zext i32 %sub_i" [cl_box.cpp:22->cl_box.cpp:54]   --->   Operation 15 'zext' 'zext_ln22' <Predicate = true> <Delay = 0.00>
ST_4 : Operation 16 [1/1] (1.14ns)   --->   "%add_ln22 = add i33 %zext_ln22, i33 1" [cl_box.cpp:22->cl_box.cpp:54]   --->   Operation 16 'add' 'add_ln22' <Predicate = true> <Delay = 1.14> <CoreInst = "Adder">   --->   Core 1 'Adder' <Latency = 0> <II = 1> <Delay = 1.14> <FuncUnit> <Opcode : 'add' 'sub'> <InPorts = 2> <OutPorts = 1>
ST_4 : Operation 17 [2/2] (1.60ns)   --->   "%call_ln22 = call void @cl_box_Pipeline_VITIS_LOOP_22_1, i33 %add_ln22, i32 %ctl_cmd_stream, i32 %cmd_array" [cl_box.cpp:22->cl_box.cpp:54]   --->   Operation 17 'call' 'call_ln22' <Predicate = true> <Delay = 1.60> <CoreType = "Generic">   --->   Generic Core

State 5 <SV = 4> <Delay = 2.06>
ST_5 : Operation 18 [1/2] (2.06ns)   --->   "%call_ln22 = call void @cl_box_Pipeline_VITIS_LOOP_22_1, i33 %add_ln22, i32 %ctl_cmd_stream, i32 %cmd_array" [cl_box.cpp:22->cl_box.cpp:54]   --->   Operation 18 'call' 'call_ln22' <Predicate = true> <Delay = 2.06> <CoreType = "Generic">   --->   Generic Core

State 6 <SV = 5> <Delay = 0.73>
ST_6 : Operation 19 [1/1] (0.00ns)   --->   "%cmd_array_addr = getelementptr i32 %cmd_array, i64 0, i64 0" [cl_box.cpp:27->cl_box.cpp:54]   --->   Operation 19 'getelementptr' 'cmd_array_addr' <Predicate = true> <Delay = 0.00>
ST_6 : Operation 20 [2/2] (0.73ns)   --->   "%cmd_array_load = load i3 %cmd_array_addr" [cl_box.cpp:27->cl_box.cpp:54]   --->   Operation 20 'load' 'cmd_array_load' <Predicate = true> <Delay = 0.73> <CoreInst = "RAM">   --->   Core 82 'RAM' <Latency = 1> <II = 1> <Delay = 0.73> <Storage> <Opcode : 'load' 'store'> <Ports = 2> <Width = 32> <Depth = 5> <RAM>
ST_6 : Operation 21 [1/1] (0.00ns)   --->   "%cmd_array_addr_1 = getelementptr i32 %cmd_array, i64 0, i64 1" [cl_box.cpp:28->cl_box.cpp:54]   --->   Operation 21 'getelementptr' 'cmd_array_addr_1' <Predicate = true> <Delay = 0.00>
ST_6 : Operation 22 [2/2] (0.73ns)   --->   "%cmd_array_load_1 = load i3 %cmd_array_addr_1" [cl_box.cpp:28->cl_box.cpp:54]   --->   Operation 22 'load' 'cmd_array_load_1' <Predicate = true> <Delay = 0.73> <CoreInst = "RAM">   --->   Core 82 'RAM' <Latency = 1> <II = 1> <Delay = 0.73> <Storage> <Opcode : 'load' 'store'> <Ports = 2> <Width = 32> <Depth = 5> <RAM>

State 7 <SV = 6> <Delay = 0.73>
ST_7 : Operation 23 [1/2] ( I:0.73ns O:0.73ns )   --->   "%cmd_array_load = load i3 %cmd_array_addr" [cl_box.cpp:27->cl_box.cpp:54]   --->   Operation 23 'load' 'cmd_array_load' <Predicate = true> <Delay = 0.73> <CoreInst = "RAM">   --->   Core 82 'RAM' <Latency = 1> <II = 1> <Delay = 0.73> <Storage> <Opcode : 'load' 'store'> <Ports = 2> <Width = 32> <Depth = 5> <RAM>
ST_7 : Operation 24 [1/1] (0.00ns)   --->   "%write_ln27 = write void @_ssdm_op_Write.ap_auto.i32P0A, i32 %a_baseaddr, i32 %cmd_array_load" [cl_box.cpp:27->cl_box.cpp:54]   --->   Operation 24 'write' 'write_ln27' <Predicate = true> <Delay = 0.00>
ST_7 : Operation 25 [1/2] ( I:0.73ns O:0.73ns )   --->   "%cmd_array_load_1 = load i3 %cmd_array_addr_1" [cl_box.cpp:28->cl_box.cpp:54]   --->   Operation 25 'load' 'cmd_array_load_1' <Predicate = true> <Delay = 0.73> <CoreInst = "RAM">   --->   Core 82 'RAM' <Latency = 1> <II = 1> <Delay = 0.73> <Storage> <Opcode : 'load' 'store'> <Ports = 2> <Width = 32> <Depth = 5> <RAM>
ST_7 : Operation 26 [1/1] (0.00ns)   --->   "%write_ln28 = write void @_ssdm_op_Write.ap_auto.i32P0A, i32 %b_baseaddr, i32 %cmd_array_load_1" [cl_box.cpp:28->cl_box.cpp:54]   --->   Operation 26 'write' 'write_ln28' <Predicate = true> <Delay = 0.00>
ST_7 : Operation 27 [1/1] (0.00ns)   --->   "%cmd_array_addr_2 = getelementptr i32 %cmd_array, i64 0, i64 2" [cl_box.cpp:29->cl_box.cpp:54]   --->   Operation 27 'getelementptr' 'cmd_array_addr_2' <Predicate = true> <Delay = 0.00>
ST_7 : Operation 28 [2/2] (0.73ns)   --->   "%cmd_array_load_2 = load i3 %cmd_array_addr_2" [cl_box.cpp:29->cl_box.cpp:54]   --->   Operation 28 'load' 'cmd_array_load_2' <Predicate = true> <Delay = 0.73> <CoreInst = "RAM">   --->   Core 82 'RAM' <Latency = 1> <II = 1> <Delay = 0.73> <Storage> <Opcode : 'load' 'store'> <Ports = 2> <Width = 32> <Depth = 5> <RAM>
ST_7 : Operation 29 [1/1] (0.00ns)   --->   "%cmd_array_addr_3 = getelementptr i32 %cmd_array, i64 0, i64 3" [cl_box.cpp:30->cl_box.cpp:54]   --->   Operation 29 'getelementptr' 'cmd_array_addr_3' <Predicate = true> <Delay = 0.00>
ST_7 : Operation 30 [2/2] (0.73ns)   --->   "%cmd_array_load_3 = load i3 %cmd_array_addr_3" [cl_box.cpp:30->cl_box.cpp:54]   --->   Operation 30 'load' 'cmd_array_load_3' <Predicate = true> <Delay = 0.73> <CoreInst = "RAM">   --->   Core 82 'RAM' <Latency = 1> <II = 1> <Delay = 0.73> <Storage> <Opcode : 'load' 'store'> <Ports = 2> <Width = 32> <Depth = 5> <RAM>

State 8 <SV = 7> <Delay = 0.73>
ST_8 : Operation 31 [1/2] ( I:0.73ns O:0.73ns )   --->   "%cmd_array_load_2 = load i3 %cmd_array_addr_2" [cl_box.cpp:29->cl_box.cpp:54]   --->   Operation 31 'load' 'cmd_array_load_2' <Predicate = true> <Delay = 0.73> <CoreInst = "RAM">   --->   Core 82 'RAM' <Latency = 1> <II = 1> <Delay = 0.73> <Storage> <Opcode : 'load' 'store'> <Ports = 2> <Width = 32> <Depth = 5> <RAM>
ST_8 : Operation 32 [1/1] (0.00ns)   --->   "%write_ln29 = write void @_ssdm_op_Write.ap_auto.i32P0A, i32 %c_baseaddr, i32 %cmd_array_load_2" [cl_box.cpp:29->cl_box.cpp:54]   --->   Operation 32 'write' 'write_ln29' <Predicate = true> <Delay = 0.00>
ST_8 : Operation 33 [1/2] ( I:0.73ns O:0.73ns )   --->   "%cmd_array_load_3 = load i3 %cmd_array_addr_3" [cl_box.cpp:30->cl_box.cpp:54]   --->   Operation 33 'load' 'cmd_array_load_3' <Predicate = true> <Delay = 0.73> <CoreInst = "RAM">   --->   Core 82 'RAM' <Latency = 1> <II = 1> <Delay = 0.73> <Storage> <Opcode : 'load' 'store'> <Ports = 2> <Width = 32> <Depth = 5> <RAM>
ST_8 : Operation 34 [1/1] (0.00ns)   --->   "%trunc_ln30 = trunc i32 %cmd_array_load_3" [cl_box.cpp:30->cl_box.cpp:54]   --->   Operation 34 'trunc' 'trunc_ln30' <Predicate = true> <Delay = 0.00>
ST_8 : Operation 35 [1/1] (0.00ns)   --->   "%lshr_ln = partselect i16 @_ssdm_op_PartSelect.i16.i32.i32.i32, i32 %cmd_array_load_3, i32 16, i32 31" [cl_box.cpp:30->cl_box.cpp:54]   --->   Operation 35 'partselect' 'lshr_ln' <Predicate = true> <Delay = 0.00>
ST_8 : Operation 36 [1/1] (0.00ns)   --->   "%zext_ln30 = zext i16 %lshr_ln" [cl_box.cpp:30->cl_box.cpp:54]   --->   Operation 36 'zext' 'zext_ln30' <Predicate = true> <Delay = 0.00>
ST_8 : Operation 37 [1/1] (0.00ns)   --->   "%write_ln30 = write void @_ssdm_op_Write.ap_auto.i32P0A, i32 %a_row, i32 %zext_ln30" [cl_box.cpp:30->cl_box.cpp:54]   --->   Operation 37 'write' 'write_ln30' <Predicate = true> <Delay = 0.00>
ST_8 : Operation 38 [1/1] (0.00ns)   --->   "%zext_ln31 = zext i16 %trunc_ln30" [cl_box.cpp:31->cl_box.cpp:54]   --->   Operation 38 'zext' 'zext_ln31' <Predicate = true> <Delay = 0.00>
ST_8 : Operation 39 [1/1] (0.00ns)   --->   "%write_ln31 = write void @_ssdm_op_Write.ap_auto.i32P0A, i32 %a_col, i32 %zext_ln31" [cl_box.cpp:31->cl_box.cpp:54]   --->   Operation 39 'write' 'write_ln31' <Predicate = true> <Delay = 0.00>
ST_8 : Operation 40 [1/1] (0.00ns)   --->   "%cmd_array_addr_4 = getelementptr i32 %cmd_array, i64 0, i64 4" [cl_box.cpp:32->cl_box.cpp:54]   --->   Operation 40 'getelementptr' 'cmd_array_addr_4' <Predicate = true> <Delay = 0.00>
ST_8 : Operation 41 [2/2] (0.73ns)   --->   "%cmd_array_load_4 = load i3 %cmd_array_addr_4" [cl_box.cpp:32->cl_box.cpp:54]   --->   Operation 41 'load' 'cmd_array_load_4' <Predicate = true> <Delay = 0.73> <CoreInst = "RAM">   --->   Core 82 'RAM' <Latency = 1> <II = 1> <Delay = 0.73> <Storage> <Opcode : 'load' 'store'> <Ports = 2> <Width = 32> <Depth = 5> <RAM>

State 9 <SV = 8> <Delay = 0.73>
ST_9 : Operation 42 [1/1] (0.00ns)   --->   "%spectopmodule_ln40 = spectopmodule void @_ssdm_op_SpecTopModule, void @empty_2" [cl_box.cpp:40]   --->   Operation 42 'spectopmodule' 'spectopmodule_ln40' <Predicate = true> <Delay = 0.00>
ST_9 : Operation 43 [1/1] (0.00ns)   --->   "%specinterface_ln40 = specinterface void @_ssdm_op_SpecInterface, i32 0, void @empty_3, i32 0, i32 0, void @empty, i32 0, i32 0, void @empty, void @empty, void @empty, i32 0, i32 0, i32 0, i32 0, void @empty, void @empty, i32 4294967295, i32 0, i32 0" [cl_box.cpp:40]   --->   Operation 43 'specinterface' 'specinterface_ln40' <Predicate = true> <Delay = 0.00>
ST_9 : Operation 44 [1/1] (0.00ns)   --->   "%specinterface_ln0 = specinterface void @_ssdm_op_SpecInterface, i32 %ctl_cmd_stream, void @empty_0, i32 0, i32 0, void @empty, i32 0, i32 0, void @empty, void @empty, void @empty, i32 0, i32 0, i32 0, i32 0, void @empty, void @empty, i32 4294967295, i32 0, i32 0"   --->   Operation 44 'specinterface' 'specinterface_ln0' <Predicate = true> <Delay = 0.00>
ST_9 : Operation 45 [1/1] (0.00ns)   --->   "%specbitsmap_ln0 = specbitsmap void @_ssdm_op_SpecBitsMap, i32 %ctl_cmd_stream"   --->   Operation 45 'specbitsmap' 'specbitsmap_ln0' <Predicate = true> <Delay = 0.00>
ST_9 : Operation 46 [1/1] (0.00ns)   --->   "%specbitsmap_ln0 = specbitsmap void @_ssdm_op_SpecBitsMap, i32 %a_baseaddr"   --->   Operation 46 'specbitsmap' 'specbitsmap_ln0' <Predicate = true> <Delay = 0.00>
ST_9 : Operation 47 [1/1] (0.00ns)   --->   "%specinterface_ln0 = specinterface void @_ssdm_op_SpecInterface, i32 %a_baseaddr, void @empty_1, i32 0, i32 0, void @empty, i32 0, i32 0, void @empty, void @empty, void @empty, i32 0, i32 0, i32 0, i32 0, void @empty, void @empty, i32 4294967295, i32 0, i32 0"   --->   Operation 47 'specinterface' 'specinterface_ln0' <Predicate = true> <Delay = 0.00>
ST_9 : Operation 48 [1/1] (0.00ns)   --->   "%specbitsmap_ln0 = specbitsmap void @_ssdm_op_SpecBitsMap, i32 %b_baseaddr"   --->   Operation 48 'specbitsmap' 'specbitsmap_ln0' <Predicate = true> <Delay = 0.00>
ST_9 : Operation 49 [1/1] (0.00ns)   --->   "%specinterface_ln0 = specinterface void @_ssdm_op_SpecInterface, i32 %b_baseaddr, void @empty_1, i32 0, i32 0, void @empty, i32 0, i32 0, void @empty, void @empty, void @empty, i32 0, i32 0, i32 0, i32 0, void @empty, void @empty, i32 4294967295, i32 0, i32 0"   --->   Operation 49 'specinterface' 'specinterface_ln0' <Predicate = true> <Delay = 0.00>
ST_9 : Operation 50 [1/1] (0.00ns)   --->   "%specbitsmap_ln0 = specbitsmap void @_ssdm_op_SpecBitsMap, i32 %c_baseaddr"   --->   Operation 50 'specbitsmap' 'specbitsmap_ln0' <Predicate = true> <Delay = 0.00>
ST_9 : Operation 51 [1/1] (0.00ns)   --->   "%specinterface_ln0 = specinterface void @_ssdm_op_SpecInterface, i32 %c_baseaddr, void @empty_1, i32 0, i32 0, void @empty, i32 0, i32 0, void @empty, void @empty, void @empty, i32 0, i32 0, i32 0, i32 0, void @empty, void @empty, i32 4294967295, i32 0, i32 0"   --->   Operation 51 'specinterface' 'specinterface_ln0' <Predicate = true> <Delay = 0.00>
ST_9 : Operation 52 [1/1] (0.00ns)   --->   "%specbitsmap_ln0 = specbitsmap void @_ssdm_op_SpecBitsMap, i32 %a_row"   --->   Operation 52 'specbitsmap' 'specbitsmap_ln0' <Predicate = true> <Delay = 0.00>
ST_9 : Operation 53 [1/1] (0.00ns)   --->   "%specinterface_ln0 = specinterface void @_ssdm_op_SpecInterface, i32 %a_row, void @empty_1, i32 0, i32 0, void @empty, i32 0, i32 0, void @empty, void @empty, void @empty, i32 0, i32 0, i32 0, i32 0, void @empty, void @empty, i32 4294967295, i32 0, i32 0"   --->   Operation 53 'specinterface' 'specinterface_ln0' <Predicate = true> <Delay = 0.00>
ST_9 : Operation 54 [1/1] (0.00ns)   --->   "%specbitsmap_ln0 = specbitsmap void @_ssdm_op_SpecBitsMap, i32 %a_col"   --->   Operation 54 'specbitsmap' 'specbitsmap_ln0' <Predicate = true> <Delay = 0.00>
ST_9 : Operation 55 [1/1] (0.00ns)   --->   "%specinterface_ln0 = specinterface void @_ssdm_op_SpecInterface, i32 %a_col, void @empty_1, i32 0, i32 0, void @empty, i32 0, i32 0, void @empty, void @empty, void @empty, i32 0, i32 0, i32 0, i32 0, void @empty, void @empty, i32 4294967295, i32 0, i32 0"   --->   Operation 55 'specinterface' 'specinterface_ln0' <Predicate = true> <Delay = 0.00>
ST_9 : Operation 56 [1/1] (0.00ns)   --->   "%specbitsmap_ln0 = specbitsmap void @_ssdm_op_SpecBitsMap, i32 %b_col"   --->   Operation 56 'specbitsmap' 'specbitsmap_ln0' <Predicate = true> <Delay = 0.00>
ST_9 : Operation 57 [1/1] (0.00ns)   --->   "%specinterface_ln0 = specinterface void @_ssdm_op_SpecInterface, i32 %b_col, void @empty_1, i32 0, i32 0, void @empty, i32 0, i32 0, void @empty, void @empty, void @empty, i32 0, i32 0, i32 0, i32 0, void @empty, void @empty, i32 4294967295, i32 0, i32 0"   --->   Operation 57 'specinterface' 'specinterface_ln0' <Predicate = true> <Delay = 0.00>
ST_9 : Operation 58 [1/1] (0.00ns)   --->   "%specbitsmap_ln0 = specbitsmap void @_ssdm_op_SpecBitsMap, i32 %work_id"   --->   Operation 58 'specbitsmap' 'specbitsmap_ln0' <Predicate = true> <Delay = 0.00>
ST_9 : Operation 59 [1/1] (0.00ns)   --->   "%specinterface_ln0 = specinterface void @_ssdm_op_SpecInterface, i32 %work_id, void @empty_1, i32 0, i32 0, void @empty, i32 0, i32 0, void @empty, void @empty, void @empty, i32 0, i32 0, i32 0, i32 0, void @empty, void @empty, i32 4294967295, i32 0, i32 0"   --->   Operation 59 'specinterface' 'specinterface_ln0' <Predicate = true> <Delay = 0.00>
ST_9 : Operation 60 [1/2] ( I:0.73ns O:0.73ns )   --->   "%cmd_array_load_4 = load i3 %cmd_array_addr_4" [cl_box.cpp:32->cl_box.cpp:54]   --->   Operation 60 'load' 'cmd_array_load_4' <Predicate = true> <Delay = 0.73> <CoreInst = "RAM">   --->   Core 82 'RAM' <Latency = 1> <II = 1> <Delay = 0.73> <Storage> <Opcode : 'load' 'store'> <Ports = 2> <Width = 32> <Depth = 5> <RAM>
ST_9 : Operation 61 [1/1] (0.00ns)   --->   "%trunc_ln32 = trunc i32 %cmd_array_load_4" [cl_box.cpp:32->cl_box.cpp:54]   --->   Operation 61 'trunc' 'trunc_ln32' <Predicate = true> <Delay = 0.00>
ST_9 : Operation 62 [1/1] (0.00ns)   --->   "%lshr_ln1 = partselect i16 @_ssdm_op_PartSelect.i16.i32.i32.i32, i32 %cmd_array_load_4, i32 16, i32 31" [cl_box.cpp:32->cl_box.cpp:54]   --->   Operation 62 'partselect' 'lshr_ln1' <Predicate = true> <Delay = 0.00>
ST_9 : Operation 63 [1/1] (0.00ns)   --->   "%zext_ln32 = zext i16 %lshr_ln1" [cl_box.cpp:32->cl_box.cpp:54]   --->   Operation 63 'zext' 'zext_ln32' <Predicate = true> <Delay = 0.00>
ST_9 : Operation 64 [1/1] (0.00ns)   --->   "%write_ln32 = write void @_ssdm_op_Write.ap_auto.i32P0A, i32 %b_col, i32 %zext_ln32" [cl_box.cpp:32->cl_box.cpp:54]   --->   Operation 64 'write' 'write_ln32' <Predicate = true> <Delay = 0.00>
ST_9 : Operation 65 [1/1] (0.00ns)   --->   "%zext_ln33 = zext i16 %trunc_ln32" [cl_box.cpp:33->cl_box.cpp:54]   --->   Operation 65 'zext' 'zext_ln33' <Predicate = true> <Delay = 0.00>
ST_9 : Operation 66 [1/1] (0.00ns)   --->   "%write_ln33 = write void @_ssdm_op_Write.ap_auto.i32P0A, i32 %work_id, i32 %zext_ln33" [cl_box.cpp:33->cl_box.cpp:54]   --->   Operation 66 'write' 'write_ln33' <Predicate = true> <Delay = 0.00>
ST_9 : Operation 67 [1/1] (0.00ns)   --->   "%ret_ln56 = ret" [cl_box.cpp:56]   --->   Operation 67 'ret' 'ret_ln56' <Predicate = true> <Delay = 0.00>


============================================================
+ Verbose Summary: Timing violations
============================================================
Target clock period: 4.000ns, clock uncertainty: 1.080ns.

 <State 1>: 0.000ns
The critical path consists of the following:

 <State 2>: 1.635ns
The critical path consists of the following:
	'call' operation 0 bit ('call_ln0') to 'cl_box_Pipeline_1' [28]  (1.635 ns)

 <State 3>: 2.602ns
The critical path consists of the following:
	fifo read operation ('cmd_size', cl_box.cpp:21->cl_box.cpp:54) on port 'ctl_cmd_stream' (cl_box.cpp:21->cl_box.cpp:54) [29]  (1.460 ns)
	'add' operation 32 bit ('sub_i', cl_box.cpp:21->cl_box.cpp:54) [30]  (1.142 ns)

 <State 4>: 2.749ns
The critical path consists of the following:
	'add' operation 33 bit ('add_ln22', cl_box.cpp:22->cl_box.cpp:54) [32]  (1.142 ns)
	'call' operation 0 bit ('call_ln22', cl_box.cpp:22->cl_box.cpp:54) to 'cl_box_Pipeline_VITIS_LOOP_22_1' [33]  (1.607 ns)

 <State 5>: 2.067ns
The critical path consists of the following:
	'call' operation 0 bit ('call_ln22', cl_box.cpp:22->cl_box.cpp:54) to 'cl_box_Pipeline_VITIS_LOOP_22_1' [33]  (2.067 ns)

 <State 6>: 0.730ns
The critical path consists of the following:
	'getelementptr' operation 3 bit ('cmd_array_addr', cl_box.cpp:27->cl_box.cpp:54) [34]  (0.000 ns)
	'load' operation 32 bit ('cmd_array_load', cl_box.cpp:27->cl_box.cpp:54) on array 'cmd_array', cl_box.cpp:15->cl_box.cpp:54 [35]  (0.730 ns)

 <State 7>: 0.730ns
The critical path consists of the following:
	'load' operation 32 bit ('cmd_array_load', cl_box.cpp:27->cl_box.cpp:54) on array 'cmd_array', cl_box.cpp:15->cl_box.cpp:54 [35]  (0.730 ns)

 <State 8>: 0.730ns
The critical path consists of the following:
	'load' operation 32 bit ('cmd_array_load_2', cl_box.cpp:29->cl_box.cpp:54) on array 'cmd_array', cl_box.cpp:15->cl_box.cpp:54 [41]  (0.730 ns)

 <State 9>: 0.730ns
The critical path consists of the following:
	'load' operation 32 bit ('cmd_array_load_4', cl_box.cpp:32->cl_box.cpp:54) on array 'cmd_array', cl_box.cpp:15->cl_box.cpp:54 [52]  (0.730 ns)


============================================================
+ Verbose Summary: Binding
============================================================
N/A
* FSMD analyzer results:
  - Output states:
 - Input state : 
  - Chain level:
	State 1
	State 2
	State 3
	State 4
	State 5
	State 6
	State 7
	State 8
	State 9


============================================================
+ Verbose Summary: Datapath Resource usage 
============================================================
N/A
