

================================================================
== Vitis HLS Report for 'cl_box_Pipeline_VITIS_LOOP_22_1'
================================================================
* Date:           Fri Nov 21 17:57:05 2025

* Version:        2024.2 (Build 5238294 on Nov  8 2024)
* Project:        cl_box
* Solution:       solution1 (Vivado IP Flow Target)
* Product family: virtexuplus
* Target device:  xcvu11p-flga2577-1-e


================================================================
== Performance Estimates
================================================================
+ Timing: 
    * Summary: 
    +--------+---------+----------+------------+
    |  Clock |  Target | Estimated| Uncertainty|
    +--------+---------+----------+------------+
    |ap_clk  |  4.00 ns|  2.190 ns|     1.08 ns|
    +--------+---------+----------+------------+

+ Latency: 
    * Summary: 
    +---------+---------+-----------+----------+-----+-----+------------------------------------------------+
    |  Latency (cycles) |  Latency (absolute)  |  Interval |                    Pipeline                    |
    |   min   |   max   |    min    |    max   | min | max |                      Type                      |
    +---------+---------+-----------+----------+-----+-----+------------------------------------------------+
    |        3|        ?|  12.000 ns|         ?|    2|    0|  loop auto-rewind stp (delay=0 clock cycles(s))|
    +---------+---------+-----------+----------+-----+-----+------------------------------------------------+

    + Detail: 
        * Instance: 
        N/A

        * Loop: 
        +-------------------+---------+---------+----------+-----------+-----------+-------+----------+
        |                   |  Latency (cycles) | Iteration|  Initiation Interval  |  Trip |          |
        |     Loop Name     |   min   |   max   |  Latency |  achieved |   target  | Count | Pipelined|
        +-------------------+---------+---------+----------+-----------+-----------+-------+----------+
        |- VITIS_LOOP_22_1  |        1|        ?|         2|          1|          1|  1 ~ ?|       yes|
        +-------------------+---------+---------+----------+-----------+-----------+-------+----------+



================================================================
== Utilization Estimates
================================================================
* Summary: 
+---------------------+---------+------+---------+---------+-----+
|         Name        | BRAM_18K|  DSP |    FF   |   LUT   | URAM|
+---------------------+---------+------+---------+---------+-----+
|DSP                  |        -|     -|        -|        -|    -|
|Expression           |        -|     -|        0|       54|    -|
|FIFO                 |        -|     -|        -|        -|    -|
|Instance             |        -|     -|        -|        -|    -|
|Memory               |        -|     -|        -|        -|    -|
|Multiplexer          |        -|     -|        0|       45|    -|
|Register             |        -|     -|        9|        -|    -|
+---------------------+---------+------+---------+---------+-----+
|Total                |        0|     0|        9|       99|    0|
+---------------------+---------+------+---------+---------+-----+
|Available SLR        |     1344|  3072|   864000|   432000|  320|
+---------------------+---------+------+---------+---------+-----+
|Utilization SLR (%)  |        0|     0|       ~0|       ~0|    0|
+---------------------+---------+------+---------+---------+-----+
|Available            |     4032|  9216|  2592000|  1296000|  960|
+---------------------+---------+------+---------+---------+-----+
|Utilization (%)      |        0|     0|       ~0|       ~0|    0|
+---------------------+---------+------+---------+---------+-----+

+ Detail: 
    * Instance: 
    N/A

    * DSP: 
    N/A

    * Memory: 
    N/A

    * FIFO: 
    N/A

    * Expression: 
    +---------------------------+----------+----+---+----+------------+------------+
    |       Variable Name       | Operation| DSP| FF| LUT| Bitwidth P0| Bitwidth P1|
    +---------------------------+----------+----+---+----+------------+------------+
    |add_ln24_fu_88_p2          |         +|   0|  0|  10|           3|           1|
    |ap_block_pp0_stage0_11001  |       and|   0|  0|   2|           1|           1|
    |icmp_ln22_fu_82_p2         |      icmp|   0|  0|  40|          33|          33|
    |ap_enable_pp0              |       xor|   0|  0|   2|           1|           2|
    +---------------------------+----------+----+---+----+------------+------------+
    |Total                      |          |   0|  0|  54|          38|          37|
    +---------------------------+----------+----+---+----+------------+------------+

    * Multiplexer: 
    +-------------------------------+----+-----------+-----+-----------+
    |              Name             | LUT| Input Size| Bits| Total Bits|
    +-------------------------------+----+-----------+-----+-----------+
    |ap_done_int                    |   9|          2|    1|          2|
    |ap_enable_reg_pp0_iter1        |   9|          2|    1|          2|
    |ap_sig_allocacmp_cmd_recved_1  |   9|          2|    3|          6|
    |cmd_recved_fu_40               |   9|          2|    3|          6|
    |ctl_cmd_stream_blk_n           |   9|          2|    1|          2|
    +-------------------------------+----+-----------+-----+-----------+
    |Total                          |  45|         10|    9|         18|
    +-------------------------------+----+-----------+-----+-----------+

    * Register: 
    +-------------------------+---+----+-----+-----------+
    |           Name          | FF| LUT| Bits| Const Bits|
    +-------------------------+---+----+-----+-----------+
    |ap_CS_fsm                |  1|   0|    1|          0|
    |ap_done_reg              |  1|   0|    1|          0|
    |ap_enable_reg_pp0_iter1  |  1|   0|    1|          0|
    |cmd_recved_1_reg_110     |  3|   0|    3|          0|
    |cmd_recved_fu_40         |  3|   0|    3|          0|
    +-------------------------+---+----+-----+-----------+
    |Total                    |  9|   0|    9|          0|
    +-------------------------+---+----+-----+-----------+



================================================================
== Interface
================================================================
* Summary: 
+------------------------+-----+-----+------------+---------------------------------+--------------+
|        RTL Ports       | Dir | Bits|  Protocol  |          Source Object          |    C Type    |
+------------------------+-----+-----+------------+---------------------------------+--------------+
|ap_clk                  |   in|    1|  ap_ctrl_hs|  cl_box_Pipeline_VITIS_LOOP_22_1|  return value|
|ap_rst                  |   in|    1|  ap_ctrl_hs|  cl_box_Pipeline_VITIS_LOOP_22_1|  return value|
|ap_start                |   in|    1|  ap_ctrl_hs|  cl_box_Pipeline_VITIS_LOOP_22_1|  return value|
|ap_done                 |  out|    1|  ap_ctrl_hs|  cl_box_Pipeline_VITIS_LOOP_22_1|  return value|
|ap_idle                 |  out|    1|  ap_ctrl_hs|  cl_box_Pipeline_VITIS_LOOP_22_1|  return value|
|ap_ready                |  out|    1|  ap_ctrl_hs|  cl_box_Pipeline_VITIS_LOOP_22_1|  return value|
|ctl_cmd_stream_dout     |   in|   32|     ap_fifo|                   ctl_cmd_stream|       pointer|
|ctl_cmd_stream_empty_n  |   in|    1|     ap_fifo|                   ctl_cmd_stream|       pointer|
|ctl_cmd_stream_read     |  out|    1|     ap_fifo|                   ctl_cmd_stream|       pointer|
|add_ln22                |   in|   33|     ap_none|                         add_ln22|        scalar|
|cmd_array_address0      |  out|    3|   ap_memory|                        cmd_array|         array|
|cmd_array_ce0           |  out|    1|   ap_memory|                        cmd_array|         array|
|cmd_array_we0           |  out|    1|   ap_memory|                        cmd_array|         array|
|cmd_array_d0            |  out|   32|   ap_memory|                        cmd_array|         array|
+------------------------+-----+-----+------------+---------------------------------+--------------+

============================================================
+ Verbose Summary: Synthesis Manager
============================================================
InlineROM: 1
ExposeGlobal: 0
============================================================
+ Verbose Summary: CDFG Model
============================================================
IsTopModel: 0
ResetActiveHigh: 1
IsCombinational: 2
IsDatapathOnly: 2
HasWiredReturn: 1
HasMFsm: 2
HasVarLatency: 1
IsPipeline: 0
IsRtlPipelined: 0
IsInstanceOverlapped: 0
IsDontTouch: 0
HasImplIP: 0
IsGatedGlobalClock: 0

+ Individual pipeline summary: 
  * Pipeline-0: initiation interval (II) = 1, depth = 2


============================================================
+ Verbose Summary: Schedule
============================================================
* Number of FSM states : 2
* Pipeline : 1
  Pipeline-0 : II = 1, D = 2, States = { 1 2 }
* Dataflow Pipeline: 0

* FSM state transitions: 
1 --> 2 
2 --> 

* FSM state operations: 

State 1 <SV = 0> <Delay = 2.06>
ST_1 : Operation 5 [1/1] (0.00ns)   --->   "%cmd_recved = alloca i32 1" [cl_box.cpp:19->cl_box.cpp:54]   --->   Operation 5 'alloca' 'cmd_recved' <Predicate = true> <Delay = 0.00>
ST_1 : Operation 6 [1/1] (0.00ns)   --->   "%specinterface_ln0 = specinterface void @_ssdm_op_SpecInterface, i32 %ctl_cmd_stream, void @empty_0, i32 0, i32 0, void @empty, i32 0, i32 0, void @empty, void @empty, void @empty, i32 0, i32 0, i32 0, i32 0, void @empty, void @empty, i32 4294967295, i32 0, i32 0"   --->   Operation 6 'specinterface' 'specinterface_ln0' <Predicate = true> <Delay = 0.00>
ST_1 : Operation 7 [1/1] (0.00ns)   --->   "%add_ln22_read = read i33 @_ssdm_op_Read.ap_auto.i33, i33 %add_ln22"   --->   Operation 7 'read' 'add_ln22_read' <Predicate = true> <Delay = 0.00>
ST_1 : Operation 8 [1/1] (0.46ns)   --->   "%store_ln19 = store i3 0, i3 %cmd_recved" [cl_box.cpp:19->cl_box.cpp:54]   --->   Operation 8 'store' 'store_ln19' <Predicate = true> <Delay = 0.46>
ST_1 : Operation 9 [1/1] (0.00ns)   --->   "%br_ln22 = br void %while.body.i" [cl_box.cpp:22->cl_box.cpp:54]   --->   Operation 9 'br' 'br_ln22' <Predicate = true> <Delay = 0.00>
ST_1 : Operation 10 [1/1] (0.00ns)   --->   "%cmd_recved_1 = load i3 %cmd_recved" [cl_box.cpp:24->cl_box.cpp:54]   --->   Operation 10 'load' 'cmd_recved_1' <Predicate = true> <Delay = 0.00>
ST_1 : Operation 11 [1/1] (0.00ns)   --->   "%zext_ln22 = zext i3 %cmd_recved_1" [cl_box.cpp:22->cl_box.cpp:54]   --->   Operation 11 'zext' 'zext_ln22' <Predicate = true> <Delay = 0.00>
ST_1 : Operation 12 [1/1] (1.14ns)   --->   "%icmp_ln22 = icmp_eq  i33 %zext_ln22, i33 %add_ln22_read" [cl_box.cpp:22->cl_box.cpp:54]   --->   Operation 12 'icmp' 'icmp_ln22' <Predicate = true> <Delay = 1.14> <CoreInst = "Cmp">   --->   Core 9 'Cmp' <Latency = 0> <II = 1> <Delay = 1.14> <FuncUnit> <Opcode : 'seteq' 'setne' 'setle' 'setge' 'setlt' 'setgt'> <InPorts = 2> <OutPorts = 1>
ST_1 : Operation 13 [1/1] (0.00ns)   --->   "%speclooptripcount_ln0 = speclooptripcount void @_ssdm_op_SpecLoopTripCount, i64 1, i64 18446744073709551615, i64 0"   --->   Operation 13 'speclooptripcount' 'speclooptripcount_ln0' <Predicate = true> <Delay = 0.00>
ST_1 : Operation 14 [1/1] (0.71ns)   --->   "%add_ln24 = add i3 %cmd_recved_1, i3 1" [cl_box.cpp:24->cl_box.cpp:54]   --->   Operation 14 'add' 'add_ln24' <Predicate = true> <Delay = 0.71> <CoreInst = "Adder">   --->   Core 1 'Adder' <Latency = 0> <II = 1> <Delay = 0.71> <FuncUnit> <Opcode : 'add' 'sub'> <InPorts = 2> <OutPorts = 1>
ST_1 : Operation 15 [1/1] (0.00ns)   --->   "%br_ln22 = br i1 %icmp_ln22, void %while.body.i.split, void %_Z13parse_ctl_cmdRN3hls6streamIjLi0EEERiS3_S3_S3_S3_S3_S3_.1.exit.exitStub" [cl_box.cpp:22->cl_box.cpp:54]   --->   Operation 15 'br' 'br_ln22' <Predicate = true> <Delay = 0.00>
ST_1 : Operation 16 [1/1] (0.46ns)   --->   "%store_ln19 = store i3 %add_ln24, i3 %cmd_recved" [cl_box.cpp:19->cl_box.cpp:54]   --->   Operation 16 'store' 'store_ln19' <Predicate = (!icmp_ln22)> <Delay = 0.46>
ST_1 : Operation 24 [1/1] (0.46ns)   --->   "%ret_ln0 = ret"   --->   Operation 24 'ret' 'ret_ln0' <Predicate = (icmp_ln22)> <Delay = 0.46>

State 2 <SV = 1> <Delay = 2.19>
ST_2 : Operation 17 [1/1] (0.00ns)   --->   "%zext_ln22_1 = zext i3 %cmd_recved_1" [cl_box.cpp:22->cl_box.cpp:54]   --->   Operation 17 'zext' 'zext_ln22_1' <Predicate = true> <Delay = 0.00>
ST_2 : Operation 18 [1/1] (0.00ns)   --->   "%specpipeline_ln19 = specpipeline void @_ssdm_op_SpecPipeline, i32 4294967295, i32 0, i32 0, i32 0, void @empty" [cl_box.cpp:19->cl_box.cpp:54]   --->   Operation 18 'specpipeline' 'specpipeline_ln19' <Predicate = true> <Delay = 0.00>
ST_2 : Operation 19 [1/1] (0.00ns)   --->   "%specloopname_ln22 = specloopname void @_ssdm_op_SpecLoopName, void @empty_4" [cl_box.cpp:22->cl_box.cpp:54]   --->   Operation 19 'specloopname' 'specloopname_ln22' <Predicate = true> <Delay = 0.00>
ST_2 : Operation 20 [1/1] ( I:1.46ns O:1.46ns )   --->   "%ctl_cmd_stream_read = read i32 @_ssdm_op_Read.ap_fifo.volatile.i32P0A, i32 %ctl_cmd_stream" [cl_box.cpp:23->cl_box.cpp:54]   --->   Operation 20 'read' 'ctl_cmd_stream_read' <Predicate = true> <Delay = 1.46> <CoreInst = "FIFO">   --->   Core 77 'FIFO' <Latency = 0> <II = 1> <Delay = 1.72> <Storage> <Opcode : 'read' 'write' 'nbread' 'nbwrite'> <Ports = 0> <Width = -1> <Depth = -1> <FIFO>
ST_2 : Operation 21 [1/1] (0.00ns)   --->   "%cmd_array_addr = getelementptr i32 %cmd_array, i64 0, i64 %zext_ln22_1" [cl_box.cpp:23->cl_box.cpp:54]   --->   Operation 21 'getelementptr' 'cmd_array_addr' <Predicate = true> <Delay = 0.00>
ST_2 : Operation 22 [1/1] ( I:0.73ns O:0.73ns )   --->   "%store_ln23 = store i32 %ctl_cmd_stream_read, i3 %cmd_array_addr" [cl_box.cpp:23->cl_box.cpp:54]   --->   Operation 22 'store' 'store_ln23' <Predicate = true> <Delay = 0.73> <CoreInst = "RAM">   --->   Core 82 'RAM' <Latency = 1> <II = 1> <Delay = 0.73> <Storage> <Opcode : 'load' 'store'> <Ports = 2> <Width = 32> <Depth = 5> <RAM>
ST_2 : Operation 23 [1/1] (0.00ns)   --->   "%br_ln22 = br void %while.body.i" [cl_box.cpp:22->cl_box.cpp:54]   --->   Operation 23 'br' 'br_ln22' <Predicate = true> <Delay = 0.00>


============================================================
+ Verbose Summary: Binding
============================================================
STG Binding: 
---------------- STG Properties BEGIN ----------------
- Is combinational: 0
- Is one-state seq: 0
- Is datapath-only: 0
- Is pipelined: 0
- Is top level: 0
Port [ Return ] is wired: 1; IO mode=ap_ctrl_hs:ce=0
Port [ add_ln22]:  wired=1; compound=0; hidden=0; nouse=0; global=0; static=0; extern=0; dir=0; type=0; pingpong=0; private_global=0; IO mode=ap_none:ce=0
Port [ ctl_cmd_stream]:  wired=1; compound=1; hidden=0; nouse=0; global=0; static=0; extern=0; dir=0; type=3; pingpong=0; private_global=0; IO mode=ap_fifo:ce=0
Port [ cmd_array]:  wired=1; compound=1; hidden=0; nouse=0; global=0; static=0; extern=0; dir=1; type=1; pingpong=0; private_global=0; MemPort=[03]; IO mode=ap_memory:ce=0
---------------- STG Properties END ------------------

---------------- Datapath Model BEGIN ----------------

<LifeTime>
<method=bitvector/>
cmd_recved            (alloca           ) [ 010]
specinterface_ln0     (specinterface    ) [ 000]
add_ln22_read         (read             ) [ 000]
store_ln19            (store            ) [ 000]
br_ln22               (br               ) [ 000]
cmd_recved_1          (load             ) [ 011]
zext_ln22             (zext             ) [ 000]
icmp_ln22             (icmp             ) [ 010]
speclooptripcount_ln0 (speclooptripcount) [ 000]
add_ln24              (add              ) [ 000]
br_ln22               (br               ) [ 000]
store_ln19            (store            ) [ 000]
zext_ln22_1           (zext             ) [ 000]
specpipeline_ln19     (specpipeline     ) [ 000]
specloopname_ln22     (specloopname     ) [ 000]
ctl_cmd_stream_read   (read             ) [ 000]
cmd_array_addr        (getelementptr    ) [ 000]
store_ln23            (store            ) [ 000]
br_ln22               (br               ) [ 000]
ret_ln0               (ret              ) [ 000]
</LifeTime>

<model>

<comp_list>
<comp id="0" class="1000" name="add_ln22">
<pin_list>
<pin id="1" dir="1" index="0" bw="1" slack="0"/>
</pin_list>
<bind>
<StgValue><ssdm name="add_ln22"/></StgValue>
</bind>
</comp>

<comp id="2" class="1000" name="ctl_cmd_stream">
<pin_list>
<pin id="3" dir="1" index="0" bw="1" slack="0"/>
</pin_list>
<bind>
<StgValue><ssdm name="ctl_cmd_stream"/></StgValue>
</bind>
</comp>

<comp id="4" class="1000" name="cmd_array">
<pin_list>
<pin id="5" dir="1" index="0" bw="1" slack="0"/>
</pin_list>
<bind>
<StgValue><ssdm name="cmd_array"/><MemPortTyVec>0 3 </MemPortTyVec>
</StgValue>
</bind>
</comp>

<comp id="6" class="1001" name="const_6">
<pin_list>
<pin id="7" dir="1" index="0" bw="1" slack="0"/>
</pin_list>
<bind>
<StgValue><ssdm name=""/></StgValue>
</bind>
</comp>

<comp id="8" class="1001" name="const_8">
<pin_list>
<pin id="9" dir="1" index="0" bw="1" slack="2147483647"/>
</pin_list>
<bind>
<StgValue><ssdm name="_ssdm_op_SpecInterface"/></StgValue>
</bind>
</comp>

<comp id="10" class="1001" name="const_10">
<pin_list>
<pin id="11" dir="1" index="0" bw="1" slack="2147483647"/>
</pin_list>
<bind>
<StgValue><ssdm name="empty_0"/></StgValue>
</bind>
</comp>

<comp id="12" class="1001" name="const_12">
<pin_list>
<pin id="13" dir="1" index="0" bw="1" slack="2147483647"/>
</pin_list>
<bind>
<StgValue><ssdm name=""/></StgValue>
</bind>
</comp>

<comp id="14" class="1001" name="const_14">
<pin_list>
<pin id="15" dir="1" index="0" bw="1" slack="2147483647"/>
</pin_list>
<bind>
<StgValue><ssdm name="empty"/></StgValue>
</bind>
</comp>

<comp id="16" class="1001" name="const_16">
<pin_list>
<pin id="17" dir="1" index="0" bw="1" slack="2147483647"/>
</pin_list>
<bind>
<StgValue><ssdm name=""/></StgValue>
</bind>
</comp>

<comp id="18" class="1001" name="const_18">
<pin_list>
<pin id="19" dir="1" index="0" bw="1" slack="0"/>
</pin_list>
<bind>
<StgValue><ssdm name="_ssdm_op_Read.ap_auto.i33"/></StgValue>
</bind>
</comp>

<comp id="20" class="1001" name="const_20">
<pin_list>
<pin id="21" dir="1" index="0" bw="1" slack="0"/>
</pin_list>
<bind>
<StgValue><ssdm name=""/></StgValue>
</bind>
</comp>

<comp id="22" class="1001" name="const_22">
<pin_list>
<pin id="23" dir="1" index="0" bw="1" slack="2147483647"/>
</pin_list>
<bind>
<StgValue><ssdm name="_ssdm_op_SpecLoopTripCount"/></StgValue>
</bind>
</comp>

<comp id="24" class="1001" name="const_24">
<pin_list>
<pin id="25" dir="1" index="0" bw="1" slack="2147483647"/>
</pin_list>
<bind>
<StgValue><ssdm name=""/></StgValue>
</bind>
</comp>

<comp id="26" class="1001" name="const_26">
<pin_list>
<pin id="27" dir="1" index="0" bw="1" slack="2147483647"/>
</pin_list>
<bind>
<StgValue><ssdm name=""/></StgValue>
</bind>
</comp>

<comp id="28" class="1001" name="const_28">
<pin_list>
<pin id="29" dir="1" index="0" bw="1" slack="0"/>
</pin_list>
<bind>
<StgValue><ssdm name=""/></StgValue>
</bind>
</comp>

<comp id="30" class="1001" name="const_30">
<pin_list>
<pin id="31" dir="1" index="0" bw="1" slack="0"/>
</pin_list>
<bind>
<StgValue><ssdm name=""/></StgValue>
</bind>
</comp>

<comp id="32" class="1001" name="const_32">
<pin_list>
<pin id="33" dir="1" index="0" bw="1" slack="2147483647"/>
</pin_list>
<bind>
<StgValue><ssdm name="_ssdm_op_SpecPipeline"/></StgValue>
</bind>
</comp>

<comp id="34" class="1001" name="const_34">
<pin_list>
<pin id="35" dir="1" index="0" bw="1" slack="2147483647"/>
</pin_list>
<bind>
<StgValue><ssdm name="_ssdm_op_SpecLoopName"/></StgValue>
</bind>
</comp>

<comp id="36" class="1001" name="const_36">
<pin_list>
<pin id="37" dir="1" index="0" bw="1" slack="2147483647"/>
</pin_list>
<bind>
<StgValue><ssdm name="empty_4"/></StgValue>
</bind>
</comp>

<comp id="38" class="1001" name="const_38">
<pin_list>
<pin id="39" dir="1" index="0" bw="1" slack="0"/>
</pin_list>
<bind>
<StgValue><ssdm name="_ssdm_op_Read.ap_fifo.volatile.i32P0A"/></StgValue>
</bind>
</comp>

<comp id="40" class="1004" name="cmd_recved_fu_40">
<pin_list>
<pin id="41" dir="0" index="0" bw="1" slack="0"/>
<pin id="42" dir="1" index="1" bw="3" slack="0"/>
</pin_list>
<bind>
<opcode="alloca(26) " fcode="alloca"/>
<opset="cmd_recved/1 "/>
</bind>
</comp>

<comp id="44" class="1004" name="add_ln22_read_read_fu_44">
<pin_list>
<pin id="45" dir="0" index="0" bw="33" slack="0"/>
<pin id="46" dir="0" index="1" bw="33" slack="0"/>
<pin id="47" dir="1" index="2" bw="33" slack="0"/>
</pin_list>
<bind>
<opcode="read(1150) " fcode="read"/>
<opset="add_ln22_read/1 "/>
</bind>
</comp>

<comp id="50" class="1004" name="ctl_cmd_stream_read_read_fu_50">
<pin_list>
<pin id="51" dir="0" index="0" bw="32" slack="0"/>
<pin id="52" dir="0" index="1" bw="32" slack="0"/>
<pin id="53" dir="1" index="2" bw="32" slack="0"/>
</pin_list>
<bind>
<opcode="read(1150) " fcode="read"/>
<opset="ctl_cmd_stream_read/2 "/>
</bind>
</comp>

<comp id="56" class="1004" name="cmd_array_addr_gep_fu_56">
<pin_list>
<pin id="57" dir="0" index="0" bw="32" slack="0"/>
<pin id="58" dir="0" index="1" bw="1" slack="0"/>
<pin id="59" dir="0" index="2" bw="3" slack="0"/>
<pin id="60" dir="1" index="3" bw="3" slack="0"/>
</pin_list>
<bind>
<opcode="getelementptr(29) " fcode="getelementptr"/>
<opset="cmd_array_addr/2 "/>
</bind>
</comp>

<comp id="63" class="1004" name="store_ln23_access_fu_63">
<pin_list>
<pin id="64" dir="0" index="0" bw="3" slack="0"/>
<pin id="65" dir="0" index="1" bw="32" slack="0"/>
<pin id="66" dir="0" index="2" bw="0" slack="2147483647"/>
<pin id="67" dir="1" index="3" bw="32" slack="2147483647"/>
</pin_list>
<bind>
<opcode="store(28) " fcode="store"/>
<opset="store_ln23/2 "/>
</bind>
</comp>

<comp id="70" class="1004" name="store_ln19_store_fu_70">
<pin_list>
<pin id="71" dir="0" index="0" bw="1" slack="0"/>
<pin id="72" dir="0" index="1" bw="3" slack="0"/>
<pin id="73" dir="1" index="2" bw="0" slack="2147483647"/>
</pin_list>
<bind>
<opcode="store(28) " fcode="store"/>
<opset="store_ln19/1 "/>
</bind>
</comp>

<comp id="75" class="1004" name="cmd_recved_1_load_fu_75">
<pin_list>
<pin id="76" dir="0" index="0" bw="3" slack="0"/>
<pin id="77" dir="1" index="1" bw="3" slack="0"/>
</pin_list>
<bind>
<opcode="load(27) " fcode="load"/>
<opset="cmd_recved_1/1 "/>
</bind>
</comp>

<comp id="78" class="1004" name="zext_ln22_fu_78">
<pin_list>
<pin id="79" dir="0" index="0" bw="3" slack="0"/>
<pin id="80" dir="1" index="1" bw="33" slack="0"/>
</pin_list>
<bind>
<opcode="zext(34) " fcode="zext"/>
<opset="zext_ln22/1 "/>
</bind>
</comp>

<comp id="82" class="1004" name="icmp_ln22_fu_82">
<pin_list>
<pin id="83" dir="0" index="0" bw="33" slack="0"/>
<pin id="84" dir="0" index="1" bw="33" slack="0"/>
<pin id="85" dir="1" index="2" bw="1" slack="2147483647"/>
</pin_list>
<bind>
<opcode="icmp(45) " fcode="icmp"/>
<opset="icmp_ln22/1 "/>
</bind>
</comp>

<comp id="88" class="1004" name="add_ln24_fu_88">
<pin_list>
<pin id="89" dir="0" index="0" bw="3" slack="0"/>
<pin id="90" dir="0" index="1" bw="1" slack="0"/>
<pin id="91" dir="1" index="2" bw="3" slack="0"/>
</pin_list>
<bind>
<opcode="add(8) " fcode="add"/>
<opset="add_ln24/1 "/>
</bind>
</comp>

<comp id="94" class="1004" name="store_ln19_store_fu_94">
<pin_list>
<pin id="95" dir="0" index="0" bw="3" slack="0"/>
<pin id="96" dir="0" index="1" bw="3" slack="0"/>
<pin id="97" dir="1" index="2" bw="0" slack="2147483647"/>
</pin_list>
<bind>
<opcode="store(28) " fcode="store"/>
<opset="store_ln19/1 "/>
</bind>
</comp>

<comp id="99" class="1004" name="zext_ln22_1_fu_99">
<pin_list>
<pin id="100" dir="0" index="0" bw="3" slack="1"/>
<pin id="101" dir="1" index="1" bw="64" slack="0"/>
</pin_list>
<bind>
<opcode="zext(34) " fcode="zext"/>
<opset="zext_ln22_1/2 "/>
</bind>
</comp>

<comp id="103" class="1005" name="cmd_recved_reg_103">
<pin_list>
<pin id="104" dir="0" index="0" bw="3" slack="0"/>
<pin id="105" dir="1" index="1" bw="3" slack="0"/>
</pin_list>
<bind>
<opset="cmd_recved "/>
</bind>
</comp>

<comp id="110" class="1005" name="cmd_recved_1_reg_110">
<pin_list>
<pin id="111" dir="0" index="0" bw="3" slack="1"/>
<pin id="112" dir="1" index="1" bw="3" slack="1"/>
</pin_list>
<bind>
<opset="cmd_recved_1 "/>
</bind>
</comp>

</comp_list>

<net_list>
<net id="43"><net_src comp="6" pin="0"/><net_sink comp="40" pin=0"/></net>

<net id="48"><net_src comp="18" pin="0"/><net_sink comp="44" pin=0"/></net>

<net id="49"><net_src comp="0" pin="0"/><net_sink comp="44" pin=1"/></net>

<net id="54"><net_src comp="38" pin="0"/><net_sink comp="50" pin=0"/></net>

<net id="55"><net_src comp="2" pin="0"/><net_sink comp="50" pin=1"/></net>

<net id="61"><net_src comp="4" pin="0"/><net_sink comp="56" pin=0"/></net>

<net id="62"><net_src comp="28" pin="0"/><net_sink comp="56" pin=1"/></net>

<net id="68"><net_src comp="50" pin="2"/><net_sink comp="63" pin=1"/></net>

<net id="69"><net_src comp="56" pin="3"/><net_sink comp="63" pin=0"/></net>

<net id="74"><net_src comp="20" pin="0"/><net_sink comp="70" pin=0"/></net>

<net id="81"><net_src comp="75" pin="1"/><net_sink comp="78" pin=0"/></net>

<net id="86"><net_src comp="78" pin="1"/><net_sink comp="82" pin=0"/></net>

<net id="87"><net_src comp="44" pin="2"/><net_sink comp="82" pin=1"/></net>

<net id="92"><net_src comp="75" pin="1"/><net_sink comp="88" pin=0"/></net>

<net id="93"><net_src comp="30" pin="0"/><net_sink comp="88" pin=1"/></net>

<net id="98"><net_src comp="88" pin="2"/><net_sink comp="94" pin=0"/></net>

<net id="102"><net_src comp="99" pin="1"/><net_sink comp="56" pin=2"/></net>

<net id="106"><net_src comp="40" pin="1"/><net_sink comp="103" pin=0"/></net>

<net id="107"><net_src comp="103" pin="1"/><net_sink comp="70" pin=1"/></net>

<net id="108"><net_src comp="103" pin="1"/><net_sink comp="75" pin=0"/></net>

<net id="109"><net_src comp="103" pin="1"/><net_sink comp="94" pin=1"/></net>

<net id="113"><net_src comp="75" pin="1"/><net_sink comp="110" pin=0"/></net>

<net id="114"><net_src comp="110" pin="1"/><net_sink comp="99" pin=0"/></net>

</net_list>

</model> 
---------------- Datapath Model END ------------------

* FSMD analyzer results:
  - Output states:
	Port: ctl_cmd_stream | {}
	Port: cmd_array | {2 }
 - Input state : 
	Port: cl_box_Pipeline_VITIS_LOOP_22_1 : add_ln22 | {1 }
	Port: cl_box_Pipeline_VITIS_LOOP_22_1 : ctl_cmd_stream | {2 }
  - Chain level:
	State 1
		store_ln19 : 1
		cmd_recved_1 : 1
		zext_ln22 : 2
		icmp_ln22 : 3
		add_ln24 : 2
		br_ln22 : 4
		store_ln19 : 3
	State 2
		cmd_array_addr : 1
		store_ln23 : 2


============================================================
+ Verbose Summary: Datapath Resource usage 
============================================================

* Functional unit list:
|----------|--------------------------------|---------|---------|
| Operation|         Functional Unit        |    FF   |   LUT   |
|----------|--------------------------------|---------|---------|
|   icmp   |         icmp_ln22_fu_82        |    0    |    40   |
|----------|--------------------------------|---------|---------|
|    add   |         add_ln24_fu_88         |    0    |    10   |
|----------|--------------------------------|---------|---------|
|   read   |    add_ln22_read_read_fu_44    |    0    |    0    |
|          | ctl_cmd_stream_read_read_fu_50 |    0    |    0    |
|----------|--------------------------------|---------|---------|
|   zext   |         zext_ln22_fu_78        |    0    |    0    |
|          |        zext_ln22_1_fu_99       |    0    |    0    |
|----------|--------------------------------|---------|---------|
|   Total  |                                |    0    |    50   |
|----------|--------------------------------|---------|---------|

Memories:
N/A

* Register list:
+--------------------+--------+
|                    |   FF   |
+--------------------+--------+
|cmd_recved_1_reg_110|    3   |
| cmd_recved_reg_103 |    3   |
+--------------------+--------+
|        Total       |    6   |
+--------------------+--------+

* Multiplexer (MUX) list: 
|--------|------|------|------|--------|
|  Comp  |  Pin | Size |  BW  | S x BW |
|--------|------|------|------|--------|
|  Total |      |      |      |    0   |
|--------|------|------|------|--------|



* Summary:
+-----------+--------+--------+
|           |   FF   |   LUT  |
+-----------+--------+--------+
|  Function |    0   |   50   |
|   Memory  |    -   |    -   |
|Multiplexer|    -   |    -   |
|  Register |    6   |    -   |
+-----------+--------+--------+
|   Total   |    6   |   50   |
+-----------+--------+--------+
