

================================================================
== Vitis HLS Report for 'cl_box'
================================================================
* Date:           Fri Nov 21 17:57:05 2025

* Version:        2024.2 (Build 5238294 on Nov  8 2024)
* Project:        cl_box
* Solution:       solution1 (Vivado IP Flow Target)
* Product family: virtexuplus
* Target device:  xcvu11p-flga2577-1-e


================================================================
== Performance Estimates
================================================================
+ Timing: 
    * Summary: 
    +--------+---------+----------+------------+
    |  Clock |  Target | Estimated| Uncertainty|
    +--------+---------+----------+------------+
    |ap_clk  |  4.00 ns|  2.749 ns|     1.08 ns|
    +--------+---------+----------+------------+

+ Latency: 
    * Summary: 
    +---------+---------+-----------+----------+-----+-----+---------+
    |  Latency (cycles) |  Latency (absolute)  |  Interval | Pipeline|
    |   min   |   max   |    min    |    max   | min | max |   Type  |
    +---------+---------+-----------+----------+-----+-----+---------+
    |       18|        ?|  72.000 ns|         ?|   19|    ?|       no|
    +---------+---------+-----------+----------+-----+-----+---------+

    + Detail: 
        * Instance: 
        +--------------------------------------------+---------------------------------+---------+---------+-----------+-----------+-----+-----+------------------------------------------------+
        |                                            |                                 |  Latency (cycles) |   Latency (absolute)  |  Interval |                    Pipeline                    |
        |                  Instance                  |              Module             |   min   |   max   |    min    |    max    | min | max |                      Type                      |
        +--------------------------------------------+---------------------------------+---------+---------+-----------+-----------+-----+-----+------------------------------------------------+
        |grp_cl_box_Pipeline_1_fu_175                |cl_box_Pipeline_1                |        7|        7|  28.000 ns|  28.000 ns|    6|    6|  loop auto-rewind stp (delay=0 clock cycles(s))|
        |grp_cl_box_Pipeline_VITIS_LOOP_22_1_fu_181  |cl_box_Pipeline_VITIS_LOOP_22_1  |        3|        ?|  12.000 ns|          ?|    2|    0|  loop auto-rewind stp (delay=0 clock cycles(s))|
        +--------------------------------------------+---------------------------------+---------+---------+-----------+-----------+-----+-----+------------------------------------------------+

        * Loop: 
        N/A



================================================================
== Utilization Estimates
================================================================
* Summary: 
+---------------------+---------+------+---------+---------+-----+
|         Name        | BRAM_18K|  DSP |    FF   |   LUT   | URAM|
+---------------------+---------+------+---------+---------+-----+
|DSP                  |        -|     -|        -|        -|    -|
|Expression           |        -|     -|        0|       79|    -|
|FIFO                 |        -|     -|        -|        -|    -|
|Instance             |        -|     -|       14|      146|    -|
|Memory               |        0|     -|       64|        3|    0|
|Multiplexer          |        -|     -|        0|      167|    -|
|Register             |        -|     -|       76|        -|    -|
+---------------------+---------+------+---------+---------+-----+
|Total                |        0|     0|      154|      395|    0|
+---------------------+---------+------+---------+---------+-----+
|Available SLR        |     1344|  3072|   864000|   432000|  320|
+---------------------+---------+------+---------+---------+-----+
|Utilization SLR (%)  |        0|     0|       ~0|       ~0|    0|
+---------------------+---------+------+---------+---------+-----+
|Available            |     4032|  9216|  2592000|  1296000|  960|
+---------------------+---------+------+---------+---------+-----+
|Utilization (%)      |        0|     0|       ~0|       ~0|    0|
+---------------------+---------+------+---------+---------+-----+

+ Detail: 
    * Instance: 
    +--------------------------------------------+---------------------------------+---------+----+---+----+-----+
    |                  Instance                  |              Module             | BRAM_18K| DSP| FF| LUT| URAM|
    +--------------------------------------------+---------------------------------+---------+----+---+----+-----+
    |grp_cl_box_Pipeline_1_fu_175                |cl_box_Pipeline_1                |        0|   0|  5|  47|    0|
    |grp_cl_box_Pipeline_VITIS_LOOP_22_1_fu_181  |cl_box_Pipeline_VITIS_LOOP_22_1  |        0|   0|  9|  99|    0|
    +--------------------------------------------+---------------------------------+---------+----+---+----+-----+
    |Total                                       |                                 |        0|   0| 14| 146|    0|
    +--------------------------------------------+---------------------------------+---------+----+---+----+-----+

    * DSP: 
    N/A

    * Memory: 
    +-------------+-------------------------+---------+----+----+-----+------+-----+------+-------------+
    |    Memory   |          Module         | BRAM_18K| FF | LUT| URAM| Words| Bits| Banks| W*Bits*Banks|
    +-------------+-------------------------+---------+----+----+-----+------+-----+------+-------------+
    |cmd_array_U  |cmd_array_RAM_AUTO_1R1W  |        0|  64|   3|    0|     5|   32|     1|          160|
    +-------------+-------------------------+---------+----+----+-----+------+-----+------+-------------+
    |Total        |                         |        0|  64|   3|    0|     5|   32|     1|          160|
    +-------------+-------------------------+---------+----+----+-----+------+-----+------+-------------+

    * FIFO: 
    N/A

    * Expression: 
    +--------------------+----------+----+---+----+------------+------------+
    |    Variable Name   | Operation| DSP| FF| LUT| Bitwidth P0| Bitwidth P1|
    +--------------------+----------+----+---+----+------------+------------+
    |add_ln22_fu_208_p2  |         +|   0|  0|  40|          33|           1|
    |sub_i_fu_199_p2     |         +|   0|  0|  39|          32|           3|
    +--------------------+----------+----+---+----+------------+------------+
    |Total               |          |   0|  0|  79|          65|           4|
    +--------------------+----------+----+---+----+------------+------------+

    * Multiplexer: 
    +--------------------------+----+-----------+-----+-----------+
    |           Name           | LUT| Input Size| Bits| Total Bits|
    +--------------------------+----+-----------+-----+-----------+
    |ap_NS_fsm                 |  54|         10|    1|         10|
    |cmd_array_address0        |  14|          3|    3|          9|
    |cmd_array_address0_local  |  20|          4|    3|         12|
    |cmd_array_address1_local  |  14|          3|    3|          9|
    |cmd_array_ce0             |  14|          3|    1|          3|
    |cmd_array_d0              |  14|          3|   32|         96|
    |cmd_array_we0             |  14|          3|    1|          3|
    |ctl_cmd_stream_blk_n      |   9|          2|    1|          2|
    |ctl_cmd_stream_read       |  14|          3|    1|          3|
    +--------------------------+----+-----------+-----+-----------+
    |Total                     | 167|         34|   46|        147|
    +--------------------------+----+-----------+-----+-----------+

    * Register: 
    +---------------------------------------------------------+----+----+-----+-----------+
    |                           Name                          | FF | LUT| Bits| Const Bits|
    +---------------------------------------------------------+----+----+-----+-----------+
    |add_ln22_reg_248                                         |  33|   0|   33|          0|
    |ap_CS_fsm                                                |   9|   0|    9|          0|
    |grp_cl_box_Pipeline_1_fu_175_ap_start_reg                |   1|   0|    1|          0|
    |grp_cl_box_Pipeline_VITIS_LOOP_22_1_fu_181_ap_start_reg  |   1|   0|    1|          0|
    |sub_i_reg_243                                            |  32|   0|   32|          0|
    +---------------------------------------------------------+----+----+-----+-----------+
    |Total                                                    |  76|   0|   76|          0|
    +---------------------------------------------------------+----+----+-----+-----------+



================================================================
== Interface
================================================================
* Summary: 
+------------------------+-----+-----+------------+----------------+--------------+
|        RTL Ports       | Dir | Bits|  Protocol  |  Source Object |    C Type    |
+------------------------+-----+-----+------------+----------------+--------------+
|ap_clk                  |   in|    1|  ap_ctrl_hs|          cl_box|  return value|
|ap_rst                  |   in|    1|  ap_ctrl_hs|          cl_box|  return value|
|ap_start                |   in|    1|  ap_ctrl_hs|          cl_box|  return value|
|ap_done                 |  out|    1|  ap_ctrl_hs|          cl_box|  return value|
|ap_idle                 |  out|    1|  ap_ctrl_hs|          cl_box|  return value|
|ap_ready                |  out|    1|  ap_ctrl_hs|          cl_box|  return value|
|ctl_cmd_stream_dout     |   in|   32|     ap_fifo|  ctl_cmd_stream|       pointer|
|ctl_cmd_stream_empty_n  |   in|    1|     ap_fifo|  ctl_cmd_stream|       pointer|
|ctl_cmd_stream_read     |  out|    1|     ap_fifo|  ctl_cmd_stream|       pointer|
|a_baseaddr              |  out|   32|      ap_vld|      a_baseaddr|       pointer|
|a_baseaddr_ap_vld       |  out|    1|      ap_vld|      a_baseaddr|       pointer|
|b_baseaddr              |  out|   32|      ap_vld|      b_baseaddr|       pointer|
|b_baseaddr_ap_vld       |  out|    1|      ap_vld|      b_baseaddr|       pointer|
|c_baseaddr              |  out|   32|      ap_vld|      c_baseaddr|       pointer|
|c_baseaddr_ap_vld       |  out|    1|      ap_vld|      c_baseaddr|       pointer|
|a_row                   |  out|   32|      ap_vld|           a_row|       pointer|
|a_row_ap_vld            |  out|    1|      ap_vld|           a_row|       pointer|
|a_col                   |  out|   32|      ap_vld|           a_col|       pointer|
|a_col_ap_vld            |  out|    1|      ap_vld|           a_col|       pointer|
|b_col                   |  out|   32|      ap_vld|           b_col|       pointer|
|b_col_ap_vld            |  out|    1|      ap_vld|           b_col|       pointer|
|work_id                 |  out|   32|      ap_vld|         work_id|       pointer|
|work_id_ap_vld          |  out|    1|      ap_vld|         work_id|       pointer|
+------------------------+-----+-----+------------+----------------+--------------+

============================================================
+ Verbose Summary: Synthesis Manager
============================================================
InlineROM: 1
ExposeGlobal: 0
============================================================
+ Verbose Summary: CDFG Model
============================================================
IsTopModel: 1
ResetActiveHigh: 1
IsCombinational: 2
IsDatapathOnly: 2
HasWiredReturn: 1
HasMFsm: 0
HasVarLatency: 1
IsPipeline: 0
IsRtlPipelined: 0
IsInstanceOverlapped: 0
IsDontTouch: 0
HasImplIP: 0
IsGatedGlobalClock: 0


============================================================
+ Verbose Summary: Schedule
============================================================
* Number of FSM states : 9
* Pipeline : 0
* Dataflow Pipeline: 0

* FSM state transitions: 
1 --> 2 
2 --> 3 
3 --> 4 
4 --> 5 
5 --> 6 
6 --> 7 
7 --> 8 
8 --> 9 
9 --> 

* FSM state operations: 

State 1 <SV = 0> <Delay = 0.73>
ST_1 : Operation 10 [1/1] (0.73ns)   --->   "%cmd_array = alloca i64 1" [cl_box.cpp:15->cl_box.cpp:54]   --->   Operation 10 'alloca' 'cmd_array' <Predicate = true> <Delay = 0.73> <CoreInst = "RAM">   --->   Core 82 'RAM' <Latency = 1> <II = 1> <Delay = 0.73> <Storage> <Opcode : 'load' 'store'> <Ports = 2> <Width = 32> <Depth = 5> <RAM>
ST_1 : Operation 11 [2/2] (0.00ns)   --->   "%call_ln0 = call void @cl_box_Pipeline_1, i32 %cmd_array"   --->   Operation 11 'call' 'call_ln0' <Predicate = true> <Delay = 0.00> <CoreType = "Generic">   --->   Generic Core

State 2 <SV = 1> <Delay = 1.63>
ST_2 : Operation 12 [1/2] (1.63ns)   --->   "%call_ln0 = call void @cl_box_Pipeline_1, i32 %cmd_array"   --->   Operation 12 'call' 'call_ln0' <Predicate = true> <Delay = 1.63> <CoreType = "Generic">   --->   Generic Core

State 3 <SV = 2> <Delay = 2.60>
ST_3 : Operation 13 [1/1] ( I:1.46ns O:1.46ns )   --->   "%cmd_size = read i32 @_ssdm_op_Read.ap_fifo.volatile.i32P0A, i32 %ctl_cmd_stream" [cl_box.cpp:21->cl_box.cpp:54]   --->   Operation 13 'read' 'cmd_size' <Predicate = true> <Delay = 1.46> <CoreInst = "FIFO">   --->   Core 77 'FIFO' <Latency = 0> <II = 1> <Delay = 1.72> <Storage> <Opcode : 'read' 'write' 'nbread' 'nbwrite'> <Ports = 0> <Width = -1> <Depth = -1> <FIFO>
ST_3 : Operation 14 [1/1] (1.14ns)   --->   "%sub_i = add i32 %cmd_size, i32 4294967294" [cl_box.cpp:21->cl_box.cpp:54]   --->   Operation 14 'add' 'sub_i' <Predicate = true> <Delay = 1.14> <CoreInst = "Adder">   --->   Core 1 'Adder' <Latency = 0> <II = 1> <Delay = 1.14> <FuncUnit> <Opcode : 'add' 'sub'> <InPorts = 2> <OutPorts = 1>

State 4 <SV = 3> <Delay = 2.74>
ST_4 : Operation 15 [1/1] (0.00ns)   --->   "%zext_ln22 = zext i32 %sub_i" [cl_box.cpp:22->cl_box.cpp:54]   --->   Operation 15 'zext' 'zext_ln22' <Predicate = true> <Delay = 0.00>
ST_4 : Operation 16 [1/1] (1.14ns)   --->   "%add_ln22 = add i33 %zext_ln22, i33 1" [cl_box.cpp:22->cl_box.cpp:54]   --->   Operation 16 'add' 'add_ln22' <Predicate = true> <Delay = 1.14> <CoreInst = "Adder">   --->   Core 1 'Adder' <Latency = 0> <II = 1> <Delay = 1.14> <FuncUnit> <Opcode : 'add' 'sub'> <InPorts = 2> <OutPorts = 1>
ST_4 : Operation 17 [2/2] (1.60ns)   --->   "%call_ln22 = call void @cl_box_Pipeline_VITIS_LOOP_22_1, i33 %add_ln22, i32 %ctl_cmd_stream, i32 %cmd_array" [cl_box.cpp:22->cl_box.cpp:54]   --->   Operation 17 'call' 'call_ln22' <Predicate = true> <Delay = 1.60> <CoreType = "Generic">   --->   Generic Core

State 5 <SV = 4> <Delay = 2.06>
ST_5 : Operation 18 [1/2] (2.06ns)   --->   "%call_ln22 = call void @cl_box_Pipeline_VITIS_LOOP_22_1, i33 %add_ln22, i32 %ctl_cmd_stream, i32 %cmd_array" [cl_box.cpp:22->cl_box.cpp:54]   --->   Operation 18 'call' 'call_ln22' <Predicate = true> <Delay = 2.06> <CoreType = "Generic">   --->   Generic Core

State 6 <SV = 5> <Delay = 0.73>
ST_6 : Operation 19 [1/1] (0.00ns)   --->   "%cmd_array_addr = getelementptr i32 %cmd_array, i64 0, i64 0" [cl_box.cpp:27->cl_box.cpp:54]   --->   Operation 19 'getelementptr' 'cmd_array_addr' <Predicate = true> <Delay = 0.00>
ST_6 : Operation 20 [2/2] (0.73ns)   --->   "%cmd_array_load = load i3 %cmd_array_addr" [cl_box.cpp:27->cl_box.cpp:54]   --->   Operation 20 'load' 'cmd_array_load' <Predicate = true> <Delay = 0.73> <CoreInst = "RAM">   --->   Core 82 'RAM' <Latency = 1> <II = 1> <Delay = 0.73> <Storage> <Opcode : 'load' 'store'> <Ports = 2> <Width = 32> <Depth = 5> <RAM>
ST_6 : Operation 21 [1/1] (0.00ns)   --->   "%cmd_array_addr_1 = getelementptr i32 %cmd_array, i64 0, i64 1" [cl_box.cpp:28->cl_box.cpp:54]   --->   Operation 21 'getelementptr' 'cmd_array_addr_1' <Predicate = true> <Delay = 0.00>
ST_6 : Operation 22 [2/2] (0.73ns)   --->   "%cmd_array_load_1 = load i3 %cmd_array_addr_1" [cl_box.cpp:28->cl_box.cpp:54]   --->   Operation 22 'load' 'cmd_array_load_1' <Predicate = true> <Delay = 0.73> <CoreInst = "RAM">   --->   Core 82 'RAM' <Latency = 1> <II = 1> <Delay = 0.73> <Storage> <Opcode : 'load' 'store'> <Ports = 2> <Width = 32> <Depth = 5> <RAM>

State 7 <SV = 6> <Delay = 0.73>
ST_7 : Operation 23 [1/2] ( I:0.73ns O:0.73ns )   --->   "%cmd_array_load = load i3 %cmd_array_addr" [cl_box.cpp:27->cl_box.cpp:54]   --->   Operation 23 'load' 'cmd_array_load' <Predicate = true> <Delay = 0.73> <CoreInst = "RAM">   --->   Core 82 'RAM' <Latency = 1> <II = 1> <Delay = 0.73> <Storage> <Opcode : 'load' 'store'> <Ports = 2> <Width = 32> <Depth = 5> <RAM>
ST_7 : Operation 24 [1/1] (0.00ns)   --->   "%write_ln27 = write void @_ssdm_op_Write.ap_auto.i32P0A, i32 %a_baseaddr, i32 %cmd_array_load" [cl_box.cpp:27->cl_box.cpp:54]   --->   Operation 24 'write' 'write_ln27' <Predicate = true> <Delay = 0.00>
ST_7 : Operation 25 [1/2] ( I:0.73ns O:0.73ns )   --->   "%cmd_array_load_1 = load i3 %cmd_array_addr_1" [cl_box.cpp:28->cl_box.cpp:54]   --->   Operation 25 'load' 'cmd_array_load_1' <Predicate = true> <Delay = 0.73> <CoreInst = "RAM">   --->   Core 82 'RAM' <Latency = 1> <II = 1> <Delay = 0.73> <Storage> <Opcode : 'load' 'store'> <Ports = 2> <Width = 32> <Depth = 5> <RAM>
ST_7 : Operation 26 [1/1] (0.00ns)   --->   "%write_ln28 = write void @_ssdm_op_Write.ap_auto.i32P0A, i32 %b_baseaddr, i32 %cmd_array_load_1" [cl_box.cpp:28->cl_box.cpp:54]   --->   Operation 26 'write' 'write_ln28' <Predicate = true> <Delay = 0.00>
ST_7 : Operation 27 [1/1] (0.00ns)   --->   "%cmd_array_addr_2 = getelementptr i32 %cmd_array, i64 0, i64 2" [cl_box.cpp:29->cl_box.cpp:54]   --->   Operation 27 'getelementptr' 'cmd_array_addr_2' <Predicate = true> <Delay = 0.00>
ST_7 : Operation 28 [2/2] (0.73ns)   --->   "%cmd_array_load_2 = load i3 %cmd_array_addr_2" [cl_box.cpp:29->cl_box.cpp:54]   --->   Operation 28 'load' 'cmd_array_load_2' <Predicate = true> <Delay = 0.73> <CoreInst = "RAM">   --->   Core 82 'RAM' <Latency = 1> <II = 1> <Delay = 0.73> <Storage> <Opcode : 'load' 'store'> <Ports = 2> <Width = 32> <Depth = 5> <RAM>
ST_7 : Operation 29 [1/1] (0.00ns)   --->   "%cmd_array_addr_3 = getelementptr i32 %cmd_array, i64 0, i64 3" [cl_box.cpp:30->cl_box.cpp:54]   --->   Operation 29 'getelementptr' 'cmd_array_addr_3' <Predicate = true> <Delay = 0.00>
ST_7 : Operation 30 [2/2] (0.73ns)   --->   "%cmd_array_load_3 = load i3 %cmd_array_addr_3" [cl_box.cpp:30->cl_box.cpp:54]   --->   Operation 30 'load' 'cmd_array_load_3' <Predicate = true> <Delay = 0.73> <CoreInst = "RAM">   --->   Core 82 'RAM' <Latency = 1> <II = 1> <Delay = 0.73> <Storage> <Opcode : 'load' 'store'> <Ports = 2> <Width = 32> <Depth = 5> <RAM>

State 8 <SV = 7> <Delay = 0.73>
ST_8 : Operation 31 [1/2] ( I:0.73ns O:0.73ns )   --->   "%cmd_array_load_2 = load i3 %cmd_array_addr_2" [cl_box.cpp:29->cl_box.cpp:54]   --->   Operation 31 'load' 'cmd_array_load_2' <Predicate = true> <Delay = 0.73> <CoreInst = "RAM">   --->   Core 82 'RAM' <Latency = 1> <II = 1> <Delay = 0.73> <Storage> <Opcode : 'load' 'store'> <Ports = 2> <Width = 32> <Depth = 5> <RAM>
ST_8 : Operation 32 [1/1] (0.00ns)   --->   "%write_ln29 = write void @_ssdm_op_Write.ap_auto.i32P0A, i32 %c_baseaddr, i32 %cmd_array_load_2" [cl_box.cpp:29->cl_box.cpp:54]   --->   Operation 32 'write' 'write_ln29' <Predicate = true> <Delay = 0.00>
ST_8 : Operation 33 [1/2] ( I:0.73ns O:0.73ns )   --->   "%cmd_array_load_3 = load i3 %cmd_array_addr_3" [cl_box.cpp:30->cl_box.cpp:54]   --->   Operation 33 'load' 'cmd_array_load_3' <Predicate = true> <Delay = 0.73> <CoreInst = "RAM">   --->   Core 82 'RAM' <Latency = 1> <II = 1> <Delay = 0.73> <Storage> <Opcode : 'load' 'store'> <Ports = 2> <Width = 32> <Depth = 5> <RAM>
ST_8 : Operation 34 [1/1] (0.00ns)   --->   "%trunc_ln30 = trunc i32 %cmd_array_load_3" [cl_box.cpp:30->cl_box.cpp:54]   --->   Operation 34 'trunc' 'trunc_ln30' <Predicate = true> <Delay = 0.00>
ST_8 : Operation 35 [1/1] (0.00ns)   --->   "%lshr_ln = partselect i16 @_ssdm_op_PartSelect.i16.i32.i32.i32, i32 %cmd_array_load_3, i32 16, i32 31" [cl_box.cpp:30->cl_box.cpp:54]   --->   Operation 35 'partselect' 'lshr_ln' <Predicate = true> <Delay = 0.00>
ST_8 : Operation 36 [1/1] (0.00ns)   --->   "%zext_ln30 = zext i16 %lshr_ln" [cl_box.cpp:30->cl_box.cpp:54]   --->   Operation 36 'zext' 'zext_ln30' <Predicate = true> <Delay = 0.00>
ST_8 : Operation 37 [1/1] (0.00ns)   --->   "%write_ln30 = write void @_ssdm_op_Write.ap_auto.i32P0A, i32 %a_row, i32 %zext_ln30" [cl_box.cpp:30->cl_box.cpp:54]   --->   Operation 37 'write' 'write_ln30' <Predicate = true> <Delay = 0.00>
ST_8 : Operation 38 [1/1] (0.00ns)   --->   "%zext_ln31 = zext i16 %trunc_ln30" [cl_box.cpp:31->cl_box.cpp:54]   --->   Operation 38 'zext' 'zext_ln31' <Predicate = true> <Delay = 0.00>
ST_8 : Operation 39 [1/1] (0.00ns)   --->   "%write_ln31 = write void @_ssdm_op_Write.ap_auto.i32P0A, i32 %a_col, i32 %zext_ln31" [cl_box.cpp:31->cl_box.cpp:54]   --->   Operation 39 'write' 'write_ln31' <Predicate = true> <Delay = 0.00>
ST_8 : Operation 40 [1/1] (0.00ns)   --->   "%cmd_array_addr_4 = getelementptr i32 %cmd_array, i64 0, i64 4" [cl_box.cpp:32->cl_box.cpp:54]   --->   Operation 40 'getelementptr' 'cmd_array_addr_4' <Predicate = true> <Delay = 0.00>
ST_8 : Operation 41 [2/2] (0.73ns)   --->   "%cmd_array_load_4 = load i3 %cmd_array_addr_4" [cl_box.cpp:32->cl_box.cpp:54]   --->   Operation 41 'load' 'cmd_array_load_4' <Predicate = true> <Delay = 0.73> <CoreInst = "RAM">   --->   Core 82 'RAM' <Latency = 1> <II = 1> <Delay = 0.73> <Storage> <Opcode : 'load' 'store'> <Ports = 2> <Width = 32> <Depth = 5> <RAM>

State 9 <SV = 8> <Delay = 0.73>
ST_9 : Operation 42 [1/1] (0.00ns)   --->   "%spectopmodule_ln40 = spectopmodule void @_ssdm_op_SpecTopModule, void @empty_2" [cl_box.cpp:40]   --->   Operation 42 'spectopmodule' 'spectopmodule_ln40' <Predicate = true> <Delay = 0.00>
ST_9 : Operation 43 [1/1] (0.00ns)   --->   "%specinterface_ln40 = specinterface void @_ssdm_op_SpecInterface, i32 0, void @empty_3, i32 0, i32 0, void @empty, i32 0, i32 0, void @empty, void @empty, void @empty, i32 0, i32 0, i32 0, i32 0, void @empty, void @empty, i32 4294967295, i32 0, i32 0" [cl_box.cpp:40]   --->   Operation 43 'specinterface' 'specinterface_ln40' <Predicate = true> <Delay = 0.00>
ST_9 : Operation 44 [1/1] (0.00ns)   --->   "%specinterface_ln0 = specinterface void @_ssdm_op_SpecInterface, i32 %ctl_cmd_stream, void @empty_0, i32 0, i32 0, void @empty, i32 0, i32 0, void @empty, void @empty, void @empty, i32 0, i32 0, i32 0, i32 0, void @empty, void @empty, i32 4294967295, i32 0, i32 0"   --->   Operation 44 'specinterface' 'specinterface_ln0' <Predicate = true> <Delay = 0.00>
ST_9 : Operation 45 [1/1] (0.00ns)   --->   "%specbitsmap_ln0 = specbitsmap void @_ssdm_op_SpecBitsMap, i32 %ctl_cmd_stream"   --->   Operation 45 'specbitsmap' 'specbitsmap_ln0' <Predicate = true> <Delay = 0.00>
ST_9 : Operation 46 [1/1] (0.00ns)   --->   "%specbitsmap_ln0 = specbitsmap void @_ssdm_op_SpecBitsMap, i32 %a_baseaddr"   --->   Operation 46 'specbitsmap' 'specbitsmap_ln0' <Predicate = true> <Delay = 0.00>
ST_9 : Operation 47 [1/1] (0.00ns)   --->   "%specinterface_ln0 = specinterface void @_ssdm_op_SpecInterface, i32 %a_baseaddr, void @empty_1, i32 0, i32 0, void @empty, i32 0, i32 0, void @empty, void @empty, void @empty, i32 0, i32 0, i32 0, i32 0, void @empty, void @empty, i32 4294967295, i32 0, i32 0"   --->   Operation 47 'specinterface' 'specinterface_ln0' <Predicate = true> <Delay = 0.00>
ST_9 : Operation 48 [1/1] (0.00ns)   --->   "%specbitsmap_ln0 = specbitsmap void @_ssdm_op_SpecBitsMap, i32 %b_baseaddr"   --->   Operation 48 'specbitsmap' 'specbitsmap_ln0' <Predicate = true> <Delay = 0.00>
ST_9 : Operation 49 [1/1] (0.00ns)   --->   "%specinterface_ln0 = specinterface void @_ssdm_op_SpecInterface, i32 %b_baseaddr, void @empty_1, i32 0, i32 0, void @empty, i32 0, i32 0, void @empty, void @empty, void @empty, i32 0, i32 0, i32 0, i32 0, void @empty, void @empty, i32 4294967295, i32 0, i32 0"   --->   Operation 49 'specinterface' 'specinterface_ln0' <Predicate = true> <Delay = 0.00>
ST_9 : Operation 50 [1/1] (0.00ns)   --->   "%specbitsmap_ln0 = specbitsmap void @_ssdm_op_SpecBitsMap, i32 %c_baseaddr"   --->   Operation 50 'specbitsmap' 'specbitsmap_ln0' <Predicate = true> <Delay = 0.00>
ST_9 : Operation 51 [1/1] (0.00ns)   --->   "%specinterface_ln0 = specinterface void @_ssdm_op_SpecInterface, i32 %c_baseaddr, void @empty_1, i32 0, i32 0, void @empty, i32 0, i32 0, void @empty, void @empty, void @empty, i32 0, i32 0, i32 0, i32 0, void @empty, void @empty, i32 4294967295, i32 0, i32 0"   --->   Operation 51 'specinterface' 'specinterface_ln0' <Predicate = true> <Delay = 0.00>
ST_9 : Operation 52 [1/1] (0.00ns)   --->   "%specbitsmap_ln0 = specbitsmap void @_ssdm_op_SpecBitsMap, i32 %a_row"   --->   Operation 52 'specbitsmap' 'specbitsmap_ln0' <Predicate = true> <Delay = 0.00>
ST_9 : Operation 53 [1/1] (0.00ns)   --->   "%specinterface_ln0 = specinterface void @_ssdm_op_SpecInterface, i32 %a_row, void @empty_1, i32 0, i32 0, void @empty, i32 0, i32 0, void @empty, void @empty, void @empty, i32 0, i32 0, i32 0, i32 0, void @empty, void @empty, i32 4294967295, i32 0, i32 0"   --->   Operation 53 'specinterface' 'specinterface_ln0' <Predicate = true> <Delay = 0.00>
ST_9 : Operation 54 [1/1] (0.00ns)   --->   "%specbitsmap_ln0 = specbitsmap void @_ssdm_op_SpecBitsMap, i32 %a_col"   --->   Operation 54 'specbitsmap' 'specbitsmap_ln0' <Predicate = true> <Delay = 0.00>
ST_9 : Operation 55 [1/1] (0.00ns)   --->   "%specinterface_ln0 = specinterface void @_ssdm_op_SpecInterface, i32 %a_col, void @empty_1, i32 0, i32 0, void @empty, i32 0, i32 0, void @empty, void @empty, void @empty, i32 0, i32 0, i32 0, i32 0, void @empty, void @empty, i32 4294967295, i32 0, i32 0"   --->   Operation 55 'specinterface' 'specinterface_ln0' <Predicate = true> <Delay = 0.00>
ST_9 : Operation 56 [1/1] (0.00ns)   --->   "%specbitsmap_ln0 = specbitsmap void @_ssdm_op_SpecBitsMap, i32 %b_col"   --->   Operation 56 'specbitsmap' 'specbitsmap_ln0' <Predicate = true> <Delay = 0.00>
ST_9 : Operation 57 [1/1] (0.00ns)   --->   "%specinterface_ln0 = specinterface void @_ssdm_op_SpecInterface, i32 %b_col, void @empty_1, i32 0, i32 0, void @empty, i32 0, i32 0, void @empty, void @empty, void @empty, i32 0, i32 0, i32 0, i32 0, void @empty, void @empty, i32 4294967295, i32 0, i32 0"   --->   Operation 57 'specinterface' 'specinterface_ln0' <Predicate = true> <Delay = 0.00>
ST_9 : Operation 58 [1/1] (0.00ns)   --->   "%specbitsmap_ln0 = specbitsmap void @_ssdm_op_SpecBitsMap, i32 %work_id"   --->   Operation 58 'specbitsmap' 'specbitsmap_ln0' <Predicate = true> <Delay = 0.00>
ST_9 : Operation 59 [1/1] (0.00ns)   --->   "%specinterface_ln0 = specinterface void @_ssdm_op_SpecInterface, i32 %work_id, void @empty_1, i32 0, i32 0, void @empty, i32 0, i32 0, void @empty, void @empty, void @empty, i32 0, i32 0, i32 0, i32 0, void @empty, void @empty, i32 4294967295, i32 0, i32 0"   --->   Operation 59 'specinterface' 'specinterface_ln0' <Predicate = true> <Delay = 0.00>
ST_9 : Operation 60 [1/2] ( I:0.73ns O:0.73ns )   --->   "%cmd_array_load_4 = load i3 %cmd_array_addr_4" [cl_box.cpp:32->cl_box.cpp:54]   --->   Operation 60 'load' 'cmd_array_load_4' <Predicate = true> <Delay = 0.73> <CoreInst = "RAM">   --->   Core 82 'RAM' <Latency = 1> <II = 1> <Delay = 0.73> <Storage> <Opcode : 'load' 'store'> <Ports = 2> <Width = 32> <Depth = 5> <RAM>
ST_9 : Operation 61 [1/1] (0.00ns)   --->   "%trunc_ln32 = trunc i32 %cmd_array_load_4" [cl_box.cpp:32->cl_box.cpp:54]   --->   Operation 61 'trunc' 'trunc_ln32' <Predicate = true> <Delay = 0.00>
ST_9 : Operation 62 [1/1] (0.00ns)   --->   "%lshr_ln1 = partselect i16 @_ssdm_op_PartSelect.i16.i32.i32.i32, i32 %cmd_array_load_4, i32 16, i32 31" [cl_box.cpp:32->cl_box.cpp:54]   --->   Operation 62 'partselect' 'lshr_ln1' <Predicate = true> <Delay = 0.00>
ST_9 : Operation 63 [1/1] (0.00ns)   --->   "%zext_ln32 = zext i16 %lshr_ln1" [cl_box.cpp:32->cl_box.cpp:54]   --->   Operation 63 'zext' 'zext_ln32' <Predicate = true> <Delay = 0.00>
ST_9 : Operation 64 [1/1] (0.00ns)   --->   "%write_ln32 = write void @_ssdm_op_Write.ap_auto.i32P0A, i32 %b_col, i32 %zext_ln32" [cl_box.cpp:32->cl_box.cpp:54]   --->   Operation 64 'write' 'write_ln32' <Predicate = true> <Delay = 0.00>
ST_9 : Operation 65 [1/1] (0.00ns)   --->   "%zext_ln33 = zext i16 %trunc_ln32" [cl_box.cpp:33->cl_box.cpp:54]   --->   Operation 65 'zext' 'zext_ln33' <Predicate = true> <Delay = 0.00>
ST_9 : Operation 66 [1/1] (0.00ns)   --->   "%write_ln33 = write void @_ssdm_op_Write.ap_auto.i32P0A, i32 %work_id, i32 %zext_ln33" [cl_box.cpp:33->cl_box.cpp:54]   --->   Operation 66 'write' 'write_ln33' <Predicate = true> <Delay = 0.00>
ST_9 : Operation 67 [1/1] (0.00ns)   --->   "%ret_ln56 = ret" [cl_box.cpp:56]   --->   Operation 67 'ret' 'ret_ln56' <Predicate = true> <Delay = 0.00>


============================================================
+ Verbose Summary: Binding
============================================================
STG Binding: 
---------------- STG Properties BEGIN ----------------
- Is combinational: 0
- Is one-state seq: 0
- Is datapath-only: 0
- Is pipelined: 0
- Is top level: 1
Port [ Return ] is wired: 1; IO mode=ap_ctrl_hs:ce=0
Port [ ctl_cmd_stream]:  wired=1; compound=1; hidden=0; nouse=0; global=0; static=0; extern=0; dir=0; type=3; pingpong=0; private_global=0; IO mode=ap_fifo:ce=0
Port [ a_baseaddr]:  wired=1; compound=0; hidden=0; nouse=0; global=0; static=0; extern=0; dir=1; type=0; pingpong=0; private_global=0; IO mode=ap_vld:ce=0
Port [ b_baseaddr]:  wired=1; compound=0; hidden=0; nouse=0; global=0; static=0; extern=0; dir=1; type=0; pingpong=0; private_global=0; IO mode=ap_vld:ce=0
Port [ c_baseaddr]:  wired=1; compound=0; hidden=0; nouse=0; global=0; static=0; extern=0; dir=1; type=0; pingpong=0; private_global=0; IO mode=ap_vld:ce=0
Port [ a_row]:  wired=1; compound=0; hidden=0; nouse=0; global=0; static=0; extern=0; dir=1; type=0; pingpong=0; private_global=0; IO mode=ap_vld:ce=0
Port [ a_col]:  wired=1; compound=0; hidden=0; nouse=0; global=0; static=0; extern=0; dir=1; type=0; pingpong=0; private_global=0; IO mode=ap_vld:ce=0
Port [ b_col]:  wired=1; compound=0; hidden=0; nouse=0; global=0; static=0; extern=0; dir=1; type=0; pingpong=0; private_global=0; IO mode=ap_vld:ce=0
Port [ work_id]:  wired=1; compound=0; hidden=0; nouse=0; global=0; static=0; extern=0; dir=1; type=0; pingpong=0; private_global=0; IO mode=ap_vld:ce=0
---------------- STG Properties END ------------------

---------------- Datapath Model BEGIN ----------------

<LifeTime>
<method=bitvector/>
cmd_array          (alloca       ) [ 0011111110]
call_ln0           (call         ) [ 0000000000]
cmd_size           (read         ) [ 0000000000]
sub_i              (add          ) [ 0000100000]
zext_ln22          (zext         ) [ 0000000000]
add_ln22           (add          ) [ 0000010000]
call_ln22          (call         ) [ 0000000000]
cmd_array_addr     (getelementptr) [ 0000000100]
cmd_array_addr_1   (getelementptr) [ 0000000100]
cmd_array_load     (load         ) [ 0000000000]
write_ln27         (write        ) [ 0000000000]
cmd_array_load_1   (load         ) [ 0000000000]
write_ln28         (write        ) [ 0000000000]
cmd_array_addr_2   (getelementptr) [ 0000000010]
cmd_array_addr_3   (getelementptr) [ 0000000010]
cmd_array_load_2   (load         ) [ 0000000000]
write_ln29         (write        ) [ 0000000000]
cmd_array_load_3   (load         ) [ 0000000000]
trunc_ln30         (trunc        ) [ 0000000000]
lshr_ln            (partselect   ) [ 0000000000]
zext_ln30          (zext         ) [ 0000000000]
write_ln30         (write        ) [ 0000000000]
zext_ln31          (zext         ) [ 0000000000]
write_ln31         (write        ) [ 0000000000]
cmd_array_addr_4   (getelementptr) [ 0000000001]
spectopmodule_ln40 (spectopmodule) [ 0000000000]
specinterface_ln40 (specinterface) [ 0000000000]
specinterface_ln0  (specinterface) [ 0000000000]
specbitsmap_ln0    (specbitsmap  ) [ 0000000000]
specbitsmap_ln0    (specbitsmap  ) [ 0000000000]
specinterface_ln0  (specinterface) [ 0000000000]
specbitsmap_ln0    (specbitsmap  ) [ 0000000000]
specinterface_ln0  (specinterface) [ 0000000000]
specbitsmap_ln0    (specbitsmap  ) [ 0000000000]
specinterface_ln0  (specinterface) [ 0000000000]
specbitsmap_ln0    (specbitsmap  ) [ 0000000000]
specinterface_ln0  (specinterface) [ 0000000000]
specbitsmap_ln0    (specbitsmap  ) [ 0000000000]
specinterface_ln0  (specinterface) [ 0000000000]
specbitsmap_ln0    (specbitsmap  ) [ 0000000000]
specinterface_ln0  (specinterface) [ 0000000000]
specbitsmap_ln0    (specbitsmap  ) [ 0000000000]
specinterface_ln0  (specinterface) [ 0000000000]
cmd_array_load_4   (load         ) [ 0000000000]
trunc_ln32         (trunc        ) [ 0000000000]
lshr_ln1           (partselect   ) [ 0000000000]
zext_ln32          (zext         ) [ 0000000000]
write_ln32         (write        ) [ 0000000000]
zext_ln33          (zext         ) [ 0000000000]
write_ln33         (write        ) [ 0000000000]
ret_ln56           (ret          ) [ 0000000000]
</LifeTime>

<model>

<comp_list>
<comp id="0" class="1000" name="ctl_cmd_stream">
<pin_list>
<pin id="1" dir="1" index="0" bw="1" slack="0"/>
</pin_list>
<bind>
<StgValue><ssdm name="ctl_cmd_stream"/></StgValue>
</bind>
</comp>

<comp id="2" class="1000" name="a_baseaddr">
<pin_list>
<pin id="3" dir="1" index="0" bw="1" slack="0"/>
</pin_list>
<bind>
<StgValue><ssdm name="a_baseaddr"/></StgValue>
</bind>
</comp>

<comp id="4" class="1000" name="b_baseaddr">
<pin_list>
<pin id="5" dir="1" index="0" bw="1" slack="0"/>
</pin_list>
<bind>
<StgValue><ssdm name="b_baseaddr"/></StgValue>
</bind>
</comp>

<comp id="6" class="1000" name="c_baseaddr">
<pin_list>
<pin id="7" dir="1" index="0" bw="1" slack="0"/>
</pin_list>
<bind>
<StgValue><ssdm name="c_baseaddr"/></StgValue>
</bind>
</comp>

<comp id="8" class="1000" name="a_row">
<pin_list>
<pin id="9" dir="1" index="0" bw="1" slack="0"/>
</pin_list>
<bind>
<StgValue><ssdm name="a_row"/></StgValue>
</bind>
</comp>

<comp id="10" class="1000" name="a_col">
<pin_list>
<pin id="11" dir="1" index="0" bw="1" slack="0"/>
</pin_list>
<bind>
<StgValue><ssdm name="a_col"/></StgValue>
</bind>
</comp>

<comp id="12" class="1000" name="b_col">
<pin_list>
<pin id="13" dir="1" index="0" bw="1" slack="0"/>
</pin_list>
<bind>
<StgValue><ssdm name="b_col"/></StgValue>
</bind>
</comp>

<comp id="14" class="1000" name="work_id">
<pin_list>
<pin id="15" dir="1" index="0" bw="1" slack="0"/>
</pin_list>
<bind>
<StgValue><ssdm name="work_id"/></StgValue>
</bind>
</comp>

<comp id="16" class="1001" name="const_16">
<pin_list>
<pin id="17" dir="1" index="0" bw="1" slack="0"/>
</pin_list>
<bind>
<StgValue><ssdm name=""/></StgValue>
</bind>
</comp>

<comp id="18" class="1001" name="const_18">
<pin_list>
<pin id="19" dir="1" index="0" bw="1" slack="0"/>
</pin_list>
<bind>
<StgValue><ssdm name="cl_box_Pipeline_1"/></StgValue>
</bind>
</comp>

<comp id="20" class="1001" name="const_20">
<pin_list>
<pin id="21" dir="1" index="0" bw="1" slack="0"/>
</pin_list>
<bind>
<StgValue><ssdm name="_ssdm_op_Read.ap_fifo.volatile.i32P0A"/></StgValue>
</bind>
</comp>

<comp id="22" class="1001" name="const_22">
<pin_list>
<pin id="23" dir="1" index="0" bw="1" slack="0"/>
</pin_list>
<bind>
<StgValue><ssdm name=""/></StgValue>
</bind>
</comp>

<comp id="24" class="1001" name="const_24">
<pin_list>
<pin id="25" dir="1" index="0" bw="1" slack="0"/>
</pin_list>
<bind>
<StgValue><ssdm name=""/></StgValue>
</bind>
</comp>

<comp id="26" class="1001" name="const_26">
<pin_list>
<pin id="27" dir="1" index="0" bw="1" slack="0"/>
</pin_list>
<bind>
<StgValue><ssdm name="cl_box_Pipeline_VITIS_LOOP_22_1"/></StgValue>
</bind>
</comp>

<comp id="28" class="1001" name="const_28">
<pin_list>
<pin id="29" dir="1" index="0" bw="1" slack="0"/>
</pin_list>
<bind>
<StgValue><ssdm name=""/></StgValue>
</bind>
</comp>

<comp id="30" class="1001" name="const_30">
<pin_list>
<pin id="31" dir="1" index="0" bw="1" slack="0"/>
</pin_list>
<bind>
<StgValue><ssdm name="_ssdm_op_Write.ap_auto.i32P0A"/></StgValue>
</bind>
</comp>

<comp id="32" class="1001" name="const_32">
<pin_list>
<pin id="33" dir="1" index="0" bw="1" slack="0"/>
</pin_list>
<bind>
<StgValue><ssdm name=""/></StgValue>
</bind>
</comp>

<comp id="34" class="1001" name="const_34">
<pin_list>
<pin id="35" dir="1" index="0" bw="1" slack="0"/>
</pin_list>
<bind>
<StgValue><ssdm name=""/></StgValue>
</bind>
</comp>

<comp id="36" class="1001" name="const_36">
<pin_list>
<pin id="37" dir="1" index="0" bw="1" slack="0"/>
</pin_list>
<bind>
<StgValue><ssdm name="_ssdm_op_PartSelect.i16.i32.i32.i32"/></StgValue>
</bind>
</comp>

<comp id="38" class="1001" name="const_38">
<pin_list>
<pin id="39" dir="1" index="0" bw="1" slack="0"/>
</pin_list>
<bind>
<StgValue><ssdm name=""/></StgValue>
</bind>
</comp>

<comp id="40" class="1001" name="const_40">
<pin_list>
<pin id="41" dir="1" index="0" bw="1" slack="0"/>
</pin_list>
<bind>
<StgValue><ssdm name=""/></StgValue>
</bind>
</comp>

<comp id="42" class="1001" name="const_42">
<pin_list>
<pin id="43" dir="1" index="0" bw="1" slack="0"/>
</pin_list>
<bind>
<StgValue><ssdm name=""/></StgValue>
</bind>
</comp>

<comp id="44" class="1001" name="const_44">
<pin_list>
<pin id="45" dir="1" index="0" bw="1" slack="2147483647"/>
</pin_list>
<bind>
<StgValue><ssdm name="_ssdm_op_SpecTopModule"/></StgValue>
</bind>
</comp>

<comp id="46" class="1001" name="const_46">
<pin_list>
<pin id="47" dir="1" index="0" bw="1" slack="2147483647"/>
</pin_list>
<bind>
<StgValue><ssdm name="empty_2"/></StgValue>
</bind>
</comp>

<comp id="48" class="1001" name="const_48">
<pin_list>
<pin id="49" dir="1" index="0" bw="1" slack="2147483647"/>
</pin_list>
<bind>
<StgValue><ssdm name="_ssdm_op_SpecInterface"/></StgValue>
</bind>
</comp>

<comp id="50" class="1001" name="const_50">
<pin_list>
<pin id="51" dir="1" index="0" bw="1" slack="2147483647"/>
</pin_list>
<bind>
<StgValue><ssdm name=""/></StgValue>
</bind>
</comp>

<comp id="52" class="1001" name="const_52">
<pin_list>
<pin id="53" dir="1" index="0" bw="1" slack="2147483647"/>
</pin_list>
<bind>
<StgValue><ssdm name="empty_3"/></StgValue>
</bind>
</comp>

<comp id="54" class="1001" name="const_54">
<pin_list>
<pin id="55" dir="1" index="0" bw="1" slack="2147483647"/>
</pin_list>
<bind>
<StgValue><ssdm name="empty"/></StgValue>
</bind>
</comp>

<comp id="56" class="1001" name="const_56">
<pin_list>
<pin id="57" dir="1" index="0" bw="1" slack="2147483647"/>
</pin_list>
<bind>
<StgValue><ssdm name=""/></StgValue>
</bind>
</comp>

<comp id="58" class="1001" name="const_58">
<pin_list>
<pin id="59" dir="1" index="0" bw="1" slack="2147483647"/>
</pin_list>
<bind>
<StgValue><ssdm name="empty_0"/></StgValue>
</bind>
</comp>

<comp id="60" class="1001" name="const_60">
<pin_list>
<pin id="61" dir="1" index="0" bw="1" slack="2147483647"/>
</pin_list>
<bind>
<StgValue><ssdm name="_ssdm_op_SpecBitsMap"/></StgValue>
</bind>
</comp>

<comp id="62" class="1001" name="const_62">
<pin_list>
<pin id="63" dir="1" index="0" bw="1" slack="2147483647"/>
</pin_list>
<bind>
<StgValue><ssdm name="empty_1"/></StgValue>
</bind>
</comp>

<comp id="64" class="1004" name="cmd_array_alloca_fu_64">
<pin_list>
<pin id="65" dir="0" index="0" bw="1" slack="0"/>
<pin id="66" dir="1" index="1" bw="32" slack="0"/>
</pin_list>
<bind>
<opcode="alloca(26) " fcode="alloca"/>
<opset="cmd_array/1 "/>
</bind>
</comp>

<comp id="68" class="1004" name="cmd_size_read_fu_68">
<pin_list>
<pin id="69" dir="0" index="0" bw="32" slack="0"/>
<pin id="70" dir="0" index="1" bw="32" slack="0"/>
<pin id="71" dir="1" index="2" bw="32" slack="0"/>
</pin_list>
<bind>
<opcode="read(1150) " fcode="read"/>
<opset="cmd_size/3 "/>
</bind>
</comp>

<comp id="74" class="1004" name="write_ln27_write_fu_74">
<pin_list>
<pin id="75" dir="0" index="0" bw="0" slack="0"/>
<pin id="76" dir="0" index="1" bw="32" slack="0"/>
<pin id="77" dir="0" index="2" bw="32" slack="0"/>
<pin id="78" dir="1" index="3" bw="0" slack="2147483647"/>
</pin_list>
<bind>
<opcode="write(1151) " fcode="write"/>
<opset="write_ln27/7 "/>
</bind>
</comp>

<comp id="81" class="1004" name="write_ln28_write_fu_81">
<pin_list>
<pin id="82" dir="0" index="0" bw="0" slack="0"/>
<pin id="83" dir="0" index="1" bw="32" slack="0"/>
<pin id="84" dir="0" index="2" bw="32" slack="0"/>
<pin id="85" dir="1" index="3" bw="0" slack="2147483647"/>
</pin_list>
<bind>
<opcode="write(1151) " fcode="write"/>
<opset="write_ln28/7 "/>
</bind>
</comp>

<comp id="88" class="1004" name="write_ln29_write_fu_88">
<pin_list>
<pin id="89" dir="0" index="0" bw="0" slack="0"/>
<pin id="90" dir="0" index="1" bw="32" slack="0"/>
<pin id="91" dir="0" index="2" bw="32" slack="0"/>
<pin id="92" dir="1" index="3" bw="0" slack="2147483647"/>
</pin_list>
<bind>
<opcode="write(1151) " fcode="write"/>
<opset="write_ln29/8 "/>
</bind>
</comp>

<comp id="95" class="1004" name="write_ln30_write_fu_95">
<pin_list>
<pin id="96" dir="0" index="0" bw="0" slack="0"/>
<pin id="97" dir="0" index="1" bw="32" slack="0"/>
<pin id="98" dir="0" index="2" bw="16" slack="0"/>
<pin id="99" dir="1" index="3" bw="0" slack="2147483647"/>
</pin_list>
<bind>
<opcode="write(1151) " fcode="write"/>
<opset="write_ln30/8 "/>
</bind>
</comp>

<comp id="102" class="1004" name="write_ln31_write_fu_102">
<pin_list>
<pin id="103" dir="0" index="0" bw="0" slack="0"/>
<pin id="104" dir="0" index="1" bw="32" slack="0"/>
<pin id="105" dir="0" index="2" bw="16" slack="0"/>
<pin id="106" dir="1" index="3" bw="0" slack="2147483647"/>
</pin_list>
<bind>
<opcode="write(1151) " fcode="write"/>
<opset="write_ln31/8 "/>
</bind>
</comp>

<comp id="109" class="1004" name="write_ln32_write_fu_109">
<pin_list>
<pin id="110" dir="0" index="0" bw="0" slack="0"/>
<pin id="111" dir="0" index="1" bw="32" slack="0"/>
<pin id="112" dir="0" index="2" bw="16" slack="0"/>
<pin id="113" dir="1" index="3" bw="0" slack="2147483647"/>
</pin_list>
<bind>
<opcode="write(1151) " fcode="write"/>
<opset="write_ln32/9 "/>
</bind>
</comp>

<comp id="116" class="1004" name="write_ln33_write_fu_116">
<pin_list>
<pin id="117" dir="0" index="0" bw="0" slack="0"/>
<pin id="118" dir="0" index="1" bw="32" slack="0"/>
<pin id="119" dir="0" index="2" bw="16" slack="0"/>
<pin id="120" dir="1" index="3" bw="0" slack="2147483647"/>
</pin_list>
<bind>
<opcode="write(1151) " fcode="write"/>
<opset="write_ln33/9 "/>
</bind>
</comp>

<comp id="123" class="1004" name="cmd_array_addr_gep_fu_123">
<pin_list>
<pin id="124" dir="0" index="0" bw="32" slack="2147483647"/>
<pin id="125" dir="0" index="1" bw="1" slack="0"/>
<pin id="126" dir="0" index="2" bw="1" slack="0"/>
<pin id="127" dir="1" index="3" bw="3" slack="0"/>
</pin_list>
<bind>
<opcode="getelementptr(29) " fcode="getelementptr"/>
<opset="cmd_array_addr/6 "/>
</bind>
</comp>

<comp id="130" class="1004" name="grp_access_fu_130">
<pin_list>
<pin id="131" dir="0" index="0" bw="3" slack="0"/>
<pin id="132" dir="0" index="1" bw="32" slack="2147483647"/>
<pin id="133" dir="0" index="2" bw="0" slack="0"/>
<pin id="135" dir="0" index="4" bw="3" slack="2147483647"/>
<pin id="136" dir="0" index="5" bw="32" slack="2147483647"/>
<pin id="137" dir="0" index="6" bw="0" slack="2147483647"/>
<pin id="134" dir="1" index="3" bw="32" slack="0"/>
<pin id="138" dir="1" index="7" bw="32" slack="0"/>
</pin_list>
<bind>
<opcode="load(27) " fcode="load"/>
<opset="cmd_array_load/6 cmd_array_load_1/6 cmd_array_load_2/7 cmd_array_load_3/7 cmd_array_load_4/8 "/>
</bind>
</comp>

<comp id="141" class="1004" name="cmd_array_addr_1_gep_fu_141">
<pin_list>
<pin id="142" dir="0" index="0" bw="32" slack="2147483647"/>
<pin id="143" dir="0" index="1" bw="1" slack="0"/>
<pin id="144" dir="0" index="2" bw="1" slack="0"/>
<pin id="145" dir="1" index="3" bw="3" slack="0"/>
</pin_list>
<bind>
<opcode="getelementptr(29) " fcode="getelementptr"/>
<opset="cmd_array_addr_1/6 "/>
</bind>
</comp>

<comp id="150" class="1004" name="cmd_array_addr_2_gep_fu_150">
<pin_list>
<pin id="151" dir="0" index="0" bw="32" slack="2147483647"/>
<pin id="152" dir="0" index="1" bw="1" slack="0"/>
<pin id="153" dir="0" index="2" bw="3" slack="0"/>
<pin id="154" dir="1" index="3" bw="3" slack="0"/>
</pin_list>
<bind>
<opcode="getelementptr(29) " fcode="getelementptr"/>
<opset="cmd_array_addr_2/7 "/>
</bind>
</comp>

<comp id="159" class="1004" name="cmd_array_addr_3_gep_fu_159">
<pin_list>
<pin id="160" dir="0" index="0" bw="32" slack="2147483647"/>
<pin id="161" dir="0" index="1" bw="1" slack="0"/>
<pin id="162" dir="0" index="2" bw="3" slack="0"/>
<pin id="163" dir="1" index="3" bw="3" slack="0"/>
</pin_list>
<bind>
<opcode="getelementptr(29) " fcode="getelementptr"/>
<opset="cmd_array_addr_3/7 "/>
</bind>
</comp>

<comp id="167" class="1004" name="cmd_array_addr_4_gep_fu_167">
<pin_list>
<pin id="168" dir="0" index="0" bw="32" slack="2147483647"/>
<pin id="169" dir="0" index="1" bw="1" slack="0"/>
<pin id="170" dir="0" index="2" bw="4" slack="0"/>
<pin id="171" dir="1" index="3" bw="3" slack="0"/>
</pin_list>
<bind>
<opcode="getelementptr(29) " fcode="getelementptr"/>
<opset="cmd_array_addr_4/8 "/>
</bind>
</comp>

<comp id="175" class="1004" name="grp_cl_box_Pipeline_1_fu_175">
<pin_list>
<pin id="176" dir="0" index="0" bw="0" slack="0"/>
<pin id="177" dir="0" index="1" bw="32" slack="0"/>
<pin id="178" dir="1" index="2" bw="0" slack="2147483647"/>
</pin_list>
<bind>
<opcode="call(48) " fcode="call"/>
<opset="call_ln0/1 "/>
</bind>
</comp>

<comp id="181" class="1004" name="grp_cl_box_Pipeline_VITIS_LOOP_22_1_fu_181">
<pin_list>
<pin id="182" dir="0" index="0" bw="0" slack="0"/>
<pin id="183" dir="0" index="1" bw="33" slack="0"/>
<pin id="184" dir="0" index="2" bw="32" slack="0"/>
<pin id="185" dir="0" index="3" bw="32" slack="2147483647"/>
<pin id="186" dir="1" index="4" bw="0" slack="2147483647"/>
</pin_list>
<bind>
<opcode="call(48) " fcode="call"/>
<opset="call_ln22/4 "/>
</bind>
</comp>

<comp id="189" class="1004" name="grp_fu_189">
<pin_list>
<pin id="190" dir="0" index="0" bw="16" slack="0"/>
<pin id="191" dir="0" index="1" bw="32" slack="0"/>
<pin id="192" dir="0" index="2" bw="6" slack="0"/>
<pin id="193" dir="0" index="3" bw="6" slack="0"/>
<pin id="194" dir="1" index="4" bw="16" slack="0"/>
</pin_list>
<bind>
<opcode="partselect(1002) " fcode="partselect"/>
<opset="lshr_ln/8 lshr_ln1/9 "/>
</bind>
</comp>

<comp id="199" class="1004" name="sub_i_fu_199">
<pin_list>
<pin id="200" dir="0" index="0" bw="32" slack="0"/>
<pin id="201" dir="0" index="1" bw="2" slack="0"/>
<pin id="202" dir="1" index="2" bw="32" slack="1"/>
</pin_list>
<bind>
<opcode="add(8) " fcode="add"/>
<opset="sub_i/3 "/>
</bind>
</comp>

<comp id="205" class="1004" name="zext_ln22_fu_205">
<pin_list>
<pin id="206" dir="0" index="0" bw="32" slack="1"/>
<pin id="207" dir="1" index="1" bw="33" slack="0"/>
</pin_list>
<bind>
<opcode="zext(34) " fcode="zext"/>
<opset="zext_ln22/4 "/>
</bind>
</comp>

<comp id="208" class="1004" name="add_ln22_fu_208">
<pin_list>
<pin id="209" dir="0" index="0" bw="32" slack="0"/>
<pin id="210" dir="0" index="1" bw="1" slack="0"/>
<pin id="211" dir="1" index="2" bw="33" slack="0"/>
</pin_list>
<bind>
<opcode="add(8) " fcode="add"/>
<opset="add_ln22/4 "/>
</bind>
</comp>

<comp id="215" class="1004" name="trunc_ln30_fu_215">
<pin_list>
<pin id="216" dir="0" index="0" bw="32" slack="0"/>
<pin id="217" dir="1" index="1" bw="16" slack="0"/>
</pin_list>
<bind>
<opcode="trunc(33) " fcode="trunc"/>
<opset="trunc_ln30/8 "/>
</bind>
</comp>

<comp id="219" class="1004" name="zext_ln30_fu_219">
<pin_list>
<pin id="220" dir="0" index="0" bw="16" slack="0"/>
<pin id="221" dir="1" index="1" bw="32" slack="0"/>
</pin_list>
<bind>
<opcode="zext(34) " fcode="zext"/>
<opset="zext_ln30/8 "/>
</bind>
</comp>

<comp id="224" class="1004" name="zext_ln31_fu_224">
<pin_list>
<pin id="225" dir="0" index="0" bw="16" slack="0"/>
<pin id="226" dir="1" index="1" bw="32" slack="0"/>
</pin_list>
<bind>
<opcode="zext(34) " fcode="zext"/>
<opset="zext_ln31/8 "/>
</bind>
</comp>

<comp id="229" class="1004" name="trunc_ln32_fu_229">
<pin_list>
<pin id="230" dir="0" index="0" bw="32" slack="0"/>
<pin id="231" dir="1" index="1" bw="16" slack="0"/>
</pin_list>
<bind>
<opcode="trunc(33) " fcode="trunc"/>
<opset="trunc_ln32/9 "/>
</bind>
</comp>

<comp id="233" class="1004" name="zext_ln32_fu_233">
<pin_list>
<pin id="234" dir="0" index="0" bw="16" slack="0"/>
<pin id="235" dir="1" index="1" bw="32" slack="0"/>
</pin_list>
<bind>
<opcode="zext(34) " fcode="zext"/>
<opset="zext_ln32/9 "/>
</bind>
</comp>

<comp id="238" class="1004" name="zext_ln33_fu_238">
<pin_list>
<pin id="239" dir="0" index="0" bw="16" slack="0"/>
<pin id="240" dir="1" index="1" bw="32" slack="0"/>
</pin_list>
<bind>
<opcode="zext(34) " fcode="zext"/>
<opset="zext_ln33/9 "/>
</bind>
</comp>

<comp id="243" class="1005" name="sub_i_reg_243">
<pin_list>
<pin id="244" dir="0" index="0" bw="32" slack="1"/>
<pin id="245" dir="1" index="1" bw="32" slack="1"/>
</pin_list>
<bind>
<opset="sub_i "/>
</bind>
</comp>

<comp id="248" class="1005" name="add_ln22_reg_248">
<pin_list>
<pin id="249" dir="0" index="0" bw="33" slack="1"/>
<pin id="250" dir="1" index="1" bw="33" slack="1"/>
</pin_list>
<bind>
<opset="add_ln22 "/>
</bind>
</comp>

<comp id="253" class="1005" name="cmd_array_addr_reg_253">
<pin_list>
<pin id="254" dir="0" index="0" bw="3" slack="1"/>
<pin id="255" dir="1" index="1" bw="3" slack="1"/>
</pin_list>
<bind>
<opset="cmd_array_addr "/>
</bind>
</comp>

<comp id="258" class="1005" name="cmd_array_addr_1_reg_258">
<pin_list>
<pin id="259" dir="0" index="0" bw="3" slack="1"/>
<pin id="260" dir="1" index="1" bw="3" slack="1"/>
</pin_list>
<bind>
<opset="cmd_array_addr_1 "/>
</bind>
</comp>

<comp id="263" class="1005" name="cmd_array_addr_2_reg_263">
<pin_list>
<pin id="264" dir="0" index="0" bw="3" slack="1"/>
<pin id="265" dir="1" index="1" bw="3" slack="1"/>
</pin_list>
<bind>
<opset="cmd_array_addr_2 "/>
</bind>
</comp>

<comp id="268" class="1005" name="cmd_array_addr_3_reg_268">
<pin_list>
<pin id="269" dir="0" index="0" bw="3" slack="1"/>
<pin id="270" dir="1" index="1" bw="3" slack="1"/>
</pin_list>
<bind>
<opset="cmd_array_addr_3 "/>
</bind>
</comp>

<comp id="273" class="1005" name="cmd_array_addr_4_reg_273">
<pin_list>
<pin id="274" dir="0" index="0" bw="3" slack="1"/>
<pin id="275" dir="1" index="1" bw="3" slack="1"/>
</pin_list>
<bind>
<opset="cmd_array_addr_4 "/>
</bind>
</comp>

</comp_list>

<net_list>
<net id="67"><net_src comp="16" pin="0"/><net_sink comp="64" pin=0"/></net>

<net id="72"><net_src comp="20" pin="0"/><net_sink comp="68" pin=0"/></net>

<net id="73"><net_src comp="0" pin="0"/><net_sink comp="68" pin=1"/></net>

<net id="79"><net_src comp="30" pin="0"/><net_sink comp="74" pin=0"/></net>

<net id="80"><net_src comp="2" pin="0"/><net_sink comp="74" pin=1"/></net>

<net id="86"><net_src comp="30" pin="0"/><net_sink comp="81" pin=0"/></net>

<net id="87"><net_src comp="4" pin="0"/><net_sink comp="81" pin=1"/></net>

<net id="93"><net_src comp="30" pin="0"/><net_sink comp="88" pin=0"/></net>

<net id="94"><net_src comp="6" pin="0"/><net_sink comp="88" pin=1"/></net>

<net id="100"><net_src comp="30" pin="0"/><net_sink comp="95" pin=0"/></net>

<net id="101"><net_src comp="8" pin="0"/><net_sink comp="95" pin=1"/></net>

<net id="107"><net_src comp="30" pin="0"/><net_sink comp="102" pin=0"/></net>

<net id="108"><net_src comp="10" pin="0"/><net_sink comp="102" pin=1"/></net>

<net id="114"><net_src comp="30" pin="0"/><net_sink comp="109" pin=0"/></net>

<net id="115"><net_src comp="12" pin="0"/><net_sink comp="109" pin=1"/></net>

<net id="121"><net_src comp="30" pin="0"/><net_sink comp="116" pin=0"/></net>

<net id="122"><net_src comp="14" pin="0"/><net_sink comp="116" pin=1"/></net>

<net id="128"><net_src comp="28" pin="0"/><net_sink comp="123" pin=1"/></net>

<net id="129"><net_src comp="28" pin="0"/><net_sink comp="123" pin=2"/></net>

<net id="139"><net_src comp="130" pin="7"/><net_sink comp="74" pin=2"/></net>

<net id="140"><net_src comp="123" pin="3"/><net_sink comp="130" pin=2"/></net>

<net id="146"><net_src comp="28" pin="0"/><net_sink comp="141" pin=1"/></net>

<net id="147"><net_src comp="16" pin="0"/><net_sink comp="141" pin=2"/></net>

<net id="148"><net_src comp="130" pin="3"/><net_sink comp="81" pin=2"/></net>

<net id="149"><net_src comp="141" pin="3"/><net_sink comp="130" pin=0"/></net>

<net id="155"><net_src comp="28" pin="0"/><net_sink comp="150" pin=1"/></net>

<net id="156"><net_src comp="32" pin="0"/><net_sink comp="150" pin=2"/></net>

<net id="157"><net_src comp="130" pin="7"/><net_sink comp="88" pin=2"/></net>

<net id="158"><net_src comp="150" pin="3"/><net_sink comp="130" pin=2"/></net>

<net id="164"><net_src comp="28" pin="0"/><net_sink comp="159" pin=1"/></net>

<net id="165"><net_src comp="34" pin="0"/><net_sink comp="159" pin=2"/></net>

<net id="166"><net_src comp="159" pin="3"/><net_sink comp="130" pin=0"/></net>

<net id="172"><net_src comp="28" pin="0"/><net_sink comp="167" pin=1"/></net>

<net id="173"><net_src comp="42" pin="0"/><net_sink comp="167" pin=2"/></net>

<net id="174"><net_src comp="167" pin="3"/><net_sink comp="130" pin=0"/></net>

<net id="179"><net_src comp="18" pin="0"/><net_sink comp="175" pin=0"/></net>

<net id="180"><net_src comp="64" pin="1"/><net_sink comp="175" pin=1"/></net>

<net id="187"><net_src comp="26" pin="0"/><net_sink comp="181" pin=0"/></net>

<net id="188"><net_src comp="0" pin="0"/><net_sink comp="181" pin=2"/></net>

<net id="195"><net_src comp="36" pin="0"/><net_sink comp="189" pin=0"/></net>

<net id="196"><net_src comp="130" pin="3"/><net_sink comp="189" pin=1"/></net>

<net id="197"><net_src comp="38" pin="0"/><net_sink comp="189" pin=2"/></net>

<net id="198"><net_src comp="40" pin="0"/><net_sink comp="189" pin=3"/></net>

<net id="203"><net_src comp="68" pin="2"/><net_sink comp="199" pin=0"/></net>

<net id="204"><net_src comp="22" pin="0"/><net_sink comp="199" pin=1"/></net>

<net id="212"><net_src comp="205" pin="1"/><net_sink comp="208" pin=0"/></net>

<net id="213"><net_src comp="24" pin="0"/><net_sink comp="208" pin=1"/></net>

<net id="214"><net_src comp="208" pin="2"/><net_sink comp="181" pin=1"/></net>

<net id="218"><net_src comp="130" pin="3"/><net_sink comp="215" pin=0"/></net>

<net id="222"><net_src comp="189" pin="4"/><net_sink comp="219" pin=0"/></net>

<net id="223"><net_src comp="219" pin="1"/><net_sink comp="95" pin=2"/></net>

<net id="227"><net_src comp="215" pin="1"/><net_sink comp="224" pin=0"/></net>

<net id="228"><net_src comp="224" pin="1"/><net_sink comp="102" pin=2"/></net>

<net id="232"><net_src comp="130" pin="3"/><net_sink comp="229" pin=0"/></net>

<net id="236"><net_src comp="189" pin="4"/><net_sink comp="233" pin=0"/></net>

<net id="237"><net_src comp="233" pin="1"/><net_sink comp="109" pin=2"/></net>

<net id="241"><net_src comp="229" pin="1"/><net_sink comp="238" pin=0"/></net>

<net id="242"><net_src comp="238" pin="1"/><net_sink comp="116" pin=2"/></net>

<net id="246"><net_src comp="199" pin="2"/><net_sink comp="243" pin=0"/></net>

<net id="247"><net_src comp="243" pin="1"/><net_sink comp="205" pin=0"/></net>

<net id="251"><net_src comp="208" pin="2"/><net_sink comp="248" pin=0"/></net>

<net id="252"><net_src comp="248" pin="1"/><net_sink comp="181" pin=1"/></net>

<net id="256"><net_src comp="123" pin="3"/><net_sink comp="253" pin=0"/></net>

<net id="257"><net_src comp="253" pin="1"/><net_sink comp="130" pin=2"/></net>

<net id="261"><net_src comp="141" pin="3"/><net_sink comp="258" pin=0"/></net>

<net id="262"><net_src comp="258" pin="1"/><net_sink comp="130" pin=0"/></net>

<net id="266"><net_src comp="150" pin="3"/><net_sink comp="263" pin=0"/></net>

<net id="267"><net_src comp="263" pin="1"/><net_sink comp="130" pin=2"/></net>

<net id="271"><net_src comp="159" pin="3"/><net_sink comp="268" pin=0"/></net>

<net id="272"><net_src comp="268" pin="1"/><net_sink comp="130" pin=0"/></net>

<net id="276"><net_src comp="167" pin="3"/><net_sink comp="273" pin=0"/></net>

<net id="277"><net_src comp="273" pin="1"/><net_sink comp="130" pin=0"/></net>

</net_list>

</model> 
---------------- Datapath Model END ------------------

* FSMD analyzer results:
  - Output states:
	Port: a_baseaddr | {7 }
	Port: b_baseaddr | {7 }
	Port: c_baseaddr | {8 }
	Port: a_row | {8 }
	Port: a_col | {8 }
	Port: b_col | {9 }
	Port: work_id | {9 }
 - Input state : 
	Port: cl_box : ctl_cmd_stream | {3 4 5 }
  - Chain level:
	State 1
		call_ln0 : 1
	State 2
	State 3
	State 4
		add_ln22 : 1
		call_ln22 : 2
	State 5
	State 6
		cmd_array_load : 1
		cmd_array_load_1 : 1
	State 7
		write_ln27 : 1
		write_ln28 : 1
		cmd_array_load_2 : 1
		cmd_array_load_3 : 1
	State 8
		write_ln29 : 1
		trunc_ln30 : 1
		lshr_ln : 1
		zext_ln30 : 2
		write_ln30 : 3
		zext_ln31 : 2
		write_ln31 : 3
		cmd_array_load_4 : 1
	State 9
		trunc_ln32 : 1
		lshr_ln1 : 1
		zext_ln32 : 2
		write_ln32 : 3
		zext_ln33 : 2
		write_ln33 : 3


============================================================
+ Verbose Summary: Datapath Resource usage 
============================================================

* Functional unit list:
|----------|--------------------------------------------|---------|---------|
| Operation|               Functional Unit              |    FF   |   LUT   |
|----------|--------------------------------------------|---------|---------|
|   call   |        grp_cl_box_Pipeline_1_fu_175        |    3    |    20   |
|          | grp_cl_box_Pipeline_VITIS_LOOP_22_1_fu_181 |    6    |    50   |
|----------|--------------------------------------------|---------|---------|
|    add   |                sub_i_fu_199                |    0    |    39   |
|          |               add_ln22_fu_208              |    0    |    39   |
|----------|--------------------------------------------|---------|---------|
|   read   |             cmd_size_read_fu_68            |    0    |    0    |
|----------|--------------------------------------------|---------|---------|
|          |           write_ln27_write_fu_74           |    0    |    0    |
|          |           write_ln28_write_fu_81           |    0    |    0    |
|          |           write_ln29_write_fu_88           |    0    |    0    |
|   write  |           write_ln30_write_fu_95           |    0    |    0    |
|          |           write_ln31_write_fu_102          |    0    |    0    |
|          |           write_ln32_write_fu_109          |    0    |    0    |
|          |           write_ln33_write_fu_116          |    0    |    0    |
|----------|--------------------------------------------|---------|---------|
|partselect|                 grp_fu_189                 |    0    |    0    |
|----------|--------------------------------------------|---------|---------|
|          |              zext_ln22_fu_205              |    0    |    0    |
|          |              zext_ln30_fu_219              |    0    |    0    |
|   zext   |              zext_ln31_fu_224              |    0    |    0    |
|          |              zext_ln32_fu_233              |    0    |    0    |
|          |              zext_ln33_fu_238              |    0    |    0    |
|----------|--------------------------------------------|---------|---------|
|   trunc  |              trunc_ln30_fu_215             |    0    |    0    |
|          |              trunc_ln32_fu_229             |    0    |    0    |
|----------|--------------------------------------------|---------|---------|
|   Total  |                                            |    9    |   148   |
|----------|--------------------------------------------|---------|---------|

Memories:
+---------+--------+--------+--------+--------+
|         |  BRAM  |   FF   |   LUT  |  URAM  |
+---------+--------+--------+--------+--------+
|cmd_array|    0   |   64   |    3   |    0   |
+---------+--------+--------+--------+--------+
|  Total  |    0   |   64   |    3   |    0   |
+---------+--------+--------+--------+--------+

* Register list:
+------------------------+--------+
|                        |   FF   |
+------------------------+--------+
|    add_ln22_reg_248    |   33   |
|cmd_array_addr_1_reg_258|    3   |
|cmd_array_addr_2_reg_263|    3   |
|cmd_array_addr_3_reg_268|    3   |
|cmd_array_addr_4_reg_273|    3   |
| cmd_array_addr_reg_253 |    3   |
|      sub_i_reg_243     |   32   |
+------------------------+--------+
|          Total         |   80   |
+------------------------+--------+

* Multiplexer (MUX) list: 
|--------------------------------------------|------|------|------|--------||---------||---------||---------|
|                    Comp                    |  Pin | Size |  BW  | S x BW ||  Delay  ||    FF   ||   LUT   |
|--------------------------------------------|------|------|------|--------||---------||---------||---------|
|              grp_access_fu_130             |  p0  |   6  |   3  |   18   ||    0    ||    31   |
|              grp_access_fu_130             |  p2  |   4  |   0  |    0   ||    0    ||    20   |
| grp_cl_box_Pipeline_VITIS_LOOP_22_1_fu_181 |  p1  |   2  |  33  |   66   ||    0    ||    9    |
|--------------------------------------------|------|------|------|--------||---------||---------||---------|
|                    Total                   |      |      |      |   84   || 1.63286 ||    0    ||    60   |
|--------------------------------------------|------|------|------|--------||---------||---------||---------|



* Summary:
+-----------+--------+--------+--------+--------+--------+
|           |  BRAM  |  Delay |   FF   |   LUT  |  URAM  |
+-----------+--------+--------+--------+--------+--------+
|  Function |    -   |    -   |    9   |   148  |    -   |
|   Memory  |    0   |    -   |   64   |    3   |    0   |
|Multiplexer|    -   |    1   |    0   |   60   |    -   |
|  Register |    -   |    -   |   80   |    -   |    -   |
+-----------+--------+--------+--------+--------+--------+
|   Total   |    0   |    1   |   153  |   211  |    0   |
+-----------+--------+--------+--------+--------+--------+
