

================================================================
== Vitis HLS Report for 'cl_box_Pipeline_VITIS_LOOP_22_1'
================================================================
* Date:           Fri Nov 21 17:57:05 2025

* Version:        2024.2 (Build 5238294 on Nov  8 2024)
* Project:        cl_box
* Solution:       solution1 (Vivado IP Flow Target)
* Product family: virtexuplus
* Target device:  xcvu11p-flga2577-1-e


================================================================
== Performance Estimates
================================================================
+ Timing: 
    * Summary: 
    +--------+---------+----------+------------+
    |  Clock |  Target | Estimated| Uncertainty|
    +--------+---------+----------+------------+
    |ap_clk  |  4.00 ns|  2.190 ns|     1.08 ns|
    +--------+---------+----------+------------+

+ Latency: 
    * Summary: 
    +---------+---------+-----------+----------+-----+-----+------------------------------------------------+
    |  Latency (cycles) |  Latency (absolute)  |  Interval |                    Pipeline                    |
    |   min   |   max   |    min    |    max   | min | max |                      Type                      |
    +---------+---------+-----------+----------+-----+-----+------------------------------------------------+
    |        3|        ?|  12.000 ns|         ?|    2|    0|  loop auto-rewind stp (delay=0 clock cycles(s))|
    +---------+---------+-----------+----------+-----+-----+------------------------------------------------+

    + Detail: 
        * Instance: 
        N/A

        * Loop: 
        +-------------------+---------+---------+----------+-----------+-----------+-------+----------+
        |                   |  Latency (cycles) | Iteration|  Initiation Interval  |  Trip |          |
        |     Loop Name     |   min   |   max   |  Latency |  achieved |   target  | Count | Pipelined|
        +-------------------+---------+---------+----------+-----------+-----------+-------+----------+
        |- VITIS_LOOP_22_1  |        1|        ?|         2|          1|          1|  1 ~ ?|       yes|
        +-------------------+---------+---------+----------+-----------+-----------+-------+----------+

============================================================
+ Verbose Summary: Synthesis Manager
============================================================
InlineROM: 1
ExposeGlobal: 0
============================================================
+ Verbose Summary: CDFG Model
============================================================
IsTopModel: 0
ResetActiveHigh: 1
IsCombinational: 0
IsDatapathOnly: 0
HasWiredReturn: 1
HasMFsm: 2
HasVarLatency: 1
IsPipeline: 0
IsRtlPipelined: 0
IsInstanceOverlapped: 0
IsDontTouch: 0
HasImplIP: 0
IsGatedGlobalClock: 0

+ Individual pipeline summary: 
  * Pipeline-0: initiation interval (II) = 1, depth = 2


============================================================
+ Verbose Summary: Schedule
============================================================
* Number of FSM states : 2
* Pipeline : 1
  Pipeline-0 : II = 1, D = 2, States = { 1 2 }
* Dataflow Pipeline: 0

* FSM state transitions: 
1 --> 2 
2 --> 

* FSM state operations: 

State 1 <SV = 0> <Delay = 2.06>
ST_1 : Operation 5 [1/1] (0.00ns)   --->   "%cmd_recved = alloca i32 1" [cl_box.cpp:19->cl_box.cpp:54]   --->   Operation 5 'alloca' 'cmd_recved' <Predicate = true> <Delay = 0.00>
ST_1 : Operation 6 [1/1] (0.00ns)   --->   "%specinterface_ln0 = specinterface void @_ssdm_op_SpecInterface, i32 %ctl_cmd_stream, void @empty_0, i32 0, i32 0, void @empty, i32 0, i32 0, void @empty, void @empty, void @empty, i32 0, i32 0, i32 0, i32 0, void @empty, void @empty, i32 4294967295, i32 0, i32 0"   --->   Operation 6 'specinterface' 'specinterface_ln0' <Predicate = true> <Delay = 0.00>
ST_1 : Operation 7 [1/1] (0.00ns)   --->   "%add_ln22_read = read i33 @_ssdm_op_Read.ap_auto.i33, i33 %add_ln22"   --->   Operation 7 'read' 'add_ln22_read' <Predicate = true> <Delay = 0.00>
ST_1 : Operation 8 [1/1] (0.46ns)   --->   "%store_ln19 = store i3 0, i3 %cmd_recved" [cl_box.cpp:19->cl_box.cpp:54]   --->   Operation 8 'store' 'store_ln19' <Predicate = true> <Delay = 0.46>
ST_1 : Operation 9 [1/1] (0.00ns)   --->   "%br_ln22 = br void %while.body.i" [cl_box.cpp:22->cl_box.cpp:54]   --->   Operation 9 'br' 'br_ln22' <Predicate = true> <Delay = 0.00>
ST_1 : Operation 10 [1/1] (0.00ns)   --->   "%cmd_recved_1 = load i3 %cmd_recved" [cl_box.cpp:24->cl_box.cpp:54]   --->   Operation 10 'load' 'cmd_recved_1' <Predicate = true> <Delay = 0.00>
ST_1 : Operation 11 [1/1] (0.00ns)   --->   "%zext_ln22 = zext i3 %cmd_recved_1" [cl_box.cpp:22->cl_box.cpp:54]   --->   Operation 11 'zext' 'zext_ln22' <Predicate = true> <Delay = 0.00>
ST_1 : Operation 12 [1/1] (1.14ns)   --->   "%icmp_ln22 = icmp_eq  i33 %zext_ln22, i33 %add_ln22_read" [cl_box.cpp:22->cl_box.cpp:54]   --->   Operation 12 'icmp' 'icmp_ln22' <Predicate = true> <Delay = 1.14> <CoreInst = "Cmp">   --->   Core 9 'Cmp' <Latency = 0> <II = 1> <Delay = 1.14> <FuncUnit> <Opcode : 'seteq' 'setne' 'setle' 'setge' 'setlt' 'setgt'> <InPorts = 2> <OutPorts = 1>
ST_1 : Operation 13 [1/1] (0.00ns)   --->   "%speclooptripcount_ln0 = speclooptripcount void @_ssdm_op_SpecLoopTripCount, i64 1, i64 18446744073709551615, i64 0"   --->   Operation 13 'speclooptripcount' 'speclooptripcount_ln0' <Predicate = true> <Delay = 0.00>
ST_1 : Operation 14 [1/1] (0.71ns)   --->   "%add_ln24 = add i3 %cmd_recved_1, i3 1" [cl_box.cpp:24->cl_box.cpp:54]   --->   Operation 14 'add' 'add_ln24' <Predicate = true> <Delay = 0.71> <CoreInst = "Adder">   --->   Core 1 'Adder' <Latency = 0> <II = 1> <Delay = 0.71> <FuncUnit> <Opcode : 'add' 'sub'> <InPorts = 2> <OutPorts = 1>
ST_1 : Operation 15 [1/1] (0.00ns)   --->   "%br_ln22 = br i1 %icmp_ln22, void %while.body.i.split, void %_Z13parse_ctl_cmdRN3hls6streamIjLi0EEERiS3_S3_S3_S3_S3_S3_.1.exit.exitStub" [cl_box.cpp:22->cl_box.cpp:54]   --->   Operation 15 'br' 'br_ln22' <Predicate = true> <Delay = 0.00>
ST_1 : Operation 16 [1/1] (0.46ns)   --->   "%store_ln19 = store i3 %add_ln24, i3 %cmd_recved" [cl_box.cpp:19->cl_box.cpp:54]   --->   Operation 16 'store' 'store_ln19' <Predicate = (!icmp_ln22)> <Delay = 0.46>
ST_1 : Operation 24 [1/1] (0.46ns)   --->   "%ret_ln0 = ret"   --->   Operation 24 'ret' 'ret_ln0' <Predicate = (icmp_ln22)> <Delay = 0.46>

State 2 <SV = 1> <Delay = 2.19>
ST_2 : Operation 17 [1/1] (0.00ns)   --->   "%zext_ln22_1 = zext i3 %cmd_recved_1" [cl_box.cpp:22->cl_box.cpp:54]   --->   Operation 17 'zext' 'zext_ln22_1' <Predicate = true> <Delay = 0.00>
ST_2 : Operation 18 [1/1] (0.00ns)   --->   "%specpipeline_ln19 = specpipeline void @_ssdm_op_SpecPipeline, i32 4294967295, i32 0, i32 0, i32 0, void @empty" [cl_box.cpp:19->cl_box.cpp:54]   --->   Operation 18 'specpipeline' 'specpipeline_ln19' <Predicate = true> <Delay = 0.00>
ST_2 : Operation 19 [1/1] (0.00ns)   --->   "%specloopname_ln22 = specloopname void @_ssdm_op_SpecLoopName, void @empty_4" [cl_box.cpp:22->cl_box.cpp:54]   --->   Operation 19 'specloopname' 'specloopname_ln22' <Predicate = true> <Delay = 0.00>
ST_2 : Operation 20 [1/1] ( I:1.46ns O:1.46ns )   --->   "%ctl_cmd_stream_read = read i32 @_ssdm_op_Read.ap_fifo.volatile.i32P0A, i32 %ctl_cmd_stream" [cl_box.cpp:23->cl_box.cpp:54]   --->   Operation 20 'read' 'ctl_cmd_stream_read' <Predicate = true> <Delay = 1.46> <CoreInst = "FIFO">   --->   Core 77 'FIFO' <Latency = 0> <II = 1> <Delay = 1.72> <Storage> <Opcode : 'read' 'write' 'nbread' 'nbwrite'> <Ports = 0> <Width = -1> <Depth = -1> <FIFO>
ST_2 : Operation 21 [1/1] (0.00ns)   --->   "%cmd_array_addr = getelementptr i32 %cmd_array, i64 0, i64 %zext_ln22_1" [cl_box.cpp:23->cl_box.cpp:54]   --->   Operation 21 'getelementptr' 'cmd_array_addr' <Predicate = true> <Delay = 0.00>
ST_2 : Operation 22 [1/1] ( I:0.73ns O:0.73ns )   --->   "%store_ln23 = store i32 %ctl_cmd_stream_read, i3 %cmd_array_addr" [cl_box.cpp:23->cl_box.cpp:54]   --->   Operation 22 'store' 'store_ln23' <Predicate = true> <Delay = 0.73> <CoreInst = "RAM">   --->   Core 82 'RAM' <Latency = 1> <II = 1> <Delay = 0.73> <Storage> <Opcode : 'load' 'store'> <Ports = 2> <Width = 32> <Depth = 5> <RAM>
ST_2 : Operation 23 [1/1] (0.00ns)   --->   "%br_ln22 = br void %while.body.i" [cl_box.cpp:22->cl_box.cpp:54]   --->   Operation 23 'br' 'br_ln22' <Predicate = true> <Delay = 0.00>


============================================================
+ Verbose Summary: Timing violations
============================================================
Target clock period: 4.000ns, clock uncertainty: 1.080ns.

 <State 1>: 2.067ns
The critical path consists of the following:
	'store' operation 0 bit ('store_ln19', cl_box.cpp:19->cl_box.cpp:54) of constant 0 on local variable 'cmd_recved', cl_box.cpp:19->cl_box.cpp:54 [7]  (0.460 ns)
	'load' operation 3 bit ('cmd_recved', cl_box.cpp:24->cl_box.cpp:54) on local variable 'cmd_recved', cl_box.cpp:19->cl_box.cpp:54 [10]  (0.000 ns)
	'icmp' operation 1 bit ('icmp_ln22', cl_box.cpp:22->cl_box.cpp:54) [12]  (1.147 ns)
	'store' operation 0 bit ('store_ln19', cl_box.cpp:19->cl_box.cpp:54) of variable 'add_ln24', cl_box.cpp:24->cl_box.cpp:54 on local variable 'cmd_recved', cl_box.cpp:19->cl_box.cpp:54 [23]  (0.460 ns)

 <State 2>: 2.190ns
The critical path consists of the following:
	fifo read operation ('ctl_cmd_stream_read', cl_box.cpp:23->cl_box.cpp:54) on port 'ctl_cmd_stream' (cl_box.cpp:23->cl_box.cpp:54) [20]  (1.460 ns)
	'store' operation 0 bit ('store_ln23', cl_box.cpp:23->cl_box.cpp:54) of variable 'ctl_cmd_stream_read', cl_box.cpp:23->cl_box.cpp:54 on array 'cmd_array' [22]  (0.730 ns)


============================================================
+ Verbose Summary: Binding
============================================================
N/A
* FSMD analyzer results:
  - Output states:
 - Input state : 
  - Chain level:
	State 1
	State 2


============================================================
+ Verbose Summary: Datapath Resource usage 
============================================================
N/A
