

================================================================
== Vitis HLS Report for 'cl_box'
================================================================
* Date:           Fri Nov 21 17:57:05 2025

* Version:        2024.2 (Build 5238294 on Nov  8 2024)
* Project:        cl_box
* Solution:       solution1 (Vivado IP Flow Target)
* Product family: virtexuplus
* Target device:  xcvu11p-flga2577-1-e


================================================================
== Performance Estimates
================================================================
+ Timing: 
    * Summary: 
    +--------+---------+----------+------------+
    |  Clock |  Target | Estimated| Uncertainty|
    +--------+---------+----------+------------+
    |ap_clk  |  4.00 ns|  2.749 ns|     1.08 ns|
    +--------+---------+----------+------------+

+ Latency: 
    * Summary: 
    +---------+---------+-----------+----------+-----+-----+---------+
    |  Latency (cycles) |  Latency (absolute)  |  Interval | Pipeline|
    |   min   |   max   |    min    |    max   | min | max |   Type  |
    +---------+---------+-----------+----------+-----+-----+---------+
    |       18|        ?|  72.000 ns|         ?|   19|    ?|       no|
    +---------+---------+-----------+----------+-----+-----+---------+

    + Detail: 
        * Instance: 
        +--------------------------------------------+---------------------------------+---------+---------+-----------+-----------+-----+-----+------------------------------------------------+
        |                                            |                                 |  Latency (cycles) |   Latency (absolute)  |  Interval |                    Pipeline                    |
        |                  Instance                  |              Module             |   min   |   max   |    min    |    max    | min | max |                      Type                      |
        +--------------------------------------------+---------------------------------+---------+---------+-----------+-----------+-----+-----+------------------------------------------------+
        |grp_cl_box_Pipeline_1_fu_175                |cl_box_Pipeline_1                |        7|        7|  28.000 ns|  28.000 ns|    6|    6|  loop auto-rewind stp (delay=0 clock cycles(s))|
        |grp_cl_box_Pipeline_VITIS_LOOP_22_1_fu_181  |cl_box_Pipeline_VITIS_LOOP_22_1  |        3|        ?|  12.000 ns|          ?|    2|    0|  loop auto-rewind stp (delay=0 clock cycles(s))|
        +--------------------------------------------+---------------------------------+---------+---------+-----------+-----------+-----+-----+------------------------------------------------+

        * Loop: 
        N/A



================================================================
== Utilization Estimates
================================================================
* Summary: 
+---------------------+---------+------+---------+---------+-----+
|         Name        | BRAM_18K|  DSP |    FF   |   LUT   | URAM|
+---------------------+---------+------+---------+---------+-----+
|DSP                  |        -|     -|        -|        -|    -|
|Expression           |        -|     -|        0|       79|    -|
|FIFO                 |        -|     -|        -|        -|    -|
|Instance             |        -|     -|       14|      146|    -|
|Memory               |        0|     -|       64|        3|    0|
|Multiplexer          |        -|     -|        0|      167|    -|
|Register             |        -|     -|       76|        -|    -|
+---------------------+---------+------+---------+---------+-----+
|Total                |        0|     0|      154|      395|    0|
+---------------------+---------+------+---------+---------+-----+
|Available SLR        |     1344|  3072|   864000|   432000|  320|
+---------------------+---------+------+---------+---------+-----+
|Utilization SLR (%)  |        0|     0|       ~0|       ~0|    0|
+---------------------+---------+------+---------+---------+-----+
|Available            |     4032|  9216|  2592000|  1296000|  960|
+---------------------+---------+------+---------+---------+-----+
|Utilization (%)      |        0|     0|       ~0|       ~0|    0|
+---------------------+---------+------+---------+---------+-----+

+ Detail: 
    * Instance: 
    +--------------------------------------------+---------------------------------+---------+----+---+----+-----+
    |                  Instance                  |              Module             | BRAM_18K| DSP| FF| LUT| URAM|
    +--------------------------------------------+---------------------------------+---------+----+---+----+-----+
    |grp_cl_box_Pipeline_1_fu_175                |cl_box_Pipeline_1                |        0|   0|  5|  47|    0|
    |grp_cl_box_Pipeline_VITIS_LOOP_22_1_fu_181  |cl_box_Pipeline_VITIS_LOOP_22_1  |        0|   0|  9|  99|    0|
    +--------------------------------------------+---------------------------------+---------+----+---+----+-----+
    |Total                                       |                                 |        0|   0| 14| 146|    0|
    +--------------------------------------------+---------------------------------+---------+----+---+----+-----+

    * DSP: 
    N/A

    * Memory: 
    +-------------+-------------------------+---------+----+----+-----+------+-----+------+-------------+
    |    Memory   |          Module         | BRAM_18K| FF | LUT| URAM| Words| Bits| Banks| W*Bits*Banks|
    +-------------+-------------------------+---------+----+----+-----+------+-----+------+-------------+
    |cmd_array_U  |cmd_array_RAM_AUTO_1R1W  |        0|  64|   3|    0|     5|   32|     1|          160|
    +-------------+-------------------------+---------+----+----+-----+------+-----+------+-------------+
    |Total        |                         |        0|  64|   3|    0|     5|   32|     1|          160|
    +-------------+-------------------------+---------+----+----+-----+------+-----+------+-------------+

    * FIFO: 
    N/A

    * Expression: 
    +--------------------+----------+----+---+----+------------+------------+
    |    Variable Name   | Operation| DSP| FF| LUT| Bitwidth P0| Bitwidth P1|
    +--------------------+----------+----+---+----+------------+------------+
    |add_ln22_fu_208_p2  |         +|   0|  0|  40|          33|           1|
    |sub_i_fu_199_p2     |         +|   0|  0|  39|          32|           3|
    +--------------------+----------+----+---+----+------------+------------+
    |Total               |          |   0|  0|  79|          65|           4|
    +--------------------+----------+----+---+----+------------+------------+

    * Multiplexer: 
    +--------------------------+----+-----------+-----+-----------+
    |           Name           | LUT| Input Size| Bits| Total Bits|
    +--------------------------+----+-----------+-----+-----------+
    |ap_NS_fsm                 |  54|         10|    1|         10|
    |cmd_array_address0        |  14|          3|    3|          9|
    |cmd_array_address0_local  |  20|          4|    3|         12|
    |cmd_array_address1_local  |  14|          3|    3|          9|
    |cmd_array_ce0             |  14|          3|    1|          3|
    |cmd_array_d0              |  14|          3|   32|         96|
    |cmd_array_we0             |  14|          3|    1|          3|
    |ctl_cmd_stream_blk_n      |   9|          2|    1|          2|
    |ctl_cmd_stream_read       |  14|          3|    1|          3|
    +--------------------------+----+-----------+-----+-----------+
    |Total                     | 167|         34|   46|        147|
    +--------------------------+----+-----------+-----+-----------+

    * Register: 
    +---------------------------------------------------------+----+----+-----+-----------+
    |                           Name                          | FF | LUT| Bits| Const Bits|
    +---------------------------------------------------------+----+----+-----+-----------+
    |add_ln22_reg_248                                         |  33|   0|   33|          0|
    |ap_CS_fsm                                                |   9|   0|    9|          0|
    |grp_cl_box_Pipeline_1_fu_175_ap_start_reg                |   1|   0|    1|          0|
    |grp_cl_box_Pipeline_VITIS_LOOP_22_1_fu_181_ap_start_reg  |   1|   0|    1|          0|
    |sub_i_reg_243                                            |  32|   0|   32|          0|
    +---------------------------------------------------------+----+----+-----+-----------+
    |Total                                                    |  76|   0|   76|          0|
    +---------------------------------------------------------+----+----+-----+-----------+



================================================================
== Interface
================================================================
* Summary: 
+------------------------+-----+-----+------------+----------------+--------------+
|        RTL Ports       | Dir | Bits|  Protocol  |  Source Object |    C Type    |
+------------------------+-----+-----+------------+----------------+--------------+
|ap_clk                  |   in|    1|  ap_ctrl_hs|          cl_box|  return value|
|ap_rst                  |   in|    1|  ap_ctrl_hs|          cl_box|  return value|
|ap_start                |   in|    1|  ap_ctrl_hs|          cl_box|  return value|
|ap_done                 |  out|    1|  ap_ctrl_hs|          cl_box|  return value|
|ap_idle                 |  out|    1|  ap_ctrl_hs|          cl_box|  return value|
|ap_ready                |  out|    1|  ap_ctrl_hs|          cl_box|  return value|
|ctl_cmd_stream_dout     |   in|   32|     ap_fifo|  ctl_cmd_stream|       pointer|
|ctl_cmd_stream_empty_n  |   in|    1|     ap_fifo|  ctl_cmd_stream|       pointer|
|ctl_cmd_stream_read     |  out|    1|     ap_fifo|  ctl_cmd_stream|       pointer|
|a_baseaddr              |  out|   32|      ap_vld|      a_baseaddr|       pointer|
|a_baseaddr_ap_vld       |  out|    1|      ap_vld|      a_baseaddr|       pointer|
|b_baseaddr              |  out|   32|      ap_vld|      b_baseaddr|       pointer|
|b_baseaddr_ap_vld       |  out|    1|      ap_vld|      b_baseaddr|       pointer|
|c_baseaddr              |  out|   32|      ap_vld|      c_baseaddr|       pointer|
|c_baseaddr_ap_vld       |  out|    1|      ap_vld|      c_baseaddr|       pointer|
|a_row                   |  out|   32|      ap_vld|           a_row|       pointer|
|a_row_ap_vld            |  out|    1|      ap_vld|           a_row|       pointer|
|a_col                   |  out|   32|      ap_vld|           a_col|       pointer|
|a_col_ap_vld            |  out|    1|      ap_vld|           a_col|       pointer|
|b_col                   |  out|   32|      ap_vld|           b_col|       pointer|
|b_col_ap_vld            |  out|    1|      ap_vld|           b_col|       pointer|
|work_id                 |  out|   32|      ap_vld|         work_id|       pointer|
|work_id_ap_vld          |  out|    1|      ap_vld|         work_id|       pointer|
+------------------------+-----+-----+------------+----------------+--------------+

