================================================================
== Design Size Report
================================================================

* Total Instructions per Compilation Phase
+---------------+-----------------------------+--------------+----------------------------------------------------------------------------------------+
| Phase         | Step                        | Instructions | Description                                                                            |
+---------------+-----------------------------+--------------+----------------------------------------------------------------------------------------+
| Compile/Link  |                             |   118        | After all functions are compiled and linked into a single design                       |
|               |                             |              |                                                                                        |
| Unroll/Inline |                             |              | After user unroll and inline pragmas are applied                                       |
|               | (1) unroll                  | 6,262        | user unroll pragmas are applied                                                        |
|               | (2) simplification          | 3,996        | simplification of applied user unroll pragmas                                          |
|               | (3) inline                  | 3,947        | user inline pragmas are applied                                                        |
|               | (4) simplification          | 3,947        | simplification of applied user inline pragmas                                          |
|               |                             |              |                                                                                        |
| Array/Struct  |                             |              | After user array partition and struct aggregate/disaggregate pragmas are applied       |
|               | (1) array partition         | 8,552        | user array partition pragmas are applied                                               |
|               | (2) simplification          | 3,958        | simplification of applied user array partition & struct aggregate/disaggregate pragmas |
|               | (3) aggregate/disaggregate  | 3,958        | user struct aggregate/disaggregate pragmas are applied                                 |
|               | (4) array reshape           | 3,958        | apply array reshape pragmas                                                            |
|               | (5) access patterns         | 4,244        | array access pattern optmizations                                                      |
|               |                             |              |                                                                                        |
| Performance   |                             |              | After transformations are applied to meet performance pragma targets                   |
|               | (1) loop simplification     | 4,250        | loop and instruction simplification                                                    |
|               | (2) parallelization         | 3,994        | loops are unrolled or pipelined to meet performance targets                            |
|               | (3) array partition         | 3,993        | arrays are partitioned to meet performance targets                                     |
|               | (4) simplification          | 3,993        | simplification of design after performance transformations                             |
|               |                             |              |                                                                                        |
| HW Transforms |                             |              | After hardware transfomations                                                          |
|               | (1) lowering                | 4,005        | initial conversion to HW specific instructions                                         |
|               | (2) optimizations           | 3,758        | high level synthesis optimizations                                                     |
+---------------+-----------------------------+--------------+----------------------------------------------------------------------------------------+

* Instructions per Function for each Compilation Phase
+----------+--------------+--------------+---------------+--------------+-------------+---------------+
| Function | Location     | Compile/Link | Unroll/Inline | Array/Struct | Performance | HW Transforms |
+----------+--------------+--------------+---------------+--------------+-------------+---------------+
|   mmult  | mmult.cpp:53 | 118          | 3,947         | 4,244        | 3,993       | 3,758         |
+----------+--------------+--------------+---------------+--------------+-------------+---------------+

* Design Size Message Settings
+---------------------------------------------+--------+------------------------------------------------------------------+
| Message Setting                             | Value  | Description                                                      |
+---------------------------------------------+--------+------------------------------------------------------------------+
| config_compile -design_size_maximum_warning | 100000 | Show a warning when total design instructions exceeds this value |
+---------------------------------------------+--------+------------------------------------------------------------------+


