

================================================================
== Vitis HLS Report for 'mmult'
================================================================
* Date:           Fri Nov 21 17:57:20 2025

* Version:        2024.2 (Build 5238294 on Nov  8 2024)
* Project:        mmult
* Solution:       solution1 (Vivado IP Flow Target)
* Product family: virtexuplus
* Target device:  xcvu9p-flga2104-2L-e


================================================================
== Performance Estimates
================================================================
+ Timing: 
    * Summary: 
    +--------+---------+----------+------------+
    |  Clock |  Target | Estimated| Uncertainty|
    +--------+---------+----------+------------+
    |ap_clk  |  4.00 ns|  2.920 ns|     1.08 ns|
    +--------+---------+----------+------------+

+ Latency: 
    * Summary: 
    +---------+---------+----------+----------+-----+-----+---------+
    |  Latency (cycles) |  Latency (absolute) |  Interval | Pipeline|
    |   min   |   max   |    min   |    max   | min | max |   Type  |
    +---------+---------+----------+----------+-----+-----+---------+
    |      825|      825|  3.300 us|  3.300 us|  826|  826|       no|
    +---------+---------+----------+----------+-----+-----+---------+

    + Detail: 
        * Instance: 
        +--------------------------------------+--------------------------+---------+---------+-----------+-----------+-----+-----+------------------------------------------------+
        |                                      |                          |  Latency (cycles) |   Latency (absolute)  |  Interval |                    Pipeline                    |
        |               Instance               |          Module          |   min   |   max   |    min    |    max    | min | max |                      Type                      |
        +--------------------------------------+--------------------------+---------+---------+-----------+-----------+-----+-----+------------------------------------------------+
        |grp_mmult_Pipeline_1_fu_1322          |mmult_Pipeline_1          |      259|      259|   1.036 us|   1.036 us|  257|  257|  loop auto-rewind stp (delay=0 clock cycles(s))|
        |grp_mmult_Pipeline_2_fu_1345          |mmult_Pipeline_2          |      259|      259|   1.036 us|   1.036 us|  257|  257|  loop auto-rewind stp (delay=0 clock cycles(s))|
        |grp_mmult_Pipeline_systolic1_fu_1368  |mmult_Pipeline_systolic1  |       21|       21|  84.000 ns|  84.000 ns|   17|   17|  loop auto-rewind stp (delay=0 clock cycles(s))|
        |grp_mmult_Pipeline_4_fu_1674          |mmult_Pipeline_4          |      258|      258|   1.032 us|   1.032 us|  257|  257|  loop auto-rewind stp (delay=0 clock cycles(s))|
        +--------------------------------------+--------------------------+---------+---------+-----------+-----------+-----+-----+------------------------------------------------+

        * Loop: 
        N/A



================================================================
== Utilization Estimates
================================================================
* Summary: 
+---------------------+---------+------+---------+---------+-----+
|         Name        | BRAM_18K|  DSP |    FF   |   LUT   | URAM|
+---------------------+---------+------+---------+---------+-----+
|DSP                  |        -|     -|        -|        -|    -|
|Expression           |        -|     -|        0|        2|    -|
|FIFO                 |        -|     -|        -|        -|    -|
|Instance             |       30|   768|    65938|    37728|    0|
|Memory               |        0|     -|     1024|     1056|    0|
|Multiplexer          |        -|     -|        0|     1654|    -|
|Register             |        -|     -|      671|        -|    -|
+---------------------+---------+------+---------+---------+-----+
|Total                |       30|   768|    67633|    40440|    0|
+---------------------+---------+------+---------+---------+-----+
|Available SLR        |     1440|  2280|   788160|   394080|  320|
+---------------------+---------+------+---------+---------+-----+
|Utilization SLR (%)  |        2|    33|        8|       10|    0|
+---------------------+---------+------+---------+---------+-----+
|Available            |     4320|  6840|  2364480|  1182240|  960|
+---------------------+---------+------+---------+---------+-----+
|Utilization (%)      |       ~0|    11|        2|        3|    0|
+---------------------+---------+------+---------+---------+-----+

+ Detail: 
    * Instance: 
    +--------------------------------------+--------------------------+---------+-----+-------+-------+-----+
    |               Instance               |          Module          | BRAM_18K| DSP |   FF  |  LUT  | URAM|
    +--------------------------------------+--------------------------+---------+-----+-------+-------+-----+
    |grp_mmult_Pipeline_1_fu_1322          |mmult_Pipeline_1          |        0|    0|   1026|    121|    0|
    |grp_mmult_Pipeline_2_fu_1345          |mmult_Pipeline_2          |        0|    0|   1026|    121|    0|
    |grp_mmult_Pipeline_4_fu_1674          |mmult_Pipeline_4          |        0|    0|    525|   1618|    0|
    |grp_mmult_Pipeline_systolic1_fu_1368  |mmult_Pipeline_systolic1  |        0|  768|  59850|  33189|    0|
    |systolic_m_axi_U                      |systolic_m_axi            |       30|    0|   3511|   2679|    0|
    +--------------------------------------+--------------------------+---------+-----+-------+-------+-----+
    |Total                                 |                          |       30|  768|  65938|  37728|    0|
    +--------------------------------------+--------------------------+---------+-----+-------+-------+-----+

    * DSP: 
    N/A

    * Memory: 
    +-------------+----------------------+---------+----+----+-----+------+-----+------+-------------+
    |    Memory   |        Module        | BRAM_18K| FF | LUT| URAM| Words| Bits| Banks| W*Bits*Banks|
    +-------------+----------------------+---------+----+----+-----+------+-----+------+-------------+
    |localA_U     |localA_RAM_AUTO_1R1W  |        0|  32|  33|    0|    16|   32|     1|          512|
    |localA_1_U   |localA_RAM_AUTO_1R1W  |        0|  32|  33|    0|    16|   32|     1|          512|
    |localA_2_U   |localA_RAM_AUTO_1R1W  |        0|  32|  33|    0|    16|   32|     1|          512|
    |localA_3_U   |localA_RAM_AUTO_1R1W  |        0|  32|  33|    0|    16|   32|     1|          512|
    |localA_4_U   |localA_RAM_AUTO_1R1W  |        0|  32|  33|    0|    16|   32|     1|          512|
    |localA_5_U   |localA_RAM_AUTO_1R1W  |        0|  32|  33|    0|    16|   32|     1|          512|
    |localA_6_U   |localA_RAM_AUTO_1R1W  |        0|  32|  33|    0|    16|   32|     1|          512|
    |localA_7_U   |localA_RAM_AUTO_1R1W  |        0|  32|  33|    0|    16|   32|     1|          512|
    |localA_8_U   |localA_RAM_AUTO_1R1W  |        0|  32|  33|    0|    16|   32|     1|          512|
    |localA_9_U   |localA_RAM_AUTO_1R1W  |        0|  32|  33|    0|    16|   32|     1|          512|
    |localA_10_U  |localA_RAM_AUTO_1R1W  |        0|  32|  33|    0|    16|   32|     1|          512|
    |localA_11_U  |localA_RAM_AUTO_1R1W  |        0|  32|  33|    0|    16|   32|     1|          512|
    |localA_12_U  |localA_RAM_AUTO_1R1W  |        0|  32|  33|    0|    16|   32|     1|          512|
    |localA_13_U  |localA_RAM_AUTO_1R1W  |        0|  32|  33|    0|    16|   32|     1|          512|
    |localA_14_U  |localA_RAM_AUTO_1R1W  |        0|  32|  33|    0|    16|   32|     1|          512|
    |localA_15_U  |localA_RAM_AUTO_1R1W  |        0|  32|  33|    0|    16|   32|     1|          512|
    |localB_U     |localA_RAM_AUTO_1R1W  |        0|  32|  33|    0|    16|   32|     1|          512|
    |localB_1_U   |localA_RAM_AUTO_1R1W  |        0|  32|  33|    0|    16|   32|     1|          512|
    |localB_2_U   |localA_RAM_AUTO_1R1W  |        0|  32|  33|    0|    16|   32|     1|          512|
    |localB_3_U   |localA_RAM_AUTO_1R1W  |        0|  32|  33|    0|    16|   32|     1|          512|
    |localB_4_U   |localA_RAM_AUTO_1R1W  |        0|  32|  33|    0|    16|   32|     1|          512|
    |localB_5_U   |localA_RAM_AUTO_1R1W  |        0|  32|  33|    0|    16|   32|     1|          512|
    |localB_6_U   |localA_RAM_AUTO_1R1W  |        0|  32|  33|    0|    16|   32|     1|          512|
    |localB_7_U   |localA_RAM_AUTO_1R1W  |        0|  32|  33|    0|    16|   32|     1|          512|
    |localB_8_U   |localA_RAM_AUTO_1R1W  |        0|  32|  33|    0|    16|   32|     1|          512|
    |localB_9_U   |localA_RAM_AUTO_1R1W  |        0|  32|  33|    0|    16|   32|     1|          512|
    |localB_10_U  |localA_RAM_AUTO_1R1W  |        0|  32|  33|    0|    16|   32|     1|          512|
    |localB_11_U  |localA_RAM_AUTO_1R1W  |        0|  32|  33|    0|    16|   32|     1|          512|
    |localB_12_U  |localA_RAM_AUTO_1R1W  |        0|  32|  33|    0|    16|   32|     1|          512|
    |localB_13_U  |localA_RAM_AUTO_1R1W  |        0|  32|  33|    0|    16|   32|     1|          512|
    |localB_14_U  |localA_RAM_AUTO_1R1W  |        0|  32|  33|    0|    16|   32|     1|          512|
    |localB_15_U  |localA_RAM_AUTO_1R1W  |        0|  32|  33|    0|    16|   32|     1|          512|
    +-------------+----------------------+---------+----+----+-----+------+-----+------+-------------+
    |Total        |                      |        0|1024|1056|    0|   512| 1024|    32|        16384|
    +-------------+----------------------+---------+----+----+-----+------+-----+------+-------------+

    * FIFO: 
    N/A

    * Expression: 
    +------------------+----------+----+---+----+------------+------------+
    |   Variable Name  | Operation| DSP| FF| LUT| Bitwidth P0| Bitwidth P1|
    +------------------+----------+----+---+----+------------+------------+
    |ap_block_state21  |        or|   0|  0|   2|           1|           1|
    +------------------+----------+----+---+----+------------+------------+
    |Total             |          |   0|  0|   2|           1|           1|
    +------------------+----------+----+---+----+------------+------------+

    * Multiplexer: 
    +--------------------------+-----+-----------+-----+-----------+
    |           Name           | LUT | Input Size| Bits| Total Bits|
    +--------------------------+-----+-----------+-----+-----------+
    |a_col_ap_vld_in_sig       |    9|          2|    1|          2|
    |a_col_ap_vld_preg         |    9|          2|    1|          2|
    |a_col_blk_n               |    9|          2|    1|          2|
    |a_col_in_sig              |    9|          2|   32|         64|
    |a_row_ap_vld_in_sig       |    9|          2|    1|          2|
    |a_row_ap_vld_preg         |    9|          2|    1|          2|
    |a_row_blk_n               |    9|          2|    1|          2|
    |a_row_in_sig              |    9|          2|   32|         64|
    |ap_NS_fsm                 |  145|         30|    1|         30|
    |b_col_ap_vld_in_sig       |    9|          2|    1|          2|
    |b_col_ap_vld_preg         |    9|          2|    1|          2|
    |b_col_blk_n               |    9|          2|    1|          2|
    |b_col_in_sig              |    9|          2|   32|         64|
    |localA_10_address0        |   14|          3|    4|         12|
    |localA_10_ce0             |   14|          3|    1|          3|
    |localA_10_we0             |    9|          2|    1|          2|
    |localA_11_address0        |   14|          3|    4|         12|
    |localA_11_ce0             |   14|          3|    1|          3|
    |localA_11_we0             |    9|          2|    1|          2|
    |localA_12_address0        |   14|          3|    4|         12|
    |localA_12_ce0             |   14|          3|    1|          3|
    |localA_12_we0             |    9|          2|    1|          2|
    |localA_13_address0        |   14|          3|    4|         12|
    |localA_13_ce0             |   14|          3|    1|          3|
    |localA_13_we0             |    9|          2|    1|          2|
    |localA_14_address0        |   14|          3|    4|         12|
    |localA_14_ce0             |   14|          3|    1|          3|
    |localA_14_we0             |    9|          2|    1|          2|
    |localA_15_address0        |   14|          3|    4|         12|
    |localA_15_ce0             |   14|          3|    1|          3|
    |localA_15_we0             |    9|          2|    1|          2|
    |localA_1_address0         |   14|          3|    4|         12|
    |localA_1_ce0              |   14|          3|    1|          3|
    |localA_1_we0              |    9|          2|    1|          2|
    |localA_2_address0         |   14|          3|    4|         12|
    |localA_2_ce0              |   14|          3|    1|          3|
    |localA_2_we0              |    9|          2|    1|          2|
    |localA_3_address0         |   14|          3|    4|         12|
    |localA_3_ce0              |   14|          3|    1|          3|
    |localA_3_we0              |    9|          2|    1|          2|
    |localA_4_address0         |   14|          3|    4|         12|
    |localA_4_ce0              |   14|          3|    1|          3|
    |localA_4_we0              |    9|          2|    1|          2|
    |localA_5_address0         |   14|          3|    4|         12|
    |localA_5_ce0              |   14|          3|    1|          3|
    |localA_5_we0              |    9|          2|    1|          2|
    |localA_6_address0         |   14|          3|    4|         12|
    |localA_6_ce0              |   14|          3|    1|          3|
    |localA_6_we0              |    9|          2|    1|          2|
    |localA_7_address0         |   14|          3|    4|         12|
    |localA_7_ce0              |   14|          3|    1|          3|
    |localA_7_we0              |    9|          2|    1|          2|
    |localA_8_address0         |   14|          3|    4|         12|
    |localA_8_ce0              |   14|          3|    1|          3|
    |localA_8_we0              |    9|          2|    1|          2|
    |localA_9_address0         |   14|          3|    4|         12|
    |localA_9_ce0              |   14|          3|    1|          3|
    |localA_9_we0              |    9|          2|    1|          2|
    |localA_address0           |   14|          3|    4|         12|
    |localA_ce0                |   14|          3|    1|          3|
    |localA_we0                |    9|          2|    1|          2|
    |localB_10_address0        |   14|          3|    4|         12|
    |localB_10_ce0             |   14|          3|    1|          3|
    |localB_10_we0             |    9|          2|    1|          2|
    |localB_11_address0        |   14|          3|    4|         12|
    |localB_11_ce0             |   14|          3|    1|          3|
    |localB_11_we0             |    9|          2|    1|          2|
    |localB_12_address0        |   14|          3|    4|         12|
    |localB_12_ce0             |   14|          3|    1|          3|
    |localB_12_we0             |    9|          2|    1|          2|
    |localB_13_address0        |   14|          3|    4|         12|
    |localB_13_ce0             |   14|          3|    1|          3|
    |localB_13_we0             |    9|          2|    1|          2|
    |localB_14_address0        |   14|          3|    4|         12|
    |localB_14_ce0             |   14|          3|    1|          3|
    |localB_14_we0             |    9|          2|    1|          2|
    |localB_15_address0        |   14|          3|    4|         12|
    |localB_15_ce0             |   14|          3|    1|          3|
    |localB_15_we0             |    9|          2|    1|          2|
    |localB_1_address0         |   14|          3|    4|         12|
    |localB_1_ce0              |   14|          3|    1|          3|
    |localB_1_we0              |    9|          2|    1|          2|
    |localB_2_address0         |   14|          3|    4|         12|
    |localB_2_ce0              |   14|          3|    1|          3|
    |localB_2_we0              |    9|          2|    1|          2|
    |localB_3_address0         |   14|          3|    4|         12|
    |localB_3_ce0              |   14|          3|    1|          3|
    |localB_3_we0              |    9|          2|    1|          2|
    |localB_4_address0         |   14|          3|    4|         12|
    |localB_4_ce0              |   14|          3|    1|          3|
    |localB_4_we0              |    9|          2|    1|          2|
    |localB_5_address0         |   14|          3|    4|         12|
    |localB_5_ce0              |   14|          3|    1|          3|
    |localB_5_we0              |    9|          2|    1|          2|
    |localB_6_address0         |   14|          3|    4|         12|
    |localB_6_ce0              |   14|          3|    1|          3|
    |localB_6_we0              |    9|          2|    1|          2|
    |localB_7_address0         |   14|          3|    4|         12|
    |localB_7_ce0              |   14|          3|    1|          3|
    |localB_7_we0              |    9|          2|    1|          2|
    |localB_8_address0         |   14|          3|    4|         12|
    |localB_8_ce0              |   14|          3|    1|          3|
    |localB_8_we0              |    9|          2|    1|          2|
    |localB_9_address0         |   14|          3|    4|         12|
    |localB_9_ce0              |   14|          3|    1|          3|
    |localB_9_we0              |    9|          2|    1|          2|
    |localB_address0           |   14|          3|    4|         12|
    |localB_ce0                |   14|          3|    1|          3|
    |localB_we0                |    9|          2|    1|          2|
    |systolic_0_ARADDR         |   26|          5|   64|        320|
    |systolic_0_ARLEN          |   20|          4|   32|        128|
    |systolic_0_ARVALID        |   20|          4|    1|          4|
    |systolic_0_AWADDR         |   14|          3|   64|        192|
    |systolic_0_AWLEN          |   14|          3|   32|         96|
    |systolic_0_AWVALID        |   14|          3|    1|          3|
    |systolic_0_BREADY         |   14|          3|    1|          3|
    |systolic_0_RREADY         |   14|          3|    1|          3|
    |systolic_0_WVALID         |    9|          2|    1|          2|
    |systolic_blk_n_AR         |    9|          2|    1|          2|
    |systolic_blk_n_AW         |    9|          2|    1|          2|
    |systolic_blk_n_B          |    9|          2|    1|          2|
    |work_id_ap_vld_in_sig     |    9|          2|    1|          2|
    |work_id_ap_vld_preg       |    9|          2|    1|          2|
    |work_id_blk_n             |    9|          2|    1|          2|
    |work_id_in_sig            |    9|          2|   32|         64|
    |work_id_out_stream_blk_n  |    9|          2|    1|          2|
    +--------------------------+-----+-----------+-----+-----------+
    |Total                     | 1654|        356|  534|       1613|
    +--------------------------+-----+-----------+-----+-----------+

    * Register: 
    +---------------------------------------------------+----+----+-----+-----------+
    |                        Name                       | FF | LUT| Bits| Const Bits|
    +---------------------------------------------------+----+----+-----+-----------+
    |a_col_ap_vld_preg                                  |   1|   0|    1|          0|
    |a_col_preg                                         |  32|   0|   32|          0|
    |a_col_read_reg_4673                                |  32|   0|   32|          0|
    |a_row_ap_vld_preg                                  |   1|   0|    1|          0|
    |a_row_preg                                         |  32|   0|   32|          0|
    |a_row_read_reg_4678                                |  32|   0|   32|          0|
    |ap_CS_fsm                                          |  29|   0|   29|          0|
    |b_col_ap_vld_preg                                  |   1|   0|    1|          0|
    |b_col_preg                                         |  32|   0|   32|          0|
    |b_col_read_reg_4668                                |  32|   0|   32|          0|
    |grp_mmult_Pipeline_1_fu_1322_ap_start_reg          |   1|   0|    1|          0|
    |grp_mmult_Pipeline_2_fu_1345_ap_start_reg          |   1|   0|    1|          0|
    |grp_mmult_Pipeline_4_fu_1674_ap_start_reg          |   1|   0|    1|          0|
    |grp_mmult_Pipeline_systolic1_fu_1368_ap_start_reg  |   1|   0|    1|          0|
    |tmp_10_reg_4698                                    |  28|   0|   28|          0|
    |tmp_11_reg_4703                                    |  31|   0|   31|          0|
    |tmp_12_reg_4708                                    |  30|   0|   30|          0|
    |tmp_13_reg_4713                                    |  29|   0|   29|          0|
    |tmp_14_reg_4718                                    |  28|   0|   28|          0|
    |tmp_8_reg_4688                                     |  30|   0|   30|          0|
    |tmp_9_reg_4693                                     |  29|   0|   29|          0|
    |tmp_reg_4683                                       |  31|   0|   31|          0|
    |trunc_ln1_reg_4658                                 |  58|   0|   58|          0|
    |trunc_ln2_reg_4723                                 |  58|   0|   58|          0|
    |trunc_ln_reg_4648                                  |  58|   0|   58|          0|
    |work_id_ap_vld_preg                                |   1|   0|    1|          0|
    |work_id_preg                                       |  32|   0|   32|          0|
    +---------------------------------------------------+----+----+-----+-----------+
    |Total                                              | 671|   0|  671|          0|
    +---------------------------------------------------+----+----+-----+-----------+



================================================================
== Interface
================================================================
* Summary: 
+---------------------------+-----+-----+------------+--------------------+--------------+
|         RTL Ports         | Dir | Bits|  Protocol  |    Source Object   |    C Type    |
+---------------------------+-----+-----+------------+--------------------+--------------+
|ap_clk                     |   in|    1|  ap_ctrl_hs|               mmult|  return value|
|ap_rst_n                   |   in|    1|  ap_ctrl_hs|               mmult|  return value|
|ap_start                   |   in|    1|  ap_ctrl_hs|               mmult|  return value|
|ap_done                    |  out|    1|  ap_ctrl_hs|               mmult|  return value|
|ap_idle                    |  out|    1|  ap_ctrl_hs|               mmult|  return value|
|ap_ready                   |  out|    1|  ap_ctrl_hs|               mmult|  return value|
|m_axi_systolic_AWVALID     |  out|    1|       m_axi|            systolic|       pointer|
|m_axi_systolic_AWREADY     |   in|    1|       m_axi|            systolic|       pointer|
|m_axi_systolic_AWADDR      |  out|   64|       m_axi|            systolic|       pointer|
|m_axi_systolic_AWID        |  out|    1|       m_axi|            systolic|       pointer|
|m_axi_systolic_AWLEN       |  out|    8|       m_axi|            systolic|       pointer|
|m_axi_systolic_AWSIZE      |  out|    3|       m_axi|            systolic|       pointer|
|m_axi_systolic_AWBURST     |  out|    2|       m_axi|            systolic|       pointer|
|m_axi_systolic_AWLOCK      |  out|    2|       m_axi|            systolic|       pointer|
|m_axi_systolic_AWCACHE     |  out|    4|       m_axi|            systolic|       pointer|
|m_axi_systolic_AWPROT      |  out|    3|       m_axi|            systolic|       pointer|
|m_axi_systolic_AWQOS       |  out|    4|       m_axi|            systolic|       pointer|
|m_axi_systolic_AWREGION    |  out|    4|       m_axi|            systolic|       pointer|
|m_axi_systolic_AWUSER      |  out|    1|       m_axi|            systolic|       pointer|
|m_axi_systolic_WVALID      |  out|    1|       m_axi|            systolic|       pointer|
|m_axi_systolic_WREADY      |   in|    1|       m_axi|            systolic|       pointer|
|m_axi_systolic_WDATA       |  out|  512|       m_axi|            systolic|       pointer|
|m_axi_systolic_WSTRB       |  out|   64|       m_axi|            systolic|       pointer|
|m_axi_systolic_WLAST       |  out|    1|       m_axi|            systolic|       pointer|
|m_axi_systolic_WID         |  out|    1|       m_axi|            systolic|       pointer|
|m_axi_systolic_WUSER       |  out|    1|       m_axi|            systolic|       pointer|
|m_axi_systolic_ARVALID     |  out|    1|       m_axi|            systolic|       pointer|
|m_axi_systolic_ARREADY     |   in|    1|       m_axi|            systolic|       pointer|
|m_axi_systolic_ARADDR      |  out|   64|       m_axi|            systolic|       pointer|
|m_axi_systolic_ARID        |  out|    1|       m_axi|            systolic|       pointer|
|m_axi_systolic_ARLEN       |  out|    8|       m_axi|            systolic|       pointer|
|m_axi_systolic_ARSIZE      |  out|    3|       m_axi|            systolic|       pointer|
|m_axi_systolic_ARBURST     |  out|    2|       m_axi|            systolic|       pointer|
|m_axi_systolic_ARLOCK      |  out|    2|       m_axi|            systolic|       pointer|
|m_axi_systolic_ARCACHE     |  out|    4|       m_axi|            systolic|       pointer|
|m_axi_systolic_ARPROT      |  out|    3|       m_axi|            systolic|       pointer|
|m_axi_systolic_ARQOS       |  out|    4|       m_axi|            systolic|       pointer|
|m_axi_systolic_ARREGION    |  out|    4|       m_axi|            systolic|       pointer|
|m_axi_systolic_ARUSER      |  out|    1|       m_axi|            systolic|       pointer|
|m_axi_systolic_RVALID      |   in|    1|       m_axi|            systolic|       pointer|
|m_axi_systolic_RREADY      |  out|    1|       m_axi|            systolic|       pointer|
|m_axi_systolic_RDATA       |   in|  512|       m_axi|            systolic|       pointer|
|m_axi_systolic_RLAST       |   in|    1|       m_axi|            systolic|       pointer|
|m_axi_systolic_RID         |   in|    1|       m_axi|            systolic|       pointer|
|m_axi_systolic_RUSER       |   in|    1|       m_axi|            systolic|       pointer|
|m_axi_systolic_RRESP       |   in|    2|       m_axi|            systolic|       pointer|
|m_axi_systolic_BVALID      |   in|    1|       m_axi|            systolic|       pointer|
|m_axi_systolic_BREADY      |  out|    1|       m_axi|            systolic|       pointer|
|m_axi_systolic_BRESP       |   in|    2|       m_axi|            systolic|       pointer|
|m_axi_systolic_BID         |   in|    1|       m_axi|            systolic|       pointer|
|m_axi_systolic_BUSER       |   in|    1|       m_axi|            systolic|       pointer|
|work_id_out_stream_din     |  out|   32|     ap_fifo|  work_id_out_stream|       pointer|
|work_id_out_stream_full_n  |   in|    1|     ap_fifo|  work_id_out_stream|       pointer|
|work_id_out_stream_write   |  out|    1|     ap_fifo|  work_id_out_stream|       pointer|
|a                          |   in|   64|     ap_none|                   a|        scalar|
|b                          |   in|   64|     ap_none|                   b|        scalar|
|c                          |   in|   64|     ap_none|                   c|        scalar|
|a_row                      |   in|   32|      ap_vld|               a_row|        scalar|
|a_row_ap_vld               |   in|    1|      ap_vld|               a_row|        scalar|
|a_col                      |   in|   32|      ap_vld|               a_col|        scalar|
|a_col_ap_vld               |   in|    1|      ap_vld|               a_col|        scalar|
|b_col                      |   in|   32|      ap_vld|               b_col|        scalar|
|b_col_ap_vld               |   in|    1|      ap_vld|               b_col|        scalar|
|work_id                    |   in|   32|      ap_vld|             work_id|        scalar|
|work_id_ap_vld             |   in|    1|      ap_vld|             work_id|        scalar|
+---------------------------+-----+-----+------------+--------------------+--------------+

