

================================================================
== Vitis HLS Report for 'mmult_Pipeline_2'
================================================================
* Date:           Fri Nov 21 17:57:19 2025

* Version:        2024.2 (Build 5238294 on Nov  8 2024)
* Project:        mmult
* Solution:       solution1 (Vivado IP Flow Target)
* Product family: virtexuplus
* Target device:  xcvu9p-flga2104-2L-e


================================================================
== Performance Estimates
================================================================
+ Timing: 
    * Summary: 
    +--------+---------+----------+------------+
    |  Clock |  Target | Estimated| Uncertainty|
    +--------+---------+----------+------------+
    |ap_clk  |  4.00 ns|  2.920 ns|     1.08 ns|
    +--------+---------+----------+------------+

+ Latency: 
    * Summary: 
    +---------+---------+----------+----------+-----+-----+------------------------------------------------+
    |  Latency (cycles) |  Latency (absolute) |  Interval |                    Pipeline                    |
    |   min   |   max   |    min   |    max   | min | max |                      Type                      |
    +---------+---------+----------+----------+-----+-----+------------------------------------------------+
    |      259|      259|  1.036 us|  1.036 us|  257|  257|  loop auto-rewind stp (delay=0 clock cycles(s))|
    +---------+---------+----------+----------+-----+-----+------------------------------------------------+

    + Detail: 
        * Instance: 
        N/A

        * Loop: 
        +----------+---------+---------+----------+-----------+-----------+------+----------+
        |          |  Latency (cycles) | Iteration|  Initiation Interval  | Trip |          |
        | Loop Name|   min   |   max   |  Latency |  achieved |   target  | Count| Pipelined|
        +----------+---------+---------+----------+-----------+-----------+------+----------+
        |- Loop 1  |      257|      257|         3|          1|          1|   256|       yes|
        +----------+---------+---------+----------+-----------+-----------+------+----------+



================================================================
== Utilization Estimates
================================================================
* Summary: 
+---------------------+---------+------+---------+---------+-----+
|         Name        | BRAM_18K|  DSP |    FF   |   LUT   | URAM|
+---------------------+---------+------+---------+---------+-----+
|DSP                  |        -|     -|        -|        -|    -|
|Expression           |        -|     -|        0|       53|    -|
|FIFO                 |        -|     -|        -|        -|    -|
|Instance             |        -|     -|        -|        -|    -|
|Memory               |        -|     -|        -|        -|    -|
|Multiplexer          |        -|     -|        0|       68|    -|
|Register             |        -|     -|     1026|        -|    -|
+---------------------+---------+------+---------+---------+-----+
|Total                |        0|     0|     1026|      121|    0|
+---------------------+---------+------+---------+---------+-----+
|Available SLR        |     1440|  2280|   788160|   394080|  320|
+---------------------+---------+------+---------+---------+-----+
|Utilization SLR (%)  |        0|     0|       ~0|       ~0|    0|
+---------------------+---------+------+---------+---------+-----+
|Available            |     4320|  6840|  2364480|  1182240|  960|
+---------------------+---------+------+---------+---------+-----+
|Utilization (%)      |        0|     0|       ~0|       ~0|    0|
+---------------------+---------+------+---------+---------+-----+

+ Detail: 
    * Instance: 
    N/A

    * DSP: 
    N/A

    * Memory: 
    N/A

    * FIFO: 
    N/A

    * Expression: 
    +---------------------------------------+----------+----+---+----+------------+------------+
    |             Variable Name             | Operation| DSP| FF| LUT| Bitwidth P0| Bitwidth P1|
    +---------------------------------------+----------+----+---+----+------------+------------+
    |empty_fu_377_p2                        |         +|   0|  0|  16|           9|           1|
    |ap_block_pp0_stage0_11001              |       and|   0|  0|   2|           1|           1|
    |ap_block_state2_pp0_stage0_iter1_grp1  |       and|   0|  0|   2|           1|           1|
    |ap_predicate_op25_read_state2          |       and|   0|  0|   2|           1|           1|
    |empty_37_fu_387_p2                     |      icmp|   0|  0|  12|           4|           1|
    |exitcond15835_fu_371_p2                |      icmp|   0|  0|  17|           9|          10|
    |ap_enable_pp0                          |       xor|   0|  0|   2|           1|           2|
    +---------------------------------------+----------+----+---+----+------------+------------+
    |Total                                  |          |   0|  0|  53|          26|          17|
    +---------------------------------------+----------+----+---+----+------------+------------+

    * Multiplexer: 
    +-----------------------------------+----+-----------+-----+-----------+
    |                Name               | LUT| Input Size| Bits| Total Bits|
    +-----------------------------------+----+-----------+-----+-----------+
    |ap_done_int                        |   9|          2|    1|          2|
    |ap_enable_reg_pp0_iter1            |   9|          2|    1|          2|
    |ap_phi_mux_empty_34_phi_fu_348_p4  |  14|          3|  512|       1536|
    |ap_sig_allocacmp_loop_index7_load  |   9|          2|    9|         18|
    |loop_index7_fu_122                 |   9|          2|    9|         18|
    |shiftreg2387_fu_118                |   9|          2|  480|        960|
    |systolic_blk_n_R                   |   9|          2|    1|          2|
    +-----------------------------------+----+-----------+-----+-----------+
    |Total                              |  68|         15| 1013|       2538|
    +-----------------------------------+----+-----------+-----+-----------+

    * Register: 
    +-------------------------------------+-----+----+-----+-----------+
    |                 Name                |  FF | LUT| Bits| Const Bits|
    +-------------------------------------+-----+----+-----+-----------+
    |ap_CS_fsm                            |    1|   0|    1|          0|
    |ap_done_reg                          |    1|   0|    1|          0|
    |ap_enable_reg_pp0_iter1              |    1|   0|    1|          0|
    |ap_enable_reg_pp0_iter2              |    1|   0|    1|          0|
    |ap_loop_exit_ready_pp0_iter1_reg     |    1|   0|    1|          0|
    |empty_36_reg_499                     |    4|   0|    4|          0|
    |empty_36_reg_499_pp0_iter1_reg       |    4|   0|    4|          0|
    |empty_37_reg_503                     |    1|   0|    1|          0|
    |empty_37_reg_503_pp0_iter1_reg       |    1|   0|    1|          0|
    |exitcond15835_reg_495                |    1|   0|    1|          0|
    |exitcond15835_reg_495_pp0_iter1_reg  |    1|   0|    1|          0|
    |loop_index7_fu_122                   |    9|   0|    9|          0|
    |shiftreg2387_fu_118                  |  480|   0|  480|          0|
    |systolic_addr_read_reg_512           |  512|   0|  512|          0|
    |tmp_17_reg_507                       |    4|   0|    4|          0|
    |tmp_17_reg_507_pp0_iter1_reg         |    4|   0|    4|          0|
    +-------------------------------------+-----+----+-----+-----------+
    |Total                                | 1026|   0| 1026|          0|
    +-------------------------------------+-----+----+-----+-----------+



================================================================
== Interface
================================================================
* Summary: 
+---------------------------+-----+-----+------------+------------------+--------------+
|         RTL Ports         | Dir | Bits|  Protocol  |   Source Object  |    C Type    |
+---------------------------+-----+-----+------------+------------------+--------------+
|ap_clk                     |   in|    1|  ap_ctrl_hs|  mmult_Pipeline_2|  return value|
|ap_rst                     |   in|    1|  ap_ctrl_hs|  mmult_Pipeline_2|  return value|
|ap_start                   |   in|    1|  ap_ctrl_hs|  mmult_Pipeline_2|  return value|
|ap_done                    |  out|    1|  ap_ctrl_hs|  mmult_Pipeline_2|  return value|
|ap_idle                    |  out|    1|  ap_ctrl_hs|  mmult_Pipeline_2|  return value|
|ap_ready                   |  out|    1|  ap_ctrl_hs|  mmult_Pipeline_2|  return value|
|m_axi_systolic_0_AWVALID   |  out|    1|       m_axi|          systolic|       pointer|
|m_axi_systolic_0_AWREADY   |   in|    1|       m_axi|          systolic|       pointer|
|m_axi_systolic_0_AWADDR    |  out|   64|       m_axi|          systolic|       pointer|
|m_axi_systolic_0_AWID      |  out|    1|       m_axi|          systolic|       pointer|
|m_axi_systolic_0_AWLEN     |  out|   32|       m_axi|          systolic|       pointer|
|m_axi_systolic_0_AWSIZE    |  out|    3|       m_axi|          systolic|       pointer|
|m_axi_systolic_0_AWBURST   |  out|    2|       m_axi|          systolic|       pointer|
|m_axi_systolic_0_AWLOCK    |  out|    2|       m_axi|          systolic|       pointer|
|m_axi_systolic_0_AWCACHE   |  out|    4|       m_axi|          systolic|       pointer|
|m_axi_systolic_0_AWPROT    |  out|    3|       m_axi|          systolic|       pointer|
|m_axi_systolic_0_AWQOS     |  out|    4|       m_axi|          systolic|       pointer|
|m_axi_systolic_0_AWREGION  |  out|    4|       m_axi|          systolic|       pointer|
|m_axi_systolic_0_AWUSER    |  out|    1|       m_axi|          systolic|       pointer|
|m_axi_systolic_0_WVALID    |  out|    1|       m_axi|          systolic|       pointer|
|m_axi_systolic_0_WREADY    |   in|    1|       m_axi|          systolic|       pointer|
|m_axi_systolic_0_WDATA     |  out|  512|       m_axi|          systolic|       pointer|
|m_axi_systolic_0_WSTRB     |  out|   64|       m_axi|          systolic|       pointer|
|m_axi_systolic_0_WLAST     |  out|    1|       m_axi|          systolic|       pointer|
|m_axi_systolic_0_WID       |  out|    1|       m_axi|          systolic|       pointer|
|m_axi_systolic_0_WUSER     |  out|    1|       m_axi|          systolic|       pointer|
|m_axi_systolic_0_ARVALID   |  out|    1|       m_axi|          systolic|       pointer|
|m_axi_systolic_0_ARREADY   |   in|    1|       m_axi|          systolic|       pointer|
|m_axi_systolic_0_ARADDR    |  out|   64|       m_axi|          systolic|       pointer|
|m_axi_systolic_0_ARID      |  out|    1|       m_axi|          systolic|       pointer|
|m_axi_systolic_0_ARLEN     |  out|   32|       m_axi|          systolic|       pointer|
|m_axi_systolic_0_ARSIZE    |  out|    3|       m_axi|          systolic|       pointer|
|m_axi_systolic_0_ARBURST   |  out|    2|       m_axi|          systolic|       pointer|
|m_axi_systolic_0_ARLOCK    |  out|    2|       m_axi|          systolic|       pointer|
|m_axi_systolic_0_ARCACHE   |  out|    4|       m_axi|          systolic|       pointer|
|m_axi_systolic_0_ARPROT    |  out|    3|       m_axi|          systolic|       pointer|
|m_axi_systolic_0_ARQOS     |  out|    4|       m_axi|          systolic|       pointer|
|m_axi_systolic_0_ARREGION  |  out|    4|       m_axi|          systolic|       pointer|
|m_axi_systolic_0_ARUSER    |  out|    1|       m_axi|          systolic|       pointer|
|m_axi_systolic_0_RVALID    |   in|    1|       m_axi|          systolic|       pointer|
|m_axi_systolic_0_RREADY    |  out|    1|       m_axi|          systolic|       pointer|
|m_axi_systolic_0_RDATA     |   in|  512|       m_axi|          systolic|       pointer|
|m_axi_systolic_0_RLAST     |   in|    1|       m_axi|          systolic|       pointer|
|m_axi_systolic_0_RID       |   in|    1|       m_axi|          systolic|       pointer|
|m_axi_systolic_0_RFIFONUM  |   in|    9|       m_axi|          systolic|       pointer|
|m_axi_systolic_0_RUSER     |   in|    1|       m_axi|          systolic|       pointer|
|m_axi_systolic_0_RRESP     |   in|    2|       m_axi|          systolic|       pointer|
|m_axi_systolic_0_BVALID    |   in|    1|       m_axi|          systolic|       pointer|
|m_axi_systolic_0_BREADY    |  out|    1|       m_axi|          systolic|       pointer|
|m_axi_systolic_0_BRESP     |   in|    2|       m_axi|          systolic|       pointer|
|m_axi_systolic_0_BID       |   in|    1|       m_axi|          systolic|       pointer|
|m_axi_systolic_0_BUSER     |   in|    1|       m_axi|          systolic|       pointer|
|localB_address0            |  out|    4|   ap_memory|            localB|         array|
|localB_ce0                 |  out|    1|   ap_memory|            localB|         array|
|localB_we0                 |  out|    1|   ap_memory|            localB|         array|
|localB_d0                  |  out|   32|   ap_memory|            localB|         array|
|localB_1_address0          |  out|    4|   ap_memory|          localB_1|         array|
|localB_1_ce0               |  out|    1|   ap_memory|          localB_1|         array|
|localB_1_we0               |  out|    1|   ap_memory|          localB_1|         array|
|localB_1_d0                |  out|   32|   ap_memory|          localB_1|         array|
|localB_2_address0          |  out|    4|   ap_memory|          localB_2|         array|
|localB_2_ce0               |  out|    1|   ap_memory|          localB_2|         array|
|localB_2_we0               |  out|    1|   ap_memory|          localB_2|         array|
|localB_2_d0                |  out|   32|   ap_memory|          localB_2|         array|
|localB_3_address0          |  out|    4|   ap_memory|          localB_3|         array|
|localB_3_ce0               |  out|    1|   ap_memory|          localB_3|         array|
|localB_3_we0               |  out|    1|   ap_memory|          localB_3|         array|
|localB_3_d0                |  out|   32|   ap_memory|          localB_3|         array|
|localB_4_address0          |  out|    4|   ap_memory|          localB_4|         array|
|localB_4_ce0               |  out|    1|   ap_memory|          localB_4|         array|
|localB_4_we0               |  out|    1|   ap_memory|          localB_4|         array|
|localB_4_d0                |  out|   32|   ap_memory|          localB_4|         array|
|localB_5_address0          |  out|    4|   ap_memory|          localB_5|         array|
|localB_5_ce0               |  out|    1|   ap_memory|          localB_5|         array|
|localB_5_we0               |  out|    1|   ap_memory|          localB_5|         array|
|localB_5_d0                |  out|   32|   ap_memory|          localB_5|         array|
|localB_6_address0          |  out|    4|   ap_memory|          localB_6|         array|
|localB_6_ce0               |  out|    1|   ap_memory|          localB_6|         array|
|localB_6_we0               |  out|    1|   ap_memory|          localB_6|         array|
|localB_6_d0                |  out|   32|   ap_memory|          localB_6|         array|
|localB_7_address0          |  out|    4|   ap_memory|          localB_7|         array|
|localB_7_ce0               |  out|    1|   ap_memory|          localB_7|         array|
|localB_7_we0               |  out|    1|   ap_memory|          localB_7|         array|
|localB_7_d0                |  out|   32|   ap_memory|          localB_7|         array|
|localB_8_address0          |  out|    4|   ap_memory|          localB_8|         array|
|localB_8_ce0               |  out|    1|   ap_memory|          localB_8|         array|
|localB_8_we0               |  out|    1|   ap_memory|          localB_8|         array|
|localB_8_d0                |  out|   32|   ap_memory|          localB_8|         array|
|localB_9_address0          |  out|    4|   ap_memory|          localB_9|         array|
|localB_9_ce0               |  out|    1|   ap_memory|          localB_9|         array|
|localB_9_we0               |  out|    1|   ap_memory|          localB_9|         array|
|localB_9_d0                |  out|   32|   ap_memory|          localB_9|         array|
|localB_10_address0         |  out|    4|   ap_memory|         localB_10|         array|
|localB_10_ce0              |  out|    1|   ap_memory|         localB_10|         array|
|localB_10_we0              |  out|    1|   ap_memory|         localB_10|         array|
|localB_10_d0               |  out|   32|   ap_memory|         localB_10|         array|
|localB_11_address0         |  out|    4|   ap_memory|         localB_11|         array|
|localB_11_ce0              |  out|    1|   ap_memory|         localB_11|         array|
|localB_11_we0              |  out|    1|   ap_memory|         localB_11|         array|
|localB_11_d0               |  out|   32|   ap_memory|         localB_11|         array|
|localB_12_address0         |  out|    4|   ap_memory|         localB_12|         array|
|localB_12_ce0              |  out|    1|   ap_memory|         localB_12|         array|
|localB_12_we0              |  out|    1|   ap_memory|         localB_12|         array|
|localB_12_d0               |  out|   32|   ap_memory|         localB_12|         array|
|localB_13_address0         |  out|    4|   ap_memory|         localB_13|         array|
|localB_13_ce0              |  out|    1|   ap_memory|         localB_13|         array|
|localB_13_we0              |  out|    1|   ap_memory|         localB_13|         array|
|localB_13_d0               |  out|   32|   ap_memory|         localB_13|         array|
|localB_14_address0         |  out|    4|   ap_memory|         localB_14|         array|
|localB_14_ce0              |  out|    1|   ap_memory|         localB_14|         array|
|localB_14_we0              |  out|    1|   ap_memory|         localB_14|         array|
|localB_14_d0               |  out|   32|   ap_memory|         localB_14|         array|
|localB_15_address0         |  out|    4|   ap_memory|         localB_15|         array|
|localB_15_ce0              |  out|    1|   ap_memory|         localB_15|         array|
|localB_15_we0              |  out|    1|   ap_memory|         localB_15|         array|
|localB_15_d0               |  out|   32|   ap_memory|         localB_15|         array|
|sext_ln108                 |   in|   58|     ap_none|        sext_ln108|        scalar|
+---------------------------+-----+-----+------------+------------------+--------------+

============================================================
+ Verbose Summary: Synthesis Manager
============================================================
InlineROM: 1
ExposeGlobal: 0
============================================================
+ Verbose Summary: CDFG Model
============================================================
IsTopModel: 0
ResetActiveHigh: 1
IsCombinational: 2
IsDatapathOnly: 2
HasWiredReturn: 1
HasMFsm: 2
HasVarLatency: 1
IsPipeline: 0
IsRtlPipelined: 0
IsInstanceOverlapped: 0
IsDontTouch: 0
HasImplIP: 0
IsGatedGlobalClock: 0

+ Individual pipeline summary: 
  * Pipeline-0: initiation interval (II) = 1, depth = 3


============================================================
+ Verbose Summary: Schedule
============================================================
* Number of FSM states : 3
* Pipeline : 1
  Pipeline-0 : II = 1, D = 3, States = { 1 2 3 }
* Dataflow Pipeline: 0

* FSM state transitions: 
1 --> 2 
2 --> 3 
3 --> 

* FSM state operations: 

State 1 <SV = 0> <Delay = 1.48>
ST_1 : Operation 6 [1/1] (0.00ns)   --->   "%shiftreg2387 = alloca i32 1"   --->   Operation 6 'alloca' 'shiftreg2387' <Predicate = true> <Delay = 0.00>
ST_1 : Operation 7 [1/1] (0.00ns)   --->   "%loop_index7 = alloca i32 1"   --->   Operation 7 'alloca' 'loop_index7' <Predicate = true> <Delay = 0.00>
ST_1 : Operation 8 [1/1] (0.00ns)   --->   "%sext_ln108_read = read i58 @_ssdm_op_Read.ap_auto.i58, i58 %sext_ln108"   --->   Operation 8 'read' 'sext_ln108_read' <Predicate = true> <Delay = 0.00>
ST_1 : Operation 9 [1/1] (0.00ns)   --->   "%sext_ln108_cast = sext i58 %sext_ln108_read"   --->   Operation 9 'sext' 'sext_ln108_cast' <Predicate = true> <Delay = 0.00>
ST_1 : Operation 10 [1/1] (0.00ns)   --->   "%specinterface_ln0 = specinterface void @_ssdm_op_SpecInterface, i512 %systolic, void @empty, i32 0, i32 0, void @empty_0, i32 0, i32 0, void @empty_1, void @empty_2, void @empty_0, i32 16, i32 16, i32 16, i32 16, void @empty_0, void @empty_0, i32 4294967295, i32 0, i32 0"   --->   Operation 10 'specinterface' 'specinterface_ln0' <Predicate = true> <Delay = 0.00>
ST_1 : Operation 11 [1/1] (0.38ns)   --->   "%store_ln0 = store i9 0, i9 %loop_index7"   --->   Operation 11 'store' 'store_ln0' <Predicate = true> <Delay = 0.38>
ST_1 : Operation 12 [1/1] (0.38ns)   --->   "%store_ln0 = store i480 0, i480 %shiftreg2387"   --->   Operation 12 'store' 'store_ln0' <Predicate = true> <Delay = 0.38>
ST_1 : Operation 13 [1/1] (0.00ns)   --->   "%br_ln0 = br void %load-store-loop6"   --->   Operation 13 'br' 'br_ln0' <Predicate = true> <Delay = 0.00>
ST_1 : Operation 14 [1/1] (0.00ns)   --->   "%loop_index7_load = load i9 %loop_index7"   --->   Operation 14 'load' 'loop_index7_load' <Predicate = true> <Delay = 0.00>
ST_1 : Operation 15 [1/1] (0.00ns)   --->   "%specbitsmap_ln0 = specbitsmap void @_ssdm_op_SpecBitsMap, i512 %systolic"   --->   Operation 15 'specbitsmap' 'specbitsmap_ln0' <Predicate = true> <Delay = 0.00>
ST_1 : Operation 16 [1/1] (0.71ns)   --->   "%exitcond15835 = icmp_eq  i9 %loop_index7_load, i9 256"   --->   Operation 16 'icmp' 'exitcond15835' <Predicate = true> <Delay = 0.71> <CoreInst = "Cmp">   --->   Core 9 'Cmp' <Latency = 0> <II = 1> <Delay = 0.72> <FuncUnit> <Opcode : 'seteq' 'setne' 'setle' 'setge' 'setlt' 'setgt'> <InPorts = 2> <OutPorts = 1>
ST_1 : Operation 17 [1/1] (0.71ns)   --->   "%empty = add i9 %loop_index7_load, i9 1"   --->   Operation 17 'add' 'empty' <Predicate = true> <Delay = 0.71> <CoreInst = "Adder">   --->   Core 1 'Adder' <Latency = 0> <II = 1> <Delay = 0.71> <FuncUnit> <Opcode : 'add' 'sub'> <InPorts = 2> <OutPorts = 1>
ST_1 : Operation 18 [1/1] (0.00ns)   --->   "%br_ln0 = br i1 %exitcond15835, void %load-store-loop6.split, void %systolic1.exitStub"   --->   Operation 18 'br' 'br_ln0' <Predicate = true> <Delay = 0.00>
ST_1 : Operation 19 [1/1] (0.00ns)   --->   "%empty_36 = trunc i9 %loop_index7_load"   --->   Operation 19 'trunc' 'empty_36' <Predicate = (!exitcond15835)> <Delay = 0.00>
ST_1 : Operation 20 [1/1] (0.70ns)   --->   "%empty_37 = icmp_eq  i4 %empty_36, i4 0"   --->   Operation 20 'icmp' 'empty_37' <Predicate = (!exitcond15835)> <Delay = 0.70> <CoreInst = "Cmp">   --->   Core 9 'Cmp' <Latency = 0> <II = 1> <Delay = 0.70> <FuncUnit> <Opcode : 'seteq' 'setne' 'setle' 'setge' 'setlt' 'setgt'> <InPorts = 2> <OutPorts = 1>
ST_1 : Operation 21 [1/1] (0.00ns)   --->   "%tmp_17 = partselect i4 @_ssdm_op_PartSelect.i4.i9.i32.i32, i9 %loop_index7_load, i32 4, i32 7"   --->   Operation 21 'partselect' 'tmp_17' <Predicate = (!exitcond15835)> <Delay = 0.00>
ST_1 : Operation 22 [1/1] (0.70ns)   --->   "%switch_ln0 = switch i4 %empty_36, void %.case.151617, i4 0, void %.case.01602, i4 1, void %.case.11603, i4 2, void %.case.21604, i4 3, void %.case.31605, i4 4, void %.case.41606, i4 5, void %.case.51607, i4 6, void %.case.61608, i4 7, void %.case.71609, i4 8, void %.case.81610, i4 9, void %.case.91611, i4 10, void %.case.101612, i4 11, void %.case.111613, i4 12, void %.case.121614, i4 13, void %.case.131615, i4 14, void %.case.141616"   --->   Operation 22 'switch' 'switch_ln0' <Predicate = (!exitcond15835)> <Delay = 0.70>
ST_1 : Operation 23 [1/1] (0.38ns)   --->   "%store_ln0 = store i9 %empty, i9 %loop_index7"   --->   Operation 23 'store' 'store_ln0' <Predicate = (!exitcond15835)> <Delay = 0.38>

State 2 <SV = 1> <Delay = 2.92>
ST_2 : Operation 24 [1/1] (0.00ns)   --->   "%systolic_addr = getelementptr i512 %systolic, i64 %sext_ln108_cast" [mmult.cpp:108]   --->   Operation 24 'getelementptr' 'systolic_addr' <Predicate = (!exitcond15835)> <Delay = 0.00>
ST_2 : Operation 25 [1/1] (2.92ns)   --->   "%systolic_addr_read = read i512 @_ssdm_op_Read.m_axi.p1i512, i64 %systolic_addr" [mmult.cpp:108]   --->   Operation 25 'read' 'systolic_addr_read' <Predicate = (!exitcond15835 & empty_37)> <Delay = 2.92> <CoreInst = "m_axi">   --->   Core 119 'm_axi' <Latency = 3> <II = 1> <Delay = 1.00> <Adapter> <Opcode : 'read' 'write' 'readreq' 'writereq' 'writeresp'>
ST_2 : Operation 86 [1/1] (0.38ns)   --->   "%ret_ln0 = ret"   --->   Operation 86 'ret' 'ret_ln0' <Predicate = (exitcond15835)> <Delay = 0.38>

State 3 <SV = 2> <Delay = 1.08>
ST_3 : Operation 26 [1/1] (0.00ns)   --->   "%shiftreg2387_load = load i480 %shiftreg2387"   --->   Operation 26 'load' 'shiftreg2387_load' <Predicate = (!exitcond15835)> <Delay = 0.00>
ST_3 : Operation 27 [1/1] (0.00ns)   --->   "%shiftreg2387_cast = zext i480 %shiftreg2387_load"   --->   Operation 27 'zext' 'shiftreg2387_cast' <Predicate = (!exitcond15835)> <Delay = 0.00>
ST_3 : Operation 28 [1/1] (0.00ns)   --->   "%specpipeline_ln0 = specpipeline void @_ssdm_op_SpecPipeline, i32 4294967295, i32 0, i32 0, i32 0, void @empty_0"   --->   Operation 28 'specpipeline' 'specpipeline_ln0' <Predicate = (!exitcond15835)> <Delay = 0.00>
ST_3 : Operation 29 [1/1] (0.00ns)   --->   "%speclooptripcount_ln0 = speclooptripcount void @_ssdm_op_SpecLoopTripCount, i64 256, i64 256, i64 256"   --->   Operation 29 'speclooptripcount' 'speclooptripcount_ln0' <Predicate = (!exitcond15835)> <Delay = 0.00>
ST_3 : Operation 30 [1/1] (0.38ns)   --->   "%br_ln0 = br i1 %empty_37, void %load-store-loop6.split._crit_edge, void"   --->   Operation 30 'br' 'br_ln0' <Predicate = (!exitcond15835)> <Delay = 0.38>
ST_3 : Operation 31 [1/1] (0.38ns)   --->   "%br_ln0 = br void %load-store-loop6.split._crit_edge"   --->   Operation 31 'br' 'br_ln0' <Predicate = (!exitcond15835 & empty_37)> <Delay = 0.38>
ST_3 : Operation 32 [1/1] (0.00ns)   --->   "%empty_34 = phi i512 %systolic_addr_read, void, i512 %shiftreg2387_cast, void %load-store-loop6.split" [mmult.cpp:108]   --->   Operation 32 'phi' 'empty_34' <Predicate = true> <Delay = 0.00>
ST_3 : Operation 33 [1/1] (0.00ns)   --->   "%empty_35 = trunc i512 %empty_34" [mmult.cpp:108]   --->   Operation 33 'trunc' 'empty_35' <Predicate = true> <Delay = 0.00>
ST_3 : Operation 34 [1/1] (0.00ns)   --->   "%p_cast8 = partselect i480 @_ssdm_op_PartSelect.i480.i512.i32.i32, i512 %empty_34, i32 32, i32 511" [mmult.cpp:108]   --->   Operation 34 'partselect' 'p_cast8' <Predicate = true> <Delay = 0.00>
ST_3 : Operation 35 [1/1] (0.00ns)   --->   "%p_cast11 = zext i4 %tmp_17"   --->   Operation 35 'zext' 'p_cast11' <Predicate = true> <Delay = 0.00>
ST_3 : Operation 36 [1/1] (0.00ns)   --->   "%localB_addr = getelementptr i32 %localB, i64 0, i64 %p_cast11"   --->   Operation 36 'getelementptr' 'localB_addr' <Predicate = true> <Delay = 0.00>
ST_3 : Operation 37 [1/1] (0.00ns)   --->   "%localB_1_addr = getelementptr i32 %localB_1, i64 0, i64 %p_cast11"   --->   Operation 37 'getelementptr' 'localB_1_addr' <Predicate = true> <Delay = 0.00>
ST_3 : Operation 38 [1/1] (0.00ns)   --->   "%localB_2_addr = getelementptr i32 %localB_2, i64 0, i64 %p_cast11"   --->   Operation 38 'getelementptr' 'localB_2_addr' <Predicate = true> <Delay = 0.00>
ST_3 : Operation 39 [1/1] (0.00ns)   --->   "%localB_3_addr = getelementptr i32 %localB_3, i64 0, i64 %p_cast11"   --->   Operation 39 'getelementptr' 'localB_3_addr' <Predicate = true> <Delay = 0.00>
ST_3 : Operation 40 [1/1] (0.00ns)   --->   "%localB_4_addr = getelementptr i32 %localB_4, i64 0, i64 %p_cast11"   --->   Operation 40 'getelementptr' 'localB_4_addr' <Predicate = true> <Delay = 0.00>
ST_3 : Operation 41 [1/1] (0.00ns)   --->   "%localB_5_addr = getelementptr i32 %localB_5, i64 0, i64 %p_cast11"   --->   Operation 41 'getelementptr' 'localB_5_addr' <Predicate = true> <Delay = 0.00>
ST_3 : Operation 42 [1/1] (0.00ns)   --->   "%localB_6_addr = getelementptr i32 %localB_6, i64 0, i64 %p_cast11"   --->   Operation 42 'getelementptr' 'localB_6_addr' <Predicate = true> <Delay = 0.00>
ST_3 : Operation 43 [1/1] (0.00ns)   --->   "%localB_7_addr = getelementptr i32 %localB_7, i64 0, i64 %p_cast11"   --->   Operation 43 'getelementptr' 'localB_7_addr' <Predicate = true> <Delay = 0.00>
ST_3 : Operation 44 [1/1] (0.00ns)   --->   "%localB_8_addr = getelementptr i32 %localB_8, i64 0, i64 %p_cast11"   --->   Operation 44 'getelementptr' 'localB_8_addr' <Predicate = true> <Delay = 0.00>
ST_3 : Operation 45 [1/1] (0.00ns)   --->   "%localB_9_addr = getelementptr i32 %localB_9, i64 0, i64 %p_cast11"   --->   Operation 45 'getelementptr' 'localB_9_addr' <Predicate = true> <Delay = 0.00>
ST_3 : Operation 46 [1/1] (0.00ns)   --->   "%localB_10_addr = getelementptr i32 %localB_10, i64 0, i64 %p_cast11"   --->   Operation 46 'getelementptr' 'localB_10_addr' <Predicate = true> <Delay = 0.00>
ST_3 : Operation 47 [1/1] (0.00ns)   --->   "%localB_11_addr = getelementptr i32 %localB_11, i64 0, i64 %p_cast11"   --->   Operation 47 'getelementptr' 'localB_11_addr' <Predicate = true> <Delay = 0.00>
ST_3 : Operation 48 [1/1] (0.00ns)   --->   "%localB_12_addr = getelementptr i32 %localB_12, i64 0, i64 %p_cast11"   --->   Operation 48 'getelementptr' 'localB_12_addr' <Predicate = true> <Delay = 0.00>
ST_3 : Operation 49 [1/1] (0.00ns)   --->   "%localB_13_addr = getelementptr i32 %localB_13, i64 0, i64 %p_cast11"   --->   Operation 49 'getelementptr' 'localB_13_addr' <Predicate = true> <Delay = 0.00>
ST_3 : Operation 50 [1/1] (0.00ns)   --->   "%localB_14_addr = getelementptr i32 %localB_14, i64 0, i64 %p_cast11"   --->   Operation 50 'getelementptr' 'localB_14_addr' <Predicate = true> <Delay = 0.00>
ST_3 : Operation 51 [1/1] (0.00ns)   --->   "%localB_15_addr = getelementptr i32 %localB_15, i64 0, i64 %p_cast11"   --->   Operation 51 'getelementptr' 'localB_15_addr' <Predicate = true> <Delay = 0.00>
ST_3 : Operation 52 [1/1] ( I:0.69ns O:0.69ns )   --->   "%store_ln108 = store i32 %empty_35, i4 %localB_14_addr" [mmult.cpp:108]   --->   Operation 52 'store' 'store_ln108' <Predicate = (empty_36 == 14)> <Delay = 0.69> <CoreInst = "RAM">   --->   Core 82 'RAM' <Latency = 1> <II = 1> <Delay = 0.69> <Storage> <Opcode : 'load' 'store'> <Ports = 2> <Width = 32> <Depth = 16> <RAM>
ST_3 : Operation 53 [1/1] (0.00ns)   --->   "%br_ln0 = br void %.exit1601"   --->   Operation 53 'br' 'br_ln0' <Predicate = (empty_36 == 14)> <Delay = 0.00>
ST_3 : Operation 54 [1/1] ( I:0.69ns O:0.69ns )   --->   "%store_ln108 = store i32 %empty_35, i4 %localB_13_addr" [mmult.cpp:108]   --->   Operation 54 'store' 'store_ln108' <Predicate = (empty_36 == 13)> <Delay = 0.69> <CoreInst = "RAM">   --->   Core 82 'RAM' <Latency = 1> <II = 1> <Delay = 0.69> <Storage> <Opcode : 'load' 'store'> <Ports = 2> <Width = 32> <Depth = 16> <RAM>
ST_3 : Operation 55 [1/1] (0.00ns)   --->   "%br_ln0 = br void %.exit1601"   --->   Operation 55 'br' 'br_ln0' <Predicate = (empty_36 == 13)> <Delay = 0.00>
ST_3 : Operation 56 [1/1] ( I:0.69ns O:0.69ns )   --->   "%store_ln108 = store i32 %empty_35, i4 %localB_12_addr" [mmult.cpp:108]   --->   Operation 56 'store' 'store_ln108' <Predicate = (empty_36 == 12)> <Delay = 0.69> <CoreInst = "RAM">   --->   Core 82 'RAM' <Latency = 1> <II = 1> <Delay = 0.69> <Storage> <Opcode : 'load' 'store'> <Ports = 2> <Width = 32> <Depth = 16> <RAM>
ST_3 : Operation 57 [1/1] (0.00ns)   --->   "%br_ln0 = br void %.exit1601"   --->   Operation 57 'br' 'br_ln0' <Predicate = (empty_36 == 12)> <Delay = 0.00>
ST_3 : Operation 58 [1/1] ( I:0.69ns O:0.69ns )   --->   "%store_ln108 = store i32 %empty_35, i4 %localB_11_addr" [mmult.cpp:108]   --->   Operation 58 'store' 'store_ln108' <Predicate = (empty_36 == 11)> <Delay = 0.69> <CoreInst = "RAM">   --->   Core 82 'RAM' <Latency = 1> <II = 1> <Delay = 0.69> <Storage> <Opcode : 'load' 'store'> <Ports = 2> <Width = 32> <Depth = 16> <RAM>
ST_3 : Operation 59 [1/1] (0.00ns)   --->   "%br_ln0 = br void %.exit1601"   --->   Operation 59 'br' 'br_ln0' <Predicate = (empty_36 == 11)> <Delay = 0.00>
ST_3 : Operation 60 [1/1] ( I:0.69ns O:0.69ns )   --->   "%store_ln108 = store i32 %empty_35, i4 %localB_10_addr" [mmult.cpp:108]   --->   Operation 60 'store' 'store_ln108' <Predicate = (empty_36 == 10)> <Delay = 0.69> <CoreInst = "RAM">   --->   Core 82 'RAM' <Latency = 1> <II = 1> <Delay = 0.69> <Storage> <Opcode : 'load' 'store'> <Ports = 2> <Width = 32> <Depth = 16> <RAM>
ST_3 : Operation 61 [1/1] (0.00ns)   --->   "%br_ln0 = br void %.exit1601"   --->   Operation 61 'br' 'br_ln0' <Predicate = (empty_36 == 10)> <Delay = 0.00>
ST_3 : Operation 62 [1/1] ( I:0.69ns O:0.69ns )   --->   "%store_ln108 = store i32 %empty_35, i4 %localB_9_addr" [mmult.cpp:108]   --->   Operation 62 'store' 'store_ln108' <Predicate = (empty_36 == 9)> <Delay = 0.69> <CoreInst = "RAM">   --->   Core 82 'RAM' <Latency = 1> <II = 1> <Delay = 0.69> <Storage> <Opcode : 'load' 'store'> <Ports = 2> <Width = 32> <Depth = 16> <RAM>
ST_3 : Operation 63 [1/1] (0.00ns)   --->   "%br_ln0 = br void %.exit1601"   --->   Operation 63 'br' 'br_ln0' <Predicate = (empty_36 == 9)> <Delay = 0.00>
ST_3 : Operation 64 [1/1] ( I:0.69ns O:0.69ns )   --->   "%store_ln108 = store i32 %empty_35, i4 %localB_8_addr" [mmult.cpp:108]   --->   Operation 64 'store' 'store_ln108' <Predicate = (empty_36 == 8)> <Delay = 0.69> <CoreInst = "RAM">   --->   Core 82 'RAM' <Latency = 1> <II = 1> <Delay = 0.69> <Storage> <Opcode : 'load' 'store'> <Ports = 2> <Width = 32> <Depth = 16> <RAM>
ST_3 : Operation 65 [1/1] (0.00ns)   --->   "%br_ln0 = br void %.exit1601"   --->   Operation 65 'br' 'br_ln0' <Predicate = (empty_36 == 8)> <Delay = 0.00>
ST_3 : Operation 66 [1/1] ( I:0.69ns O:0.69ns )   --->   "%store_ln108 = store i32 %empty_35, i4 %localB_7_addr" [mmult.cpp:108]   --->   Operation 66 'store' 'store_ln108' <Predicate = (empty_36 == 7)> <Delay = 0.69> <CoreInst = "RAM">   --->   Core 82 'RAM' <Latency = 1> <II = 1> <Delay = 0.69> <Storage> <Opcode : 'load' 'store'> <Ports = 2> <Width = 32> <Depth = 16> <RAM>
ST_3 : Operation 67 [1/1] (0.00ns)   --->   "%br_ln0 = br void %.exit1601"   --->   Operation 67 'br' 'br_ln0' <Predicate = (empty_36 == 7)> <Delay = 0.00>
ST_3 : Operation 68 [1/1] ( I:0.69ns O:0.69ns )   --->   "%store_ln108 = store i32 %empty_35, i4 %localB_6_addr" [mmult.cpp:108]   --->   Operation 68 'store' 'store_ln108' <Predicate = (empty_36 == 6)> <Delay = 0.69> <CoreInst = "RAM">   --->   Core 82 'RAM' <Latency = 1> <II = 1> <Delay = 0.69> <Storage> <Opcode : 'load' 'store'> <Ports = 2> <Width = 32> <Depth = 16> <RAM>
ST_3 : Operation 69 [1/1] (0.00ns)   --->   "%br_ln0 = br void %.exit1601"   --->   Operation 69 'br' 'br_ln0' <Predicate = (empty_36 == 6)> <Delay = 0.00>
ST_3 : Operation 70 [1/1] ( I:0.69ns O:0.69ns )   --->   "%store_ln108 = store i32 %empty_35, i4 %localB_5_addr" [mmult.cpp:108]   --->   Operation 70 'store' 'store_ln108' <Predicate = (empty_36 == 5)> <Delay = 0.69> <CoreInst = "RAM">   --->   Core 82 'RAM' <Latency = 1> <II = 1> <Delay = 0.69> <Storage> <Opcode : 'load' 'store'> <Ports = 2> <Width = 32> <Depth = 16> <RAM>
ST_3 : Operation 71 [1/1] (0.00ns)   --->   "%br_ln0 = br void %.exit1601"   --->   Operation 71 'br' 'br_ln0' <Predicate = (empty_36 == 5)> <Delay = 0.00>
ST_3 : Operation 72 [1/1] ( I:0.69ns O:0.69ns )   --->   "%store_ln108 = store i32 %empty_35, i4 %localB_4_addr" [mmult.cpp:108]   --->   Operation 72 'store' 'store_ln108' <Predicate = (empty_36 == 4)> <Delay = 0.69> <CoreInst = "RAM">   --->   Core 82 'RAM' <Latency = 1> <II = 1> <Delay = 0.69> <Storage> <Opcode : 'load' 'store'> <Ports = 2> <Width = 32> <Depth = 16> <RAM>
ST_3 : Operation 73 [1/1] (0.00ns)   --->   "%br_ln0 = br void %.exit1601"   --->   Operation 73 'br' 'br_ln0' <Predicate = (empty_36 == 4)> <Delay = 0.00>
ST_3 : Operation 74 [1/1] ( I:0.69ns O:0.69ns )   --->   "%store_ln108 = store i32 %empty_35, i4 %localB_3_addr" [mmult.cpp:108]   --->   Operation 74 'store' 'store_ln108' <Predicate = (empty_36 == 3)> <Delay = 0.69> <CoreInst = "RAM">   --->   Core 82 'RAM' <Latency = 1> <II = 1> <Delay = 0.69> <Storage> <Opcode : 'load' 'store'> <Ports = 2> <Width = 32> <Depth = 16> <RAM>
ST_3 : Operation 75 [1/1] (0.00ns)   --->   "%br_ln0 = br void %.exit1601"   --->   Operation 75 'br' 'br_ln0' <Predicate = (empty_36 == 3)> <Delay = 0.00>
ST_3 : Operation 76 [1/1] ( I:0.69ns O:0.69ns )   --->   "%store_ln108 = store i32 %empty_35, i4 %localB_2_addr" [mmult.cpp:108]   --->   Operation 76 'store' 'store_ln108' <Predicate = (empty_36 == 2)> <Delay = 0.69> <CoreInst = "RAM">   --->   Core 82 'RAM' <Latency = 1> <II = 1> <Delay = 0.69> <Storage> <Opcode : 'load' 'store'> <Ports = 2> <Width = 32> <Depth = 16> <RAM>
ST_3 : Operation 77 [1/1] (0.00ns)   --->   "%br_ln0 = br void %.exit1601"   --->   Operation 77 'br' 'br_ln0' <Predicate = (empty_36 == 2)> <Delay = 0.00>
ST_3 : Operation 78 [1/1] ( I:0.69ns O:0.69ns )   --->   "%store_ln108 = store i32 %empty_35, i4 %localB_1_addr" [mmult.cpp:108]   --->   Operation 78 'store' 'store_ln108' <Predicate = (empty_36 == 1)> <Delay = 0.69> <CoreInst = "RAM">   --->   Core 82 'RAM' <Latency = 1> <II = 1> <Delay = 0.69> <Storage> <Opcode : 'load' 'store'> <Ports = 2> <Width = 32> <Depth = 16> <RAM>
ST_3 : Operation 79 [1/1] (0.00ns)   --->   "%br_ln0 = br void %.exit1601"   --->   Operation 79 'br' 'br_ln0' <Predicate = (empty_36 == 1)> <Delay = 0.00>
ST_3 : Operation 80 [1/1] ( I:0.69ns O:0.69ns )   --->   "%store_ln108 = store i32 %empty_35, i4 %localB_addr" [mmult.cpp:108]   --->   Operation 80 'store' 'store_ln108' <Predicate = (empty_36 == 0)> <Delay = 0.69> <CoreInst = "RAM">   --->   Core 82 'RAM' <Latency = 1> <II = 1> <Delay = 0.69> <Storage> <Opcode : 'load' 'store'> <Ports = 2> <Width = 32> <Depth = 16> <RAM>
ST_3 : Operation 81 [1/1] (0.00ns)   --->   "%br_ln0 = br void %.exit1601"   --->   Operation 81 'br' 'br_ln0' <Predicate = (empty_36 == 0)> <Delay = 0.00>
ST_3 : Operation 82 [1/1] ( I:0.69ns O:0.69ns )   --->   "%store_ln108 = store i32 %empty_35, i4 %localB_15_addr" [mmult.cpp:108]   --->   Operation 82 'store' 'store_ln108' <Predicate = (empty_36 == 15)> <Delay = 0.69> <CoreInst = "RAM">   --->   Core 82 'RAM' <Latency = 1> <II = 1> <Delay = 0.69> <Storage> <Opcode : 'load' 'store'> <Ports = 2> <Width = 32> <Depth = 16> <RAM>
ST_3 : Operation 83 [1/1] (0.00ns)   --->   "%br_ln0 = br void %.exit1601"   --->   Operation 83 'br' 'br_ln0' <Predicate = (empty_36 == 15)> <Delay = 0.00>
ST_3 : Operation 84 [1/1] (0.38ns)   --->   "%store_ln108 = store i480 %p_cast8, i480 %shiftreg2387" [mmult.cpp:108]   --->   Operation 84 'store' 'store_ln108' <Predicate = true> <Delay = 0.38>
ST_3 : Operation 85 [1/1] (0.00ns)   --->   "%br_ln0 = br void %load-store-loop6"   --->   Operation 85 'br' 'br_ln0' <Predicate = true> <Delay = 0.00>


============================================================
+ Verbose Summary: Binding
============================================================
STG Binding: 
---------------- STG Properties BEGIN ----------------
- Is combinational: 0
- Is one-state seq: 0
- Is datapath-only: 0
- Is pipelined: 0
- Is top level: 0
Port [ Return ] is wired: 1; IO mode=ap_ctrl_hs:ce=0
Port [ systolic]:  wired=1; compound=1; hidden=0; nouse=0; global=0; static=0; extern=0; dir=0; type=4; pingpong=0; private_global=0; IO mode=m_axi:ce=0
Port [ localB]:  wired=1; compound=1; hidden=0; nouse=0; global=0; static=0; extern=0; dir=1; type=1; pingpong=0; private_global=0; MemPort=[03]; IO mode=ap_memory:ce=0
Port [ localB_1]:  wired=1; compound=1; hidden=0; nouse=0; global=0; static=0; extern=0; dir=1; type=1; pingpong=0; private_global=0; MemPort=[03]; IO mode=ap_memory:ce=0
Port [ localB_2]:  wired=1; compound=1; hidden=0; nouse=0; global=0; static=0; extern=0; dir=1; type=1; pingpong=0; private_global=0; MemPort=[03]; IO mode=ap_memory:ce=0
Port [ localB_3]:  wired=1; compound=1; hidden=0; nouse=0; global=0; static=0; extern=0; dir=1; type=1; pingpong=0; private_global=0; MemPort=[03]; IO mode=ap_memory:ce=0
Port [ localB_4]:  wired=1; compound=1; hidden=0; nouse=0; global=0; static=0; extern=0; dir=1; type=1; pingpong=0; private_global=0; MemPort=[03]; IO mode=ap_memory:ce=0
Port [ localB_5]:  wired=1; compound=1; hidden=0; nouse=0; global=0; static=0; extern=0; dir=1; type=1; pingpong=0; private_global=0; MemPort=[03]; IO mode=ap_memory:ce=0
Port [ localB_6]:  wired=1; compound=1; hidden=0; nouse=0; global=0; static=0; extern=0; dir=1; type=1; pingpong=0; private_global=0; MemPort=[03]; IO mode=ap_memory:ce=0
Port [ localB_7]:  wired=1; compound=1; hidden=0; nouse=0; global=0; static=0; extern=0; dir=1; type=1; pingpong=0; private_global=0; MemPort=[03]; IO mode=ap_memory:ce=0
Port [ localB_8]:  wired=1; compound=1; hidden=0; nouse=0; global=0; static=0; extern=0; dir=1; type=1; pingpong=0; private_global=0; MemPort=[03]; IO mode=ap_memory:ce=0
Port [ localB_9]:  wired=1; compound=1; hidden=0; nouse=0; global=0; static=0; extern=0; dir=1; type=1; pingpong=0; private_global=0; MemPort=[03]; IO mode=ap_memory:ce=0
Port [ localB_10]:  wired=1; compound=1; hidden=0; nouse=0; global=0; static=0; extern=0; dir=1; type=1; pingpong=0; private_global=0; MemPort=[03]; IO mode=ap_memory:ce=0
Port [ localB_11]:  wired=1; compound=1; hidden=0; nouse=0; global=0; static=0; extern=0; dir=1; type=1; pingpong=0; private_global=0; MemPort=[03]; IO mode=ap_memory:ce=0
Port [ localB_12]:  wired=1; compound=1; hidden=0; nouse=0; global=0; static=0; extern=0; dir=1; type=1; pingpong=0; private_global=0; MemPort=[03]; IO mode=ap_memory:ce=0
Port [ localB_13]:  wired=1; compound=1; hidden=0; nouse=0; global=0; static=0; extern=0; dir=1; type=1; pingpong=0; private_global=0; MemPort=[03]; IO mode=ap_memory:ce=0
Port [ localB_14]:  wired=1; compound=1; hidden=0; nouse=0; global=0; static=0; extern=0; dir=1; type=1; pingpong=0; private_global=0; MemPort=[03]; IO mode=ap_memory:ce=0
Port [ localB_15]:  wired=1; compound=1; hidden=0; nouse=0; global=0; static=0; extern=0; dir=1; type=1; pingpong=0; private_global=0; MemPort=[03]; IO mode=ap_memory:ce=0
Port [ sext_ln108]:  wired=1; compound=0; hidden=0; nouse=0; global=0; static=0; extern=0; dir=0; type=0; pingpong=0; private_global=0; IO mode=ap_none:ce=0
---------------- STG Properties END ------------------

---------------- Datapath Model BEGIN ----------------

<LifeTime>
<method=bitvector/>
shiftreg2387          (alloca           ) [ 0111]
loop_index7           (alloca           ) [ 0100]
sext_ln108_read       (read             ) [ 0000]
sext_ln108_cast       (sext             ) [ 0110]
specinterface_ln0     (specinterface    ) [ 0000]
store_ln0             (store            ) [ 0000]
store_ln0             (store            ) [ 0000]
br_ln0                (br               ) [ 0000]
loop_index7_load      (load             ) [ 0000]
specbitsmap_ln0       (specbitsmap      ) [ 0000]
exitcond15835         (icmp             ) [ 0111]
empty                 (add              ) [ 0000]
br_ln0                (br               ) [ 0000]
empty_36              (trunc            ) [ 0111]
empty_37              (icmp             ) [ 0111]
tmp_17                (partselect       ) [ 0111]
switch_ln0            (switch           ) [ 0000]
store_ln0             (store            ) [ 0000]
systolic_addr         (getelementptr    ) [ 0000]
systolic_addr_read    (read             ) [ 0101]
shiftreg2387_load     (load             ) [ 0000]
shiftreg2387_cast     (zext             ) [ 0000]
specpipeline_ln0      (specpipeline     ) [ 0000]
speclooptripcount_ln0 (speclooptripcount) [ 0000]
br_ln0                (br               ) [ 0000]
br_ln0                (br               ) [ 0000]
empty_34              (phi              ) [ 0101]
empty_35              (trunc            ) [ 0000]
p_cast8               (partselect       ) [ 0000]
p_cast11              (zext             ) [ 0000]
localB_addr           (getelementptr    ) [ 0000]
localB_1_addr         (getelementptr    ) [ 0000]
localB_2_addr         (getelementptr    ) [ 0000]
localB_3_addr         (getelementptr    ) [ 0000]
localB_4_addr         (getelementptr    ) [ 0000]
localB_5_addr         (getelementptr    ) [ 0000]
localB_6_addr         (getelementptr    ) [ 0000]
localB_7_addr         (getelementptr    ) [ 0000]
localB_8_addr         (getelementptr    ) [ 0000]
localB_9_addr         (getelementptr    ) [ 0000]
localB_10_addr        (getelementptr    ) [ 0000]
localB_11_addr        (getelementptr    ) [ 0000]
localB_12_addr        (getelementptr    ) [ 0000]
localB_13_addr        (getelementptr    ) [ 0000]
localB_14_addr        (getelementptr    ) [ 0000]
localB_15_addr        (getelementptr    ) [ 0000]
store_ln108           (store            ) [ 0000]
br_ln0                (br               ) [ 0000]
store_ln108           (store            ) [ 0000]
br_ln0                (br               ) [ 0000]
store_ln108           (store            ) [ 0000]
br_ln0                (br               ) [ 0000]
store_ln108           (store            ) [ 0000]
br_ln0                (br               ) [ 0000]
store_ln108           (store            ) [ 0000]
br_ln0                (br               ) [ 0000]
store_ln108           (store            ) [ 0000]
br_ln0                (br               ) [ 0000]
store_ln108           (store            ) [ 0000]
br_ln0                (br               ) [ 0000]
store_ln108           (store            ) [ 0000]
br_ln0                (br               ) [ 0000]
store_ln108           (store            ) [ 0000]
br_ln0                (br               ) [ 0000]
store_ln108           (store            ) [ 0000]
br_ln0                (br               ) [ 0000]
store_ln108           (store            ) [ 0000]
br_ln0                (br               ) [ 0000]
store_ln108           (store            ) [ 0000]
br_ln0                (br               ) [ 0000]
store_ln108           (store            ) [ 0000]
br_ln0                (br               ) [ 0000]
store_ln108           (store            ) [ 0000]
br_ln0                (br               ) [ 0000]
store_ln108           (store            ) [ 0000]
br_ln0                (br               ) [ 0000]
store_ln108           (store            ) [ 0000]
br_ln0                (br               ) [ 0000]
store_ln108           (store            ) [ 0000]
br_ln0                (br               ) [ 0000]
ret_ln0               (ret              ) [ 0000]
</LifeTime>

<model>

<comp_list>
<comp id="0" class="1000" name="systolic">
<pin_list>
<pin id="1" dir="1" index="0" bw="1" slack="0"/>
</pin_list>
<bind>
<StgValue><ssdm name="systolic"/><MemPortTyVec>0 </MemPortTyVec>
</StgValue>
</bind>
</comp>

<comp id="2" class="1000" name="localB">
<pin_list>
<pin id="3" dir="1" index="0" bw="1" slack="0"/>
</pin_list>
<bind>
<StgValue><ssdm name="localB"/><MemPortTyVec>0 3 </MemPortTyVec>
</StgValue>
</bind>
</comp>

<comp id="4" class="1000" name="localB_1">
<pin_list>
<pin id="5" dir="1" index="0" bw="1" slack="0"/>
</pin_list>
<bind>
<StgValue><ssdm name="localB_1"/><MemPortTyVec>0 3 </MemPortTyVec>
</StgValue>
</bind>
</comp>

<comp id="6" class="1000" name="localB_2">
<pin_list>
<pin id="7" dir="1" index="0" bw="1" slack="0"/>
</pin_list>
<bind>
<StgValue><ssdm name="localB_2"/><MemPortTyVec>0 3 </MemPortTyVec>
</StgValue>
</bind>
</comp>

<comp id="8" class="1000" name="localB_3">
<pin_list>
<pin id="9" dir="1" index="0" bw="1" slack="0"/>
</pin_list>
<bind>
<StgValue><ssdm name="localB_3"/><MemPortTyVec>0 3 </MemPortTyVec>
</StgValue>
</bind>
</comp>

<comp id="10" class="1000" name="localB_4">
<pin_list>
<pin id="11" dir="1" index="0" bw="1" slack="0"/>
</pin_list>
<bind>
<StgValue><ssdm name="localB_4"/><MemPortTyVec>0 3 </MemPortTyVec>
</StgValue>
</bind>
</comp>

<comp id="12" class="1000" name="localB_5">
<pin_list>
<pin id="13" dir="1" index="0" bw="1" slack="0"/>
</pin_list>
<bind>
<StgValue><ssdm name="localB_5"/><MemPortTyVec>0 3 </MemPortTyVec>
</StgValue>
</bind>
</comp>

<comp id="14" class="1000" name="localB_6">
<pin_list>
<pin id="15" dir="1" index="0" bw="1" slack="0"/>
</pin_list>
<bind>
<StgValue><ssdm name="localB_6"/><MemPortTyVec>0 3 </MemPortTyVec>
</StgValue>
</bind>
</comp>

<comp id="16" class="1000" name="localB_7">
<pin_list>
<pin id="17" dir="1" index="0" bw="1" slack="0"/>
</pin_list>
<bind>
<StgValue><ssdm name="localB_7"/><MemPortTyVec>0 3 </MemPortTyVec>
</StgValue>
</bind>
</comp>

<comp id="18" class="1000" name="localB_8">
<pin_list>
<pin id="19" dir="1" index="0" bw="1" slack="0"/>
</pin_list>
<bind>
<StgValue><ssdm name="localB_8"/><MemPortTyVec>0 3 </MemPortTyVec>
</StgValue>
</bind>
</comp>

<comp id="20" class="1000" name="localB_9">
<pin_list>
<pin id="21" dir="1" index="0" bw="1" slack="0"/>
</pin_list>
<bind>
<StgValue><ssdm name="localB_9"/><MemPortTyVec>0 3 </MemPortTyVec>
</StgValue>
</bind>
</comp>

<comp id="22" class="1000" name="localB_10">
<pin_list>
<pin id="23" dir="1" index="0" bw="1" slack="0"/>
</pin_list>
<bind>
<StgValue><ssdm name="localB_10"/><MemPortTyVec>0 3 </MemPortTyVec>
</StgValue>
</bind>
</comp>

<comp id="24" class="1000" name="localB_11">
<pin_list>
<pin id="25" dir="1" index="0" bw="1" slack="0"/>
</pin_list>
<bind>
<StgValue><ssdm name="localB_11"/><MemPortTyVec>0 3 </MemPortTyVec>
</StgValue>
</bind>
</comp>

<comp id="26" class="1000" name="localB_12">
<pin_list>
<pin id="27" dir="1" index="0" bw="1" slack="0"/>
</pin_list>
<bind>
<StgValue><ssdm name="localB_12"/><MemPortTyVec>0 3 </MemPortTyVec>
</StgValue>
</bind>
</comp>

<comp id="28" class="1000" name="localB_13">
<pin_list>
<pin id="29" dir="1" index="0" bw="1" slack="0"/>
</pin_list>
<bind>
<StgValue><ssdm name="localB_13"/><MemPortTyVec>0 3 </MemPortTyVec>
</StgValue>
</bind>
</comp>

<comp id="30" class="1000" name="localB_14">
<pin_list>
<pin id="31" dir="1" index="0" bw="1" slack="0"/>
</pin_list>
<bind>
<StgValue><ssdm name="localB_14"/><MemPortTyVec>0 3 </MemPortTyVec>
</StgValue>
</bind>
</comp>

<comp id="32" class="1000" name="localB_15">
<pin_list>
<pin id="33" dir="1" index="0" bw="1" slack="0"/>
</pin_list>
<bind>
<StgValue><ssdm name="localB_15"/><MemPortTyVec>0 3 </MemPortTyVec>
</StgValue>
</bind>
</comp>

<comp id="34" class="1000" name="sext_ln108">
<pin_list>
<pin id="35" dir="1" index="0" bw="1" slack="0"/>
</pin_list>
<bind>
<StgValue><ssdm name="sext_ln108"/></StgValue>
</bind>
</comp>

<comp id="36" class="1001" name="const_36">
<pin_list>
<pin id="37" dir="1" index="0" bw="1" slack="0"/>
</pin_list>
<bind>
<StgValue><ssdm name=""/></StgValue>
</bind>
</comp>

<comp id="38" class="1001" name="const_38">
<pin_list>
<pin id="39" dir="1" index="0" bw="1" slack="0"/>
</pin_list>
<bind>
<StgValue><ssdm name="_ssdm_op_Read.ap_auto.i58"/></StgValue>
</bind>
</comp>

<comp id="40" class="1001" name="const_40">
<pin_list>
<pin id="41" dir="1" index="0" bw="1" slack="2147483647"/>
</pin_list>
<bind>
<StgValue><ssdm name="_ssdm_op_SpecInterface"/></StgValue>
</bind>
</comp>

<comp id="42" class="1001" name="const_42">
<pin_list>
<pin id="43" dir="1" index="0" bw="1" slack="2147483647"/>
</pin_list>
<bind>
<StgValue><ssdm name="empty"/></StgValue>
</bind>
</comp>

<comp id="44" class="1001" name="const_44">
<pin_list>
<pin id="45" dir="1" index="0" bw="1" slack="2147483647"/>
</pin_list>
<bind>
<StgValue><ssdm name=""/></StgValue>
</bind>
</comp>

<comp id="46" class="1001" name="const_46">
<pin_list>
<pin id="47" dir="1" index="0" bw="1" slack="2147483647"/>
</pin_list>
<bind>
<StgValue><ssdm name="empty_0"/></StgValue>
</bind>
</comp>

<comp id="48" class="1001" name="const_48">
<pin_list>
<pin id="49" dir="1" index="0" bw="1" slack="2147483647"/>
</pin_list>
<bind>
<StgValue><ssdm name="empty_1"/></StgValue>
</bind>
</comp>

<comp id="50" class="1001" name="const_50">
<pin_list>
<pin id="51" dir="1" index="0" bw="1" slack="2147483647"/>
</pin_list>
<bind>
<StgValue><ssdm name="empty_2"/></StgValue>
</bind>
</comp>

<comp id="52" class="1001" name="const_52">
<pin_list>
<pin id="53" dir="1" index="0" bw="1" slack="2147483647"/>
</pin_list>
<bind>
<StgValue><ssdm name=""/></StgValue>
</bind>
</comp>

<comp id="54" class="1001" name="const_54">
<pin_list>
<pin id="55" dir="1" index="0" bw="1" slack="2147483647"/>
</pin_list>
<bind>
<StgValue><ssdm name=""/></StgValue>
</bind>
</comp>

<comp id="56" class="1001" name="const_56">
<pin_list>
<pin id="57" dir="1" index="0" bw="1" slack="0"/>
</pin_list>
<bind>
<StgValue><ssdm name=""/></StgValue>
</bind>
</comp>

<comp id="58" class="1001" name="const_58">
<pin_list>
<pin id="59" dir="1" index="0" bw="1" slack="0"/>
</pin_list>
<bind>
<StgValue><ssdm name=""/></StgValue>
</bind>
</comp>

<comp id="60" class="1001" name="const_60">
<pin_list>
<pin id="61" dir="1" index="0" bw="1" slack="2147483647"/>
</pin_list>
<bind>
<StgValue><ssdm name="_ssdm_op_SpecBitsMap"/></StgValue>
</bind>
</comp>

<comp id="62" class="1001" name="const_62">
<pin_list>
<pin id="63" dir="1" index="0" bw="1" slack="0"/>
</pin_list>
<bind>
<StgValue><ssdm name=""/></StgValue>
</bind>
</comp>

<comp id="64" class="1001" name="const_64">
<pin_list>
<pin id="65" dir="1" index="0" bw="1" slack="0"/>
</pin_list>
<bind>
<StgValue><ssdm name=""/></StgValue>
</bind>
</comp>

<comp id="66" class="1001" name="const_66">
<pin_list>
<pin id="67" dir="1" index="0" bw="1" slack="0"/>
</pin_list>
<bind>
<StgValue><ssdm name=""/></StgValue>
</bind>
</comp>

<comp id="68" class="1001" name="const_68">
<pin_list>
<pin id="69" dir="1" index="0" bw="1" slack="0"/>
</pin_list>
<bind>
<StgValue><ssdm name="_ssdm_op_PartSelect.i4.i9.i32.i32"/></StgValue>
</bind>
</comp>

<comp id="70" class="1001" name="const_70">
<pin_list>
<pin id="71" dir="1" index="0" bw="1" slack="0"/>
</pin_list>
<bind>
<StgValue><ssdm name=""/></StgValue>
</bind>
</comp>

<comp id="72" class="1001" name="const_72">
<pin_list>
<pin id="73" dir="1" index="0" bw="1" slack="0"/>
</pin_list>
<bind>
<StgValue><ssdm name=""/></StgValue>
</bind>
</comp>

<comp id="74" class="1001" name="const_74">
<pin_list>
<pin id="75" dir="1" index="0" bw="1" slack="2147483647"/>
</pin_list>
<bind>
<StgValue><ssdm name=""/></StgValue>
</bind>
</comp>

<comp id="76" class="1001" name="const_76">
<pin_list>
<pin id="77" dir="1" index="0" bw="1" slack="2147483647"/>
</pin_list>
<bind>
<StgValue><ssdm name=""/></StgValue>
</bind>
</comp>

<comp id="78" class="1001" name="const_78">
<pin_list>
<pin id="79" dir="1" index="0" bw="1" slack="2147483647"/>
</pin_list>
<bind>
<StgValue><ssdm name=""/></StgValue>
</bind>
</comp>

<comp id="80" class="1001" name="const_80">
<pin_list>
<pin id="81" dir="1" index="0" bw="1" slack="2147483647"/>
</pin_list>
<bind>
<StgValue><ssdm name=""/></StgValue>
</bind>
</comp>

<comp id="82" class="1001" name="const_82">
<pin_list>
<pin id="83" dir="1" index="0" bw="1" slack="2147483647"/>
</pin_list>
<bind>
<StgValue><ssdm name=""/></StgValue>
</bind>
</comp>

<comp id="84" class="1001" name="const_84">
<pin_list>
<pin id="85" dir="1" index="0" bw="1" slack="2147483647"/>
</pin_list>
<bind>
<StgValue><ssdm name=""/></StgValue>
</bind>
</comp>

<comp id="86" class="1001" name="const_86">
<pin_list>
<pin id="87" dir="1" index="0" bw="1" slack="2147483647"/>
</pin_list>
<bind>
<StgValue><ssdm name=""/></StgValue>
</bind>
</comp>

<comp id="88" class="1001" name="const_88">
<pin_list>
<pin id="89" dir="1" index="0" bw="1" slack="2147483647"/>
</pin_list>
<bind>
<StgValue><ssdm name=""/></StgValue>
</bind>
</comp>

<comp id="90" class="1001" name="const_90">
<pin_list>
<pin id="91" dir="1" index="0" bw="1" slack="2147483647"/>
</pin_list>
<bind>
<StgValue><ssdm name=""/></StgValue>
</bind>
</comp>

<comp id="92" class="1001" name="const_92">
<pin_list>
<pin id="93" dir="1" index="0" bw="1" slack="2147483647"/>
</pin_list>
<bind>
<StgValue><ssdm name=""/></StgValue>
</bind>
</comp>

<comp id="94" class="1001" name="const_94">
<pin_list>
<pin id="95" dir="1" index="0" bw="1" slack="2147483647"/>
</pin_list>
<bind>
<StgValue><ssdm name=""/></StgValue>
</bind>
</comp>

<comp id="96" class="1001" name="const_96">
<pin_list>
<pin id="97" dir="1" index="0" bw="1" slack="2147483647"/>
</pin_list>
<bind>
<StgValue><ssdm name=""/></StgValue>
</bind>
</comp>

<comp id="98" class="1001" name="const_98">
<pin_list>
<pin id="99" dir="1" index="0" bw="1" slack="2147483647"/>
</pin_list>
<bind>
<StgValue><ssdm name=""/></StgValue>
</bind>
</comp>

<comp id="100" class="1001" name="const_100">
<pin_list>
<pin id="101" dir="1" index="0" bw="1" slack="2147483647"/>
</pin_list>
<bind>
<StgValue><ssdm name=""/></StgValue>
</bind>
</comp>

<comp id="102" class="1001" name="const_102">
<pin_list>
<pin id="103" dir="1" index="0" bw="1" slack="0"/>
</pin_list>
<bind>
<StgValue><ssdm name="_ssdm_op_Read.m_axi.p1i512"/></StgValue>
</bind>
</comp>

<comp id="104" class="1001" name="const_104">
<pin_list>
<pin id="105" dir="1" index="0" bw="1" slack="2147483647"/>
</pin_list>
<bind>
<StgValue><ssdm name="_ssdm_op_SpecPipeline"/></StgValue>
</bind>
</comp>

<comp id="106" class="1001" name="const_106">
<pin_list>
<pin id="107" dir="1" index="0" bw="1" slack="2147483647"/>
</pin_list>
<bind>
<StgValue><ssdm name="_ssdm_op_SpecLoopTripCount"/></StgValue>
</bind>
</comp>

<comp id="108" class="1001" name="const_108">
<pin_list>
<pin id="109" dir="1" index="0" bw="1" slack="2147483647"/>
</pin_list>
<bind>
<StgValue><ssdm name=""/></StgValue>
</bind>
</comp>

<comp id="110" class="1001" name="const_110">
<pin_list>
<pin id="111" dir="1" index="0" bw="1" slack="0"/>
</pin_list>
<bind>
<StgValue><ssdm name="_ssdm_op_PartSelect.i480.i512.i32.i32"/></StgValue>
</bind>
</comp>

<comp id="112" class="1001" name="const_112">
<pin_list>
<pin id="113" dir="1" index="0" bw="1" slack="0"/>
</pin_list>
<bind>
<StgValue><ssdm name=""/></StgValue>
</bind>
</comp>

<comp id="114" class="1001" name="const_114">
<pin_list>
<pin id="115" dir="1" index="0" bw="1" slack="0"/>
</pin_list>
<bind>
<StgValue><ssdm name=""/></StgValue>
</bind>
</comp>

<comp id="116" class="1001" name="const_116">
<pin_list>
<pin id="117" dir="1" index="0" bw="1" slack="0"/>
</pin_list>
<bind>
<StgValue><ssdm name=""/></StgValue>
</bind>
</comp>

<comp id="118" class="1004" name="shiftreg2387_fu_118">
<pin_list>
<pin id="119" dir="0" index="0" bw="1" slack="0"/>
<pin id="120" dir="1" index="1" bw="480" slack="0"/>
</pin_list>
<bind>
<opcode="alloca(26) " fcode="alloca"/>
<opset="shiftreg2387/1 "/>
</bind>
</comp>

<comp id="122" class="1004" name="loop_index7_fu_122">
<pin_list>
<pin id="123" dir="0" index="0" bw="1" slack="0"/>
<pin id="124" dir="1" index="1" bw="9" slack="0"/>
</pin_list>
<bind>
<opcode="alloca(26) " fcode="alloca"/>
<opset="loop_index7/1 "/>
</bind>
</comp>

<comp id="126" class="1004" name="sext_ln108_read_read_fu_126">
<pin_list>
<pin id="127" dir="0" index="0" bw="58" slack="0"/>
<pin id="128" dir="0" index="1" bw="58" slack="0"/>
<pin id="129" dir="1" index="2" bw="58" slack="0"/>
</pin_list>
<bind>
<opcode="read(1150) " fcode="read"/>
<opset="sext_ln108_read/1 "/>
</bind>
</comp>

<comp id="132" class="1004" name="systolic_addr_read_read_fu_132">
<pin_list>
<pin id="133" dir="0" index="0" bw="512" slack="0"/>
<pin id="134" dir="0" index="1" bw="512" slack="0"/>
<pin id="135" dir="1" index="2" bw="512" slack="1"/>
</pin_list>
<bind>
<opcode="read(1150) " fcode="read"/>
<opset="systolic_addr_read/2 "/>
</bind>
</comp>

<comp id="137" class="1004" name="localB_addr_gep_fu_137">
<pin_list>
<pin id="138" dir="0" index="0" bw="32" slack="0"/>
<pin id="139" dir="0" index="1" bw="1" slack="0"/>
<pin id="140" dir="0" index="2" bw="4" slack="0"/>
<pin id="141" dir="1" index="3" bw="4" slack="0"/>
</pin_list>
<bind>
<opcode="getelementptr(29) " fcode="getelementptr"/>
<opset="localB_addr/3 "/>
</bind>
</comp>

<comp id="144" class="1004" name="localB_1_addr_gep_fu_144">
<pin_list>
<pin id="145" dir="0" index="0" bw="32" slack="0"/>
<pin id="146" dir="0" index="1" bw="1" slack="0"/>
<pin id="147" dir="0" index="2" bw="4" slack="0"/>
<pin id="148" dir="1" index="3" bw="4" slack="0"/>
</pin_list>
<bind>
<opcode="getelementptr(29) " fcode="getelementptr"/>
<opset="localB_1_addr/3 "/>
</bind>
</comp>

<comp id="151" class="1004" name="localB_2_addr_gep_fu_151">
<pin_list>
<pin id="152" dir="0" index="0" bw="32" slack="0"/>
<pin id="153" dir="0" index="1" bw="1" slack="0"/>
<pin id="154" dir="0" index="2" bw="4" slack="0"/>
<pin id="155" dir="1" index="3" bw="4" slack="0"/>
</pin_list>
<bind>
<opcode="getelementptr(29) " fcode="getelementptr"/>
<opset="localB_2_addr/3 "/>
</bind>
</comp>

<comp id="158" class="1004" name="localB_3_addr_gep_fu_158">
<pin_list>
<pin id="159" dir="0" index="0" bw="32" slack="0"/>
<pin id="160" dir="0" index="1" bw="1" slack="0"/>
<pin id="161" dir="0" index="2" bw="4" slack="0"/>
<pin id="162" dir="1" index="3" bw="4" slack="0"/>
</pin_list>
<bind>
<opcode="getelementptr(29) " fcode="getelementptr"/>
<opset="localB_3_addr/3 "/>
</bind>
</comp>

<comp id="165" class="1004" name="localB_4_addr_gep_fu_165">
<pin_list>
<pin id="166" dir="0" index="0" bw="32" slack="0"/>
<pin id="167" dir="0" index="1" bw="1" slack="0"/>
<pin id="168" dir="0" index="2" bw="4" slack="0"/>
<pin id="169" dir="1" index="3" bw="4" slack="0"/>
</pin_list>
<bind>
<opcode="getelementptr(29) " fcode="getelementptr"/>
<opset="localB_4_addr/3 "/>
</bind>
</comp>

<comp id="172" class="1004" name="localB_5_addr_gep_fu_172">
<pin_list>
<pin id="173" dir="0" index="0" bw="32" slack="0"/>
<pin id="174" dir="0" index="1" bw="1" slack="0"/>
<pin id="175" dir="0" index="2" bw="4" slack="0"/>
<pin id="176" dir="1" index="3" bw="4" slack="0"/>
</pin_list>
<bind>
<opcode="getelementptr(29) " fcode="getelementptr"/>
<opset="localB_5_addr/3 "/>
</bind>
</comp>

<comp id="179" class="1004" name="localB_6_addr_gep_fu_179">
<pin_list>
<pin id="180" dir="0" index="0" bw="32" slack="0"/>
<pin id="181" dir="0" index="1" bw="1" slack="0"/>
<pin id="182" dir="0" index="2" bw="4" slack="0"/>
<pin id="183" dir="1" index="3" bw="4" slack="0"/>
</pin_list>
<bind>
<opcode="getelementptr(29) " fcode="getelementptr"/>
<opset="localB_6_addr/3 "/>
</bind>
</comp>

<comp id="186" class="1004" name="localB_7_addr_gep_fu_186">
<pin_list>
<pin id="187" dir="0" index="0" bw="32" slack="0"/>
<pin id="188" dir="0" index="1" bw="1" slack="0"/>
<pin id="189" dir="0" index="2" bw="4" slack="0"/>
<pin id="190" dir="1" index="3" bw="4" slack="0"/>
</pin_list>
<bind>
<opcode="getelementptr(29) " fcode="getelementptr"/>
<opset="localB_7_addr/3 "/>
</bind>
</comp>

<comp id="193" class="1004" name="localB_8_addr_gep_fu_193">
<pin_list>
<pin id="194" dir="0" index="0" bw="32" slack="0"/>
<pin id="195" dir="0" index="1" bw="1" slack="0"/>
<pin id="196" dir="0" index="2" bw="4" slack="0"/>
<pin id="197" dir="1" index="3" bw="4" slack="0"/>
</pin_list>
<bind>
<opcode="getelementptr(29) " fcode="getelementptr"/>
<opset="localB_8_addr/3 "/>
</bind>
</comp>

<comp id="200" class="1004" name="localB_9_addr_gep_fu_200">
<pin_list>
<pin id="201" dir="0" index="0" bw="32" slack="0"/>
<pin id="202" dir="0" index="1" bw="1" slack="0"/>
<pin id="203" dir="0" index="2" bw="4" slack="0"/>
<pin id="204" dir="1" index="3" bw="4" slack="0"/>
</pin_list>
<bind>
<opcode="getelementptr(29) " fcode="getelementptr"/>
<opset="localB_9_addr/3 "/>
</bind>
</comp>

<comp id="207" class="1004" name="localB_10_addr_gep_fu_207">
<pin_list>
<pin id="208" dir="0" index="0" bw="32" slack="0"/>
<pin id="209" dir="0" index="1" bw="1" slack="0"/>
<pin id="210" dir="0" index="2" bw="4" slack="0"/>
<pin id="211" dir="1" index="3" bw="4" slack="0"/>
</pin_list>
<bind>
<opcode="getelementptr(29) " fcode="getelementptr"/>
<opset="localB_10_addr/3 "/>
</bind>
</comp>

<comp id="214" class="1004" name="localB_11_addr_gep_fu_214">
<pin_list>
<pin id="215" dir="0" index="0" bw="32" slack="0"/>
<pin id="216" dir="0" index="1" bw="1" slack="0"/>
<pin id="217" dir="0" index="2" bw="4" slack="0"/>
<pin id="218" dir="1" index="3" bw="4" slack="0"/>
</pin_list>
<bind>
<opcode="getelementptr(29) " fcode="getelementptr"/>
<opset="localB_11_addr/3 "/>
</bind>
</comp>

<comp id="221" class="1004" name="localB_12_addr_gep_fu_221">
<pin_list>
<pin id="222" dir="0" index="0" bw="32" slack="0"/>
<pin id="223" dir="0" index="1" bw="1" slack="0"/>
<pin id="224" dir="0" index="2" bw="4" slack="0"/>
<pin id="225" dir="1" index="3" bw="4" slack="0"/>
</pin_list>
<bind>
<opcode="getelementptr(29) " fcode="getelementptr"/>
<opset="localB_12_addr/3 "/>
</bind>
</comp>

<comp id="228" class="1004" name="localB_13_addr_gep_fu_228">
<pin_list>
<pin id="229" dir="0" index="0" bw="32" slack="0"/>
<pin id="230" dir="0" index="1" bw="1" slack="0"/>
<pin id="231" dir="0" index="2" bw="4" slack="0"/>
<pin id="232" dir="1" index="3" bw="4" slack="0"/>
</pin_list>
<bind>
<opcode="getelementptr(29) " fcode="getelementptr"/>
<opset="localB_13_addr/3 "/>
</bind>
</comp>

<comp id="235" class="1004" name="localB_14_addr_gep_fu_235">
<pin_list>
<pin id="236" dir="0" index="0" bw="32" slack="0"/>
<pin id="237" dir="0" index="1" bw="1" slack="0"/>
<pin id="238" dir="0" index="2" bw="4" slack="0"/>
<pin id="239" dir="1" index="3" bw="4" slack="0"/>
</pin_list>
<bind>
<opcode="getelementptr(29) " fcode="getelementptr"/>
<opset="localB_14_addr/3 "/>
</bind>
</comp>

<comp id="242" class="1004" name="localB_15_addr_gep_fu_242">
<pin_list>
<pin id="243" dir="0" index="0" bw="32" slack="0"/>
<pin id="244" dir="0" index="1" bw="1" slack="0"/>
<pin id="245" dir="0" index="2" bw="4" slack="0"/>
<pin id="246" dir="1" index="3" bw="4" slack="0"/>
</pin_list>
<bind>
<opcode="getelementptr(29) " fcode="getelementptr"/>
<opset="localB_15_addr/3 "/>
</bind>
</comp>

<comp id="249" class="1004" name="store_ln108_access_fu_249">
<pin_list>
<pin id="250" dir="0" index="0" bw="4" slack="0"/>
<pin id="251" dir="0" index="1" bw="32" slack="0"/>
<pin id="252" dir="0" index="2" bw="0" slack="2147483647"/>
<pin id="253" dir="1" index="3" bw="32" slack="2147483647"/>
</pin_list>
<bind>
<opcode="store(28) " fcode="store"/>
<opset="store_ln108/3 "/>
</bind>
</comp>

<comp id="255" class="1004" name="store_ln108_access_fu_255">
<pin_list>
<pin id="256" dir="0" index="0" bw="4" slack="0"/>
<pin id="257" dir="0" index="1" bw="32" slack="0"/>
<pin id="258" dir="0" index="2" bw="0" slack="2147483647"/>
<pin id="259" dir="1" index="3" bw="32" slack="2147483647"/>
</pin_list>
<bind>
<opcode="store(28) " fcode="store"/>
<opset="store_ln108/3 "/>
</bind>
</comp>

<comp id="261" class="1004" name="store_ln108_access_fu_261">
<pin_list>
<pin id="262" dir="0" index="0" bw="4" slack="0"/>
<pin id="263" dir="0" index="1" bw="32" slack="0"/>
<pin id="264" dir="0" index="2" bw="0" slack="2147483647"/>
<pin id="265" dir="1" index="3" bw="32" slack="2147483647"/>
</pin_list>
<bind>
<opcode="store(28) " fcode="store"/>
<opset="store_ln108/3 "/>
</bind>
</comp>

<comp id="267" class="1004" name="store_ln108_access_fu_267">
<pin_list>
<pin id="268" dir="0" index="0" bw="4" slack="0"/>
<pin id="269" dir="0" index="1" bw="32" slack="0"/>
<pin id="270" dir="0" index="2" bw="0" slack="2147483647"/>
<pin id="271" dir="1" index="3" bw="32" slack="2147483647"/>
</pin_list>
<bind>
<opcode="store(28) " fcode="store"/>
<opset="store_ln108/3 "/>
</bind>
</comp>

<comp id="273" class="1004" name="store_ln108_access_fu_273">
<pin_list>
<pin id="274" dir="0" index="0" bw="4" slack="0"/>
<pin id="275" dir="0" index="1" bw="32" slack="0"/>
<pin id="276" dir="0" index="2" bw="0" slack="2147483647"/>
<pin id="277" dir="1" index="3" bw="32" slack="2147483647"/>
</pin_list>
<bind>
<opcode="store(28) " fcode="store"/>
<opset="store_ln108/3 "/>
</bind>
</comp>

<comp id="279" class="1004" name="store_ln108_access_fu_279">
<pin_list>
<pin id="280" dir="0" index="0" bw="4" slack="0"/>
<pin id="281" dir="0" index="1" bw="32" slack="0"/>
<pin id="282" dir="0" index="2" bw="0" slack="2147483647"/>
<pin id="283" dir="1" index="3" bw="32" slack="2147483647"/>
</pin_list>
<bind>
<opcode="store(28) " fcode="store"/>
<opset="store_ln108/3 "/>
</bind>
</comp>

<comp id="285" class="1004" name="store_ln108_access_fu_285">
<pin_list>
<pin id="286" dir="0" index="0" bw="4" slack="0"/>
<pin id="287" dir="0" index="1" bw="32" slack="0"/>
<pin id="288" dir="0" index="2" bw="0" slack="2147483647"/>
<pin id="289" dir="1" index="3" bw="32" slack="2147483647"/>
</pin_list>
<bind>
<opcode="store(28) " fcode="store"/>
<opset="store_ln108/3 "/>
</bind>
</comp>

<comp id="291" class="1004" name="store_ln108_access_fu_291">
<pin_list>
<pin id="292" dir="0" index="0" bw="4" slack="0"/>
<pin id="293" dir="0" index="1" bw="32" slack="0"/>
<pin id="294" dir="0" index="2" bw="0" slack="2147483647"/>
<pin id="295" dir="1" index="3" bw="32" slack="2147483647"/>
</pin_list>
<bind>
<opcode="store(28) " fcode="store"/>
<opset="store_ln108/3 "/>
</bind>
</comp>

<comp id="297" class="1004" name="store_ln108_access_fu_297">
<pin_list>
<pin id="298" dir="0" index="0" bw="4" slack="0"/>
<pin id="299" dir="0" index="1" bw="32" slack="0"/>
<pin id="300" dir="0" index="2" bw="0" slack="2147483647"/>
<pin id="301" dir="1" index="3" bw="32" slack="2147483647"/>
</pin_list>
<bind>
<opcode="store(28) " fcode="store"/>
<opset="store_ln108/3 "/>
</bind>
</comp>

<comp id="303" class="1004" name="store_ln108_access_fu_303">
<pin_list>
<pin id="304" dir="0" index="0" bw="4" slack="0"/>
<pin id="305" dir="0" index="1" bw="32" slack="0"/>
<pin id="306" dir="0" index="2" bw="0" slack="2147483647"/>
<pin id="307" dir="1" index="3" bw="32" slack="2147483647"/>
</pin_list>
<bind>
<opcode="store(28) " fcode="store"/>
<opset="store_ln108/3 "/>
</bind>
</comp>

<comp id="309" class="1004" name="store_ln108_access_fu_309">
<pin_list>
<pin id="310" dir="0" index="0" bw="4" slack="0"/>
<pin id="311" dir="0" index="1" bw="32" slack="0"/>
<pin id="312" dir="0" index="2" bw="0" slack="2147483647"/>
<pin id="313" dir="1" index="3" bw="32" slack="2147483647"/>
</pin_list>
<bind>
<opcode="store(28) " fcode="store"/>
<opset="store_ln108/3 "/>
</bind>
</comp>

<comp id="315" class="1004" name="store_ln108_access_fu_315">
<pin_list>
<pin id="316" dir="0" index="0" bw="4" slack="0"/>
<pin id="317" dir="0" index="1" bw="32" slack="0"/>
<pin id="318" dir="0" index="2" bw="0" slack="2147483647"/>
<pin id="319" dir="1" index="3" bw="32" slack="2147483647"/>
</pin_list>
<bind>
<opcode="store(28) " fcode="store"/>
<opset="store_ln108/3 "/>
</bind>
</comp>

<comp id="321" class="1004" name="store_ln108_access_fu_321">
<pin_list>
<pin id="322" dir="0" index="0" bw="4" slack="0"/>
<pin id="323" dir="0" index="1" bw="32" slack="0"/>
<pin id="324" dir="0" index="2" bw="0" slack="2147483647"/>
<pin id="325" dir="1" index="3" bw="32" slack="2147483647"/>
</pin_list>
<bind>
<opcode="store(28) " fcode="store"/>
<opset="store_ln108/3 "/>
</bind>
</comp>

<comp id="327" class="1004" name="store_ln108_access_fu_327">
<pin_list>
<pin id="328" dir="0" index="0" bw="4" slack="0"/>
<pin id="329" dir="0" index="1" bw="32" slack="0"/>
<pin id="330" dir="0" index="2" bw="0" slack="2147483647"/>
<pin id="331" dir="1" index="3" bw="32" slack="2147483647"/>
</pin_list>
<bind>
<opcode="store(28) " fcode="store"/>
<opset="store_ln108/3 "/>
</bind>
</comp>

<comp id="333" class="1004" name="store_ln108_access_fu_333">
<pin_list>
<pin id="334" dir="0" index="0" bw="4" slack="0"/>
<pin id="335" dir="0" index="1" bw="32" slack="0"/>
<pin id="336" dir="0" index="2" bw="0" slack="2147483647"/>
<pin id="337" dir="1" index="3" bw="32" slack="2147483647"/>
</pin_list>
<bind>
<opcode="store(28) " fcode="store"/>
<opset="store_ln108/3 "/>
</bind>
</comp>

<comp id="339" class="1004" name="store_ln108_access_fu_339">
<pin_list>
<pin id="340" dir="0" index="0" bw="4" slack="0"/>
<pin id="341" dir="0" index="1" bw="32" slack="0"/>
<pin id="342" dir="0" index="2" bw="0" slack="2147483647"/>
<pin id="343" dir="1" index="3" bw="32" slack="2147483647"/>
</pin_list>
<bind>
<opcode="store(28) " fcode="store"/>
<opset="store_ln108/3 "/>
</bind>
</comp>

<comp id="345" class="1005" name="empty_34_reg_345">
<pin_list>
<pin id="346" dir="0" index="0" bw="512" slack="2147483647"/>
<pin id="347" dir="1" index="1" bw="512" slack="2147483647"/>
</pin_list>
<bind>
<opset="empty_34 (phireg) "/>
</bind>
</comp>

<comp id="348" class="1004" name="empty_34_phi_fu_348">
<pin_list>
<pin id="349" dir="0" index="0" bw="512" slack="1"/>
<pin id="350" dir="0" index="1" bw="0" slack="2147483647"/>
<pin id="351" dir="0" index="2" bw="480" slack="0"/>
<pin id="352" dir="0" index="3" bw="0" slack="2147483647"/>
<pin id="353" dir="1" index="4" bw="512" slack="0"/>
</pin_list>
<bind>
<opcode="phi(47) " fcode="phi"/>
<opset="empty_34/3 "/>
</bind>
</comp>

<comp id="354" class="1004" name="sext_ln108_cast_fu_354">
<pin_list>
<pin id="355" dir="0" index="0" bw="58" slack="0"/>
<pin id="356" dir="1" index="1" bw="64" slack="1"/>
</pin_list>
<bind>
<opcode="sext(35) " fcode="sext"/>
<opset="sext_ln108_cast/1 "/>
</bind>
</comp>

<comp id="358" class="1004" name="store_ln0_store_fu_358">
<pin_list>
<pin id="359" dir="0" index="0" bw="1" slack="0"/>
<pin id="360" dir="0" index="1" bw="9" slack="0"/>
<pin id="361" dir="1" index="2" bw="0" slack="2147483647"/>
</pin_list>
<bind>
<opcode="store(28) " fcode="store"/>
<opset="store_ln0/1 "/>
</bind>
</comp>

<comp id="363" class="1004" name="store_ln0_store_fu_363">
<pin_list>
<pin id="364" dir="0" index="0" bw="1" slack="0"/>
<pin id="365" dir="0" index="1" bw="480" slack="0"/>
<pin id="366" dir="1" index="2" bw="0" slack="2147483647"/>
</pin_list>
<bind>
<opcode="store(28) " fcode="store"/>
<opset="store_ln0/1 "/>
</bind>
</comp>

<comp id="368" class="1004" name="loop_index7_load_load_fu_368">
<pin_list>
<pin id="369" dir="0" index="0" bw="9" slack="0"/>
<pin id="370" dir="1" index="1" bw="9" slack="0"/>
</pin_list>
<bind>
<opcode="load(27) " fcode="load"/>
<opset="loop_index7_load/1 "/>
</bind>
</comp>

<comp id="371" class="1004" name="exitcond15835_fu_371">
<pin_list>
<pin id="372" dir="0" index="0" bw="9" slack="0"/>
<pin id="373" dir="0" index="1" bw="9" slack="0"/>
<pin id="374" dir="1" index="2" bw="1" slack="1"/>
</pin_list>
<bind>
<opcode="icmp(45) " fcode="icmp"/>
<opset="exitcond15835/1 "/>
</bind>
</comp>

<comp id="377" class="1004" name="empty_fu_377">
<pin_list>
<pin id="378" dir="0" index="0" bw="9" slack="0"/>
<pin id="379" dir="0" index="1" bw="1" slack="0"/>
<pin id="380" dir="1" index="2" bw="9" slack="0"/>
</pin_list>
<bind>
<opcode="add(8) " fcode="add"/>
<opset="empty/1 "/>
</bind>
</comp>

<comp id="383" class="1004" name="empty_36_fu_383">
<pin_list>
<pin id="384" dir="0" index="0" bw="9" slack="0"/>
<pin id="385" dir="1" index="1" bw="4" slack="0"/>
</pin_list>
<bind>
<opcode="trunc(33) " fcode="trunc"/>
<opset="empty_36/1 "/>
</bind>
</comp>

<comp id="387" class="1004" name="empty_37_fu_387">
<pin_list>
<pin id="388" dir="0" index="0" bw="4" slack="0"/>
<pin id="389" dir="0" index="1" bw="4" slack="0"/>
<pin id="390" dir="1" index="2" bw="1" slack="1"/>
</pin_list>
<bind>
<opcode="icmp(45) " fcode="icmp"/>
<opset="empty_37/1 "/>
</bind>
</comp>

<comp id="393" class="1004" name="tmp_17_fu_393">
<pin_list>
<pin id="394" dir="0" index="0" bw="4" slack="0"/>
<pin id="395" dir="0" index="1" bw="9" slack="0"/>
<pin id="396" dir="0" index="2" bw="4" slack="0"/>
<pin id="397" dir="0" index="3" bw="4" slack="0"/>
<pin id="398" dir="1" index="4" bw="4" slack="2"/>
</pin_list>
<bind>
<opcode="partselect(1002) " fcode="partselect"/>
<opset="tmp_17/1 "/>
</bind>
</comp>

<comp id="403" class="1004" name="store_ln0_store_fu_403">
<pin_list>
<pin id="404" dir="0" index="0" bw="9" slack="0"/>
<pin id="405" dir="0" index="1" bw="9" slack="0"/>
<pin id="406" dir="1" index="2" bw="0" slack="2147483647"/>
</pin_list>
<bind>
<opcode="store(28) " fcode="store"/>
<opset="store_ln0/1 "/>
</bind>
</comp>

<comp id="408" class="1004" name="systolic_addr_fu_408">
<pin_list>
<pin id="409" dir="0" index="0" bw="64" slack="0"/>
<pin id="410" dir="0" index="1" bw="64" slack="1"/>
<pin id="411" dir="1" index="2" bw="64" slack="0"/>
</pin_list>
<bind>
<opcode="getelementptr(29) " fcode="getelementptr"/>
<opset="systolic_addr/2 "/>
</bind>
</comp>

<comp id="414" class="1004" name="shiftreg2387_load_load_fu_414">
<pin_list>
<pin id="415" dir="0" index="0" bw="480" slack="2"/>
<pin id="416" dir="1" index="1" bw="480" slack="0"/>
</pin_list>
<bind>
<opcode="load(27) " fcode="load"/>
<opset="shiftreg2387_load/3 "/>
</bind>
</comp>

<comp id="417" class="1004" name="shiftreg2387_cast_fu_417">
<pin_list>
<pin id="418" dir="0" index="0" bw="480" slack="0"/>
<pin id="419" dir="1" index="1" bw="512" slack="0"/>
</pin_list>
<bind>
<opcode="zext(34) " fcode="zext"/>
<opset="shiftreg2387_cast/3 "/>
</bind>
</comp>

<comp id="422" class="1004" name="empty_35_fu_422">
<pin_list>
<pin id="423" dir="0" index="0" bw="512" slack="0"/>
<pin id="424" dir="1" index="1" bw="32" slack="0"/>
</pin_list>
<bind>
<opcode="trunc(33) " fcode="trunc"/>
<opset="empty_35/3 "/>
</bind>
</comp>

<comp id="442" class="1004" name="p_cast8_fu_442">
<pin_list>
<pin id="443" dir="0" index="0" bw="480" slack="0"/>
<pin id="444" dir="0" index="1" bw="512" slack="0"/>
<pin id="445" dir="0" index="2" bw="7" slack="0"/>
<pin id="446" dir="0" index="3" bw="10" slack="0"/>
<pin id="447" dir="1" index="4" bw="480" slack="0"/>
</pin_list>
<bind>
<opcode="partselect(1002) " fcode="partselect"/>
<opset="p_cast8/3 "/>
</bind>
</comp>

<comp id="452" class="1004" name="p_cast11_fu_452">
<pin_list>
<pin id="453" dir="0" index="0" bw="4" slack="2"/>
<pin id="454" dir="1" index="1" bw="64" slack="0"/>
</pin_list>
<bind>
<opcode="zext(34) " fcode="zext"/>
<opset="p_cast11/3 "/>
</bind>
</comp>

<comp id="471" class="1004" name="store_ln108_store_fu_471">
<pin_list>
<pin id="472" dir="0" index="0" bw="480" slack="0"/>
<pin id="473" dir="0" index="1" bw="480" slack="2"/>
<pin id="474" dir="1" index="2" bw="0" slack="2147483647"/>
</pin_list>
<bind>
<opcode="store(28) " fcode="store"/>
<opset="store_ln108/3 "/>
</bind>
</comp>

<comp id="476" class="1005" name="shiftreg2387_reg_476">
<pin_list>
<pin id="477" dir="0" index="0" bw="480" slack="0"/>
<pin id="478" dir="1" index="1" bw="480" slack="0"/>
</pin_list>
<bind>
<opset="shiftreg2387 "/>
</bind>
</comp>

<comp id="483" class="1005" name="loop_index7_reg_483">
<pin_list>
<pin id="484" dir="0" index="0" bw="9" slack="0"/>
<pin id="485" dir="1" index="1" bw="9" slack="0"/>
</pin_list>
<bind>
<opset="loop_index7 "/>
</bind>
</comp>

<comp id="490" class="1005" name="sext_ln108_cast_reg_490">
<pin_list>
<pin id="491" dir="0" index="0" bw="64" slack="1"/>
<pin id="492" dir="1" index="1" bw="64" slack="1"/>
</pin_list>
<bind>
<opset="sext_ln108_cast "/>
</bind>
</comp>

<comp id="495" class="1005" name="exitcond15835_reg_495">
<pin_list>
<pin id="496" dir="0" index="0" bw="1" slack="1"/>
<pin id="497" dir="1" index="1" bw="1" slack="2147483647"/>
</pin_list>
<bind>
<opset="exitcond15835 "/>
</bind>
</comp>

<comp id="499" class="1005" name="empty_36_reg_499">
<pin_list>
<pin id="500" dir="0" index="0" bw="4" slack="2"/>
<pin id="501" dir="1" index="1" bw="4" slack="2147483647"/>
</pin_list>
<bind>
<opset="empty_36 "/>
</bind>
</comp>

<comp id="503" class="1005" name="empty_37_reg_503">
<pin_list>
<pin id="504" dir="0" index="0" bw="1" slack="1"/>
<pin id="505" dir="1" index="1" bw="1" slack="2147483647"/>
</pin_list>
<bind>
<opset="empty_37 "/>
</bind>
</comp>

<comp id="507" class="1005" name="tmp_17_reg_507">
<pin_list>
<pin id="508" dir="0" index="0" bw="4" slack="2"/>
<pin id="509" dir="1" index="1" bw="4" slack="2"/>
</pin_list>
<bind>
<opset="tmp_17 "/>
</bind>
</comp>

<comp id="512" class="1005" name="systolic_addr_read_reg_512">
<pin_list>
<pin id="513" dir="0" index="0" bw="512" slack="1"/>
<pin id="514" dir="1" index="1" bw="512" slack="1"/>
</pin_list>
<bind>
<opset="systolic_addr_read "/>
</bind>
</comp>

</comp_list>

<net_list>
<net id="121"><net_src comp="36" pin="0"/><net_sink comp="118" pin=0"/></net>

<net id="125"><net_src comp="36" pin="0"/><net_sink comp="122" pin=0"/></net>

<net id="130"><net_src comp="38" pin="0"/><net_sink comp="126" pin=0"/></net>

<net id="131"><net_src comp="34" pin="0"/><net_sink comp="126" pin=1"/></net>

<net id="136"><net_src comp="102" pin="0"/><net_sink comp="132" pin=0"/></net>

<net id="142"><net_src comp="2" pin="0"/><net_sink comp="137" pin=0"/></net>

<net id="143"><net_src comp="116" pin="0"/><net_sink comp="137" pin=1"/></net>

<net id="149"><net_src comp="4" pin="0"/><net_sink comp="144" pin=0"/></net>

<net id="150"><net_src comp="116" pin="0"/><net_sink comp="144" pin=1"/></net>

<net id="156"><net_src comp="6" pin="0"/><net_sink comp="151" pin=0"/></net>

<net id="157"><net_src comp="116" pin="0"/><net_sink comp="151" pin=1"/></net>

<net id="163"><net_src comp="8" pin="0"/><net_sink comp="158" pin=0"/></net>

<net id="164"><net_src comp="116" pin="0"/><net_sink comp="158" pin=1"/></net>

<net id="170"><net_src comp="10" pin="0"/><net_sink comp="165" pin=0"/></net>

<net id="171"><net_src comp="116" pin="0"/><net_sink comp="165" pin=1"/></net>

<net id="177"><net_src comp="12" pin="0"/><net_sink comp="172" pin=0"/></net>

<net id="178"><net_src comp="116" pin="0"/><net_sink comp="172" pin=1"/></net>

<net id="184"><net_src comp="14" pin="0"/><net_sink comp="179" pin=0"/></net>

<net id="185"><net_src comp="116" pin="0"/><net_sink comp="179" pin=1"/></net>

<net id="191"><net_src comp="16" pin="0"/><net_sink comp="186" pin=0"/></net>

<net id="192"><net_src comp="116" pin="0"/><net_sink comp="186" pin=1"/></net>

<net id="198"><net_src comp="18" pin="0"/><net_sink comp="193" pin=0"/></net>

<net id="199"><net_src comp="116" pin="0"/><net_sink comp="193" pin=1"/></net>

<net id="205"><net_src comp="20" pin="0"/><net_sink comp="200" pin=0"/></net>

<net id="206"><net_src comp="116" pin="0"/><net_sink comp="200" pin=1"/></net>

<net id="212"><net_src comp="22" pin="0"/><net_sink comp="207" pin=0"/></net>

<net id="213"><net_src comp="116" pin="0"/><net_sink comp="207" pin=1"/></net>

<net id="219"><net_src comp="24" pin="0"/><net_sink comp="214" pin=0"/></net>

<net id="220"><net_src comp="116" pin="0"/><net_sink comp="214" pin=1"/></net>

<net id="226"><net_src comp="26" pin="0"/><net_sink comp="221" pin=0"/></net>

<net id="227"><net_src comp="116" pin="0"/><net_sink comp="221" pin=1"/></net>

<net id="233"><net_src comp="28" pin="0"/><net_sink comp="228" pin=0"/></net>

<net id="234"><net_src comp="116" pin="0"/><net_sink comp="228" pin=1"/></net>

<net id="240"><net_src comp="30" pin="0"/><net_sink comp="235" pin=0"/></net>

<net id="241"><net_src comp="116" pin="0"/><net_sink comp="235" pin=1"/></net>

<net id="247"><net_src comp="32" pin="0"/><net_sink comp="242" pin=0"/></net>

<net id="248"><net_src comp="116" pin="0"/><net_sink comp="242" pin=1"/></net>

<net id="254"><net_src comp="235" pin="3"/><net_sink comp="249" pin=0"/></net>

<net id="260"><net_src comp="228" pin="3"/><net_sink comp="255" pin=0"/></net>

<net id="266"><net_src comp="221" pin="3"/><net_sink comp="261" pin=0"/></net>

<net id="272"><net_src comp="214" pin="3"/><net_sink comp="267" pin=0"/></net>

<net id="278"><net_src comp="207" pin="3"/><net_sink comp="273" pin=0"/></net>

<net id="284"><net_src comp="200" pin="3"/><net_sink comp="279" pin=0"/></net>

<net id="290"><net_src comp="193" pin="3"/><net_sink comp="285" pin=0"/></net>

<net id="296"><net_src comp="186" pin="3"/><net_sink comp="291" pin=0"/></net>

<net id="302"><net_src comp="179" pin="3"/><net_sink comp="297" pin=0"/></net>

<net id="308"><net_src comp="172" pin="3"/><net_sink comp="303" pin=0"/></net>

<net id="314"><net_src comp="165" pin="3"/><net_sink comp="309" pin=0"/></net>

<net id="320"><net_src comp="158" pin="3"/><net_sink comp="315" pin=0"/></net>

<net id="326"><net_src comp="151" pin="3"/><net_sink comp="321" pin=0"/></net>

<net id="332"><net_src comp="144" pin="3"/><net_sink comp="327" pin=0"/></net>

<net id="338"><net_src comp="137" pin="3"/><net_sink comp="333" pin=0"/></net>

<net id="344"><net_src comp="242" pin="3"/><net_sink comp="339" pin=0"/></net>

<net id="357"><net_src comp="126" pin="2"/><net_sink comp="354" pin=0"/></net>

<net id="362"><net_src comp="56" pin="0"/><net_sink comp="358" pin=0"/></net>

<net id="367"><net_src comp="58" pin="0"/><net_sink comp="363" pin=0"/></net>

<net id="375"><net_src comp="368" pin="1"/><net_sink comp="371" pin=0"/></net>

<net id="376"><net_src comp="62" pin="0"/><net_sink comp="371" pin=1"/></net>

<net id="381"><net_src comp="368" pin="1"/><net_sink comp="377" pin=0"/></net>

<net id="382"><net_src comp="64" pin="0"/><net_sink comp="377" pin=1"/></net>

<net id="386"><net_src comp="368" pin="1"/><net_sink comp="383" pin=0"/></net>

<net id="391"><net_src comp="383" pin="1"/><net_sink comp="387" pin=0"/></net>

<net id="392"><net_src comp="66" pin="0"/><net_sink comp="387" pin=1"/></net>

<net id="399"><net_src comp="68" pin="0"/><net_sink comp="393" pin=0"/></net>

<net id="400"><net_src comp="368" pin="1"/><net_sink comp="393" pin=1"/></net>

<net id="401"><net_src comp="70" pin="0"/><net_sink comp="393" pin=2"/></net>

<net id="402"><net_src comp="72" pin="0"/><net_sink comp="393" pin=3"/></net>

<net id="407"><net_src comp="377" pin="2"/><net_sink comp="403" pin=0"/></net>

<net id="412"><net_src comp="0" pin="0"/><net_sink comp="408" pin=0"/></net>

<net id="413"><net_src comp="408" pin="2"/><net_sink comp="132" pin=1"/></net>

<net id="420"><net_src comp="414" pin="1"/><net_sink comp="417" pin=0"/></net>

<net id="421"><net_src comp="417" pin="1"/><net_sink comp="348" pin=2"/></net>

<net id="425"><net_src comp="348" pin="4"/><net_sink comp="422" pin=0"/></net>

<net id="426"><net_src comp="422" pin="1"/><net_sink comp="249" pin=1"/></net>

<net id="427"><net_src comp="422" pin="1"/><net_sink comp="255" pin=1"/></net>

<net id="428"><net_src comp="422" pin="1"/><net_sink comp="261" pin=1"/></net>

<net id="429"><net_src comp="422" pin="1"/><net_sink comp="267" pin=1"/></net>

<net id="430"><net_src comp="422" pin="1"/><net_sink comp="273" pin=1"/></net>

<net id="431"><net_src comp="422" pin="1"/><net_sink comp="279" pin=1"/></net>

<net id="432"><net_src comp="422" pin="1"/><net_sink comp="285" pin=1"/></net>

<net id="433"><net_src comp="422" pin="1"/><net_sink comp="291" pin=1"/></net>

<net id="434"><net_src comp="422" pin="1"/><net_sink comp="297" pin=1"/></net>

<net id="435"><net_src comp="422" pin="1"/><net_sink comp="303" pin=1"/></net>

<net id="436"><net_src comp="422" pin="1"/><net_sink comp="309" pin=1"/></net>

<net id="437"><net_src comp="422" pin="1"/><net_sink comp="315" pin=1"/></net>

<net id="438"><net_src comp="422" pin="1"/><net_sink comp="321" pin=1"/></net>

<net id="439"><net_src comp="422" pin="1"/><net_sink comp="327" pin=1"/></net>

<net id="440"><net_src comp="422" pin="1"/><net_sink comp="333" pin=1"/></net>

<net id="441"><net_src comp="422" pin="1"/><net_sink comp="339" pin=1"/></net>

<net id="448"><net_src comp="110" pin="0"/><net_sink comp="442" pin=0"/></net>

<net id="449"><net_src comp="348" pin="4"/><net_sink comp="442" pin=1"/></net>

<net id="450"><net_src comp="112" pin="0"/><net_sink comp="442" pin=2"/></net>

<net id="451"><net_src comp="114" pin="0"/><net_sink comp="442" pin=3"/></net>

<net id="455"><net_src comp="452" pin="1"/><net_sink comp="137" pin=2"/></net>

<net id="456"><net_src comp="452" pin="1"/><net_sink comp="144" pin=2"/></net>

<net id="457"><net_src comp="452" pin="1"/><net_sink comp="151" pin=2"/></net>

<net id="458"><net_src comp="452" pin="1"/><net_sink comp="158" pin=2"/></net>

<net id="459"><net_src comp="452" pin="1"/><net_sink comp="165" pin=2"/></net>

<net id="460"><net_src comp="452" pin="1"/><net_sink comp="172" pin=2"/></net>

<net id="461"><net_src comp="452" pin="1"/><net_sink comp="179" pin=2"/></net>

<net id="462"><net_src comp="452" pin="1"/><net_sink comp="186" pin=2"/></net>

<net id="463"><net_src comp="452" pin="1"/><net_sink comp="193" pin=2"/></net>

<net id="464"><net_src comp="452" pin="1"/><net_sink comp="200" pin=2"/></net>

<net id="465"><net_src comp="452" pin="1"/><net_sink comp="207" pin=2"/></net>

<net id="466"><net_src comp="452" pin="1"/><net_sink comp="214" pin=2"/></net>

<net id="467"><net_src comp="452" pin="1"/><net_sink comp="221" pin=2"/></net>

<net id="468"><net_src comp="452" pin="1"/><net_sink comp="228" pin=2"/></net>

<net id="469"><net_src comp="452" pin="1"/><net_sink comp="235" pin=2"/></net>

<net id="470"><net_src comp="452" pin="1"/><net_sink comp="242" pin=2"/></net>

<net id="475"><net_src comp="442" pin="4"/><net_sink comp="471" pin=0"/></net>

<net id="479"><net_src comp="118" pin="1"/><net_sink comp="476" pin=0"/></net>

<net id="480"><net_src comp="476" pin="1"/><net_sink comp="363" pin=1"/></net>

<net id="481"><net_src comp="476" pin="1"/><net_sink comp="414" pin=0"/></net>

<net id="482"><net_src comp="476" pin="1"/><net_sink comp="471" pin=1"/></net>

<net id="486"><net_src comp="122" pin="1"/><net_sink comp="483" pin=0"/></net>

<net id="487"><net_src comp="483" pin="1"/><net_sink comp="358" pin=1"/></net>

<net id="488"><net_src comp="483" pin="1"/><net_sink comp="368" pin=0"/></net>

<net id="489"><net_src comp="483" pin="1"/><net_sink comp="403" pin=1"/></net>

<net id="493"><net_src comp="354" pin="1"/><net_sink comp="490" pin=0"/></net>

<net id="494"><net_src comp="490" pin="1"/><net_sink comp="408" pin=1"/></net>

<net id="498"><net_src comp="371" pin="2"/><net_sink comp="495" pin=0"/></net>

<net id="502"><net_src comp="383" pin="1"/><net_sink comp="499" pin=0"/></net>

<net id="506"><net_src comp="387" pin="2"/><net_sink comp="503" pin=0"/></net>

<net id="510"><net_src comp="393" pin="4"/><net_sink comp="507" pin=0"/></net>

<net id="511"><net_src comp="507" pin="1"/><net_sink comp="452" pin=0"/></net>

<net id="515"><net_src comp="132" pin="2"/><net_sink comp="512" pin=0"/></net>

<net id="516"><net_src comp="512" pin="1"/><net_sink comp="348" pin=0"/></net>

</net_list>

</model> 
---------------- Datapath Model END ------------------

* FSMD analyzer results:
  - Output states:
	Port: systolic | {}
	Port: localB | {3 }
	Port: localB_1 | {3 }
	Port: localB_2 | {3 }
	Port: localB_3 | {3 }
	Port: localB_4 | {3 }
	Port: localB_5 | {3 }
	Port: localB_6 | {3 }
	Port: localB_7 | {3 }
	Port: localB_8 | {3 }
	Port: localB_9 | {3 }
	Port: localB_10 | {3 }
	Port: localB_11 | {3 }
	Port: localB_12 | {3 }
	Port: localB_13 | {3 }
	Port: localB_14 | {3 }
	Port: localB_15 | {3 }
 - Input state : 
	Port: mmult_Pipeline_2 : systolic | {2 }
	Port: mmult_Pipeline_2 : sext_ln108 | {1 }
  - Chain level:
	State 1
		store_ln0 : 1
		store_ln0 : 1
		loop_index7_load : 1
		exitcond15835 : 2
		empty : 2
		br_ln0 : 3
		empty_36 : 2
		empty_37 : 3
		tmp_17 : 2
		switch_ln0 : 3
		store_ln0 : 3
	State 2
		systolic_addr_read : 1
	State 3
		shiftreg2387_cast : 1
		empty_34 : 2
		empty_35 : 3
		p_cast8 : 3
		localB_addr : 1
		localB_1_addr : 1
		localB_2_addr : 1
		localB_3_addr : 1
		localB_4_addr : 1
		localB_5_addr : 1
		localB_6_addr : 1
		localB_7_addr : 1
		localB_8_addr : 1
		localB_9_addr : 1
		localB_10_addr : 1
		localB_11_addr : 1
		localB_12_addr : 1
		localB_13_addr : 1
		localB_14_addr : 1
		localB_15_addr : 1
		store_ln108 : 4
		store_ln108 : 4
		store_ln108 : 4
		store_ln108 : 4
		store_ln108 : 4
		store_ln108 : 4
		store_ln108 : 4
		store_ln108 : 4
		store_ln108 : 4
		store_ln108 : 4
		store_ln108 : 4
		store_ln108 : 4
		store_ln108 : 4
		store_ln108 : 4
		store_ln108 : 4
		store_ln108 : 4
		store_ln108 : 4


============================================================
+ Verbose Summary: Datapath Resource usage 
============================================================

* Functional unit list:
|----------|--------------------------------|---------|---------|
| Operation|         Functional Unit        |    FF   |   LUT   |
|----------|--------------------------------|---------|---------|
|   icmp   |      exitcond15835_fu_371      |    0    |    16   |
|          |         empty_37_fu_387        |    0    |    12   |
|----------|--------------------------------|---------|---------|
|    add   |          empty_fu_377          |    0    |    16   |
|----------|--------------------------------|---------|---------|
|   read   |   sext_ln108_read_read_fu_126  |    0    |    0    |
|          | systolic_addr_read_read_fu_132 |    0    |    0    |
|----------|--------------------------------|---------|---------|
|   sext   |     sext_ln108_cast_fu_354     |    0    |    0    |
|----------|--------------------------------|---------|---------|
|   trunc  |         empty_36_fu_383        |    0    |    0    |
|          |         empty_35_fu_422        |    0    |    0    |
|----------|--------------------------------|---------|---------|
|partselect|          tmp_17_fu_393         |    0    |    0    |
|          |         p_cast8_fu_442         |    0    |    0    |
|----------|--------------------------------|---------|---------|
|   zext   |    shiftreg2387_cast_fu_417    |    0    |    0    |
|          |         p_cast11_fu_452        |    0    |    0    |
|----------|--------------------------------|---------|---------|
|   Total  |                                |    0    |    44   |
|----------|--------------------------------|---------|---------|

Memories:
N/A

* Register list:
+--------------------------+--------+
|                          |   FF   |
+--------------------------+--------+
|     empty_34_reg_345     |   512  |
|     empty_36_reg_499     |    4   |
|     empty_37_reg_503     |    1   |
|   exitcond15835_reg_495  |    1   |
|    loop_index7_reg_483   |    9   |
|  sext_ln108_cast_reg_490 |   64   |
|   shiftreg2387_reg_476   |   480  |
|systolic_addr_read_reg_512|   512  |
|      tmp_17_reg_507      |    4   |
+--------------------------+--------+
|           Total          |  1587  |
+--------------------------+--------+

* Multiplexer (MUX) list: 
|--------|------|------|------|--------|
|  Comp  |  Pin | Size |  BW  | S x BW |
|--------|------|------|------|--------|
|  Total |      |      |      |    0   |
|--------|------|------|------|--------|



* Summary:
+-----------+--------+--------+
|           |   FF   |   LUT  |
+-----------+--------+--------+
|  Function |    0   |   44   |
|   Memory  |    -   |    -   |
|Multiplexer|    -   |    -   |
|  Register |  1587  |    -   |
+-----------+--------+--------+
|   Total   |  1587  |   44   |
+-----------+--------+--------+
