/work/amotta/RecoNIC/shell/compute/lookside/mmult.tcl:16:9: warning: HLS pragma dump _XLX_SEP_ PragmaIsValid=1_XLX_SEP_ PragmaType=top_XLX_SEP_ PragmaContext=directive_XLX_SEP_ PragmaFunction=mmult_XLX_SEP_ PragmaOptions=name=mmult_XLX_SEP_ [-Wdump-hls-pragmas]
#pragma HLSDIRECTIVE TOP name=mmult
        ^
mmult.cpp:76:9: warning: HLS pragma dump _XLX_SEP_ PragmaIsValid=1_XLX_SEP_ PragmaType=interface_XLX_SEP_ PragmaContext=_XLX_SEP_ PragmaFunction=mmult_XLX_SEP_ PragmaOptions=m_axi port=a offset=direct bundle=systolic_XLX_SEP_ [-Wdump-hls-pragmas]
#pragma HLS INTERFACE m_axi port=a offset=direct bundle=systolic
        ^
mmult.cpp:77:9: warning: HLS pragma dump _XLX_SEP_ PragmaIsValid=1_XLX_SEP_ PragmaType=interface_XLX_SEP_ PragmaContext=_XLX_SEP_ PragmaFunction=mmult_XLX_SEP_ PragmaOptions=m_axi port=b offset=direct bundle=systolic_XLX_SEP_ [-Wdump-hls-pragmas]
#pragma HLS INTERFACE m_axi port=b offset=direct bundle=systolic
        ^
mmult.cpp:78:9: warning: HLS pragma dump _XLX_SEP_ PragmaIsValid=1_XLX_SEP_ PragmaType=interface_XLX_SEP_ PragmaContext=_XLX_SEP_ PragmaFunction=mmult_XLX_SEP_ PragmaOptions=m_axi port=c offset=direct bundle=systolic_XLX_SEP_ [-Wdump-hls-pragmas]
#pragma HLS INTERFACE m_axi port=c offset=direct bundle=systolic
        ^
mmult.cpp:80:9: warning: HLS pragma dump _XLX_SEP_ PragmaIsValid=1_XLX_SEP_ PragmaType=interface_XLX_SEP_ PragmaContext=_XLX_SEP_ PragmaFunction=mmult_XLX_SEP_ PragmaOptions=ap_vld port=a_row_XLX_SEP_ [-Wdump-hls-pragmas]
#pragma HLS INTERFACE ap_vld port=a_row
        ^
mmult.cpp:81:9: warning: HLS pragma dump _XLX_SEP_ PragmaIsValid=1_XLX_SEP_ PragmaType=interface_XLX_SEP_ PragmaContext=_XLX_SEP_ PragmaFunction=mmult_XLX_SEP_ PragmaOptions=ap_vld port=a_col_XLX_SEP_ [-Wdump-hls-pragmas]
#pragma HLS INTERFACE ap_vld port=a_col
        ^
mmult.cpp:82:9: warning: HLS pragma dump _XLX_SEP_ PragmaIsValid=1_XLX_SEP_ PragmaType=interface_XLX_SEP_ PragmaContext=_XLX_SEP_ PragmaFunction=mmult_XLX_SEP_ PragmaOptions=ap_vld port=b_col_XLX_SEP_ [-Wdump-hls-pragmas]
#pragma HLS INTERFACE ap_vld port=b_col
        ^
mmult.cpp:83:9: warning: HLS pragma dump _XLX_SEP_ PragmaIsValid=1_XLX_SEP_ PragmaType=interface_XLX_SEP_ PragmaContext=_XLX_SEP_ PragmaFunction=mmult_XLX_SEP_ PragmaOptions=ap_vld port=work_id_XLX_SEP_ [-Wdump-hls-pragmas]
#pragma HLS INTERFACE ap_vld port=work_id
        ^
mmult.cpp:85:9: warning: HLS pragma dump _XLX_SEP_ PragmaIsValid=1_XLX_SEP_ PragmaType=interface_XLX_SEP_ PragmaContext=_XLX_SEP_ PragmaFunction=mmult_XLX_SEP_ PragmaOptions=mode=ap_ctrl_hs port=return_XLX_SEP_ [-Wdump-hls-pragmas]
#pragma HLS INTERFACE mode=ap_ctrl_hs port=return
        ^
mmult.cpp:93:9: warning: HLS pragma dump _XLX_SEP_ PragmaIsValid=1_XLX_SEP_ PragmaType=array_partition_XLX_SEP_ PragmaContext=_XLX_SEP_ PragmaFunction=mmult_XLX_SEP_ PragmaOptions=variable=localA dim=1 complete_XLX_SEP_ [-Wdump-hls-pragmas]
#pragma HLS ARRAY_PARTITION variable=localA dim=1 complete
        ^
mmult.cpp:96:9: warning: HLS pragma dump _XLX_SEP_ PragmaIsValid=1_XLX_SEP_ PragmaType=array_partition_XLX_SEP_ PragmaContext=_XLX_SEP_ PragmaFunction=mmult_XLX_SEP_ PragmaOptions=variable=localB dim=2 complete_XLX_SEP_ [-Wdump-hls-pragmas]
#pragma HLS ARRAY_PARTITION variable=localB dim=2 complete
        ^
mmult.cpp:99:9: warning: HLS pragma dump _XLX_SEP_ PragmaIsValid=1_XLX_SEP_ PragmaType=array_partition_XLX_SEP_ PragmaContext=_XLX_SEP_ PragmaFunction=mmult_XLX_SEP_ PragmaOptions=variable = localC dim = 0 complete_XLX_SEP_ [-Wdump-hls-pragmas]
#pragma HLS ARRAY_PARTITION variable = localC dim = 0 complete
        ^
mmult.cpp:151:9: warning: HLS pragma dump _XLX_SEP_ PragmaIsValid=1_XLX_SEP_ PragmaType=loop_tripcount_XLX_SEP_ PragmaContext=_XLX_SEP_ PragmaFunction=mmult_XLX_SEP_ PragmaOptions=min=c_size max=c_size_XLX_SEP_ [-Wdump-hls-pragmas]
#pragma HLS LOOP_TRIPCOUNT min=c_size max=c_size
        ^
mmult.cpp:152:9: warning: HLS pragma dump _XLX_SEP_ PragmaIsValid=1_XLX_SEP_ PragmaType=pipeline_XLX_SEP_ PragmaContext=_XLX_SEP_ PragmaFunction=mmult_XLX_SEP_ PragmaOptions=II=1_XLX_SEP_ [-Wdump-hls-pragmas]
#pragma HLS PIPELINE II=1
        ^
14 warnings generated.
