#-----------------------------------------------------------
# Vivado v2024.2 (64-bit)
# SW Build 5239630 on Fri Nov 08 22:34:34 MST 2024
# IP Build 5239520 on Sun Nov 10 16:12:51 MST 2024
# SharedData Build 5239561 on Fri Nov 08 14:39:27 MST 2024
# Start of session at: Mon Nov 24 17:28:00 2025
# Process ID         : 280831
# Current directory  : /work/amotta/RecoNIC/scripts
# Command line       : vivado -mode tcl -source program_hw.tcl -tclargs -target_id XFL1IAEL2T33A -remote_host
# Log file           : /work/amotta/RecoNIC/scripts/vivado.log
# Journal file       : /work/amotta/RecoNIC/scripts/vivado.jou
# Running On         : bueno
# Platform           : Ubuntu
# Operating System   : Ubuntu 22.04.5 LTS
# Processor Detail   : Intel(R) Core(TM) i5-14400
# CPU Frequency      : 800.000 MHz
# CPU Physical cores : 10
# CPU Logical cores  : 16
# Host memory        : 67178 MB
# Swap memory        : 2147 MB
# Total Virtual      : 69325 MB
# Available Virtual  : 59959 MB
#-----------------------------------------------------------
source program_hw.tcl
# set root_dir [file normalize ..]
# set script_dir ${root_dir}/script
# set nic_dir ${root_dir}/base_nics/open-nic-shell
# set default_bitstream ${nic_dir}/build/au55c/open_nic_shell/open_nic_shell.runs/impl_1/open_nic_shell.bit
# set default_config_file ${nic_dir}/build/au55c/open_nic_shell/open_nic_shell.runs/impl_1/open_nic_shell.ltx
# puts "root_dir   : $root_dir"
root_dir   : /work/amotta/RecoNIC
# puts "script_dir : $script_dir"
script_dir : /work/amotta/RecoNIC/script
# puts "nic_dir    : $nic_dir"
nic_dir    : /work/amotta/RecoNIC/base_nics/open-nic-shell
# set hw_device_id "xcu280_u55c_0"
# proc getFileSuffix {filename} {
#   set suffix [file extension $filename]
#   return [string range $suffix 1 end]
# }
# array set prog_options {
#     -prog_file   ""
#     -config_file ""
#     -remote_host ""
#     -target_id   ""
# }
# for {set i 0} {$i < $argc} {incr i 2} {
#     set arg [lindex $argv $i]
#     set val [lindex $argv [expr $i+1]]
#     if {[info exists prog_options($arg)]} {
#         set prog_options($arg) $val
#         puts "Set programming option $arg to $val"
#     } else {
#         puts "Skip unknown argument $arg and its value $val"
#     }
# }
Set programming option -target_id to XFL1IAEL2T33A
Set programming option -remote_host to 
# foreach {key value} [array get prog_options] {
#     set [string range $key 1 end] $value
# }
# if {[string equal $target_id ""]} {
#     puts "Error: Please provide a hardware target ID for FPGA programming"
#     quit
# }
# if {[string equal $prog_file ""]} {
#     set prog_file $default_bitstream
# }
# if {[string equal $config_file ""]} {
#     set config_file $default_config_file
# }
# set file_type [getFileSuffix $prog_file]
# puts "Programming file: $prog_file"
Programming file: /work/amotta/RecoNIC/base_nics/open-nic-shell/build/au55c/open_nic_shell/open_nic_shell.runs/impl_1/open_nic_shell.bit
# puts "Configuration file: $config_file"
Configuration file: /work/amotta/RecoNIC/base_nics/open-nic-shell/build/au55c/open_nic_shell/open_nic_shell.runs/impl_1/open_nic_shell.ltx
# puts "Hardware target name ID: $target_id"
Hardware target name ID: XFL1IAEL2T33A
# puts "Open hardware manager and connect to hardware server"
Open hardware manager and connect to hardware server
# open_hw_manager
# if {[string equal $remote_host ""]} {
#     connect_hw_server -allow_non_jtag
# } else {
#     puts "Connecting remote hw_server"
#     connect_hw_server -url $remote_host:3121 -allow_non_jtag
# }
INFO: [Labtools 27-2285] Connecting to hw_server url TCP:localhost:3121
INFO: [Labtools 27-2222] Launching hw_server...
INFO: [Labtools 27-2221] Launch Output:

****** Xilinx hw_server v2024.2
  **** Build date : Oct 29 2024 at 10:16:47
    ** Copyright 1986-2022 Xilinx, Inc. All Rights Reserved.


INFO: [Labtools 27-3415] Connecting to cs_server url TCP:localhost:0
INFO: [Labtools 27-3417] Launching cs_server...
INFO: [Labtools 27-2221] Launch Output:


******** Xilinx cs_server v2024.2.0
  ****** Build date   : Oct 30 2024-19:19:07
    **** Build number : 2024.2.1730312347
      ** Copyright 2017-2022 Xilinx, Inc. All Rights Reserved.
      ** Copyright 2022-2025 Advanced Micro Devices, Inc. All Rights Reserved.



# current_hw_target [get_hw_targets */xilinx_tcf/Xilinx/$target_id]
# set_property PARAM.FREQUENCY 15000000 [get_hw_targets */xilinx_tcf/Xilinx/$target_id]
# puts "Open hardware target device"
Open hardware target device
# open_hw_target
INFO: [Labtoolstcl 44-466] Opening hw_target localhost:3121/xilinx_tcf/Xilinx/XFL1IAEL2T33A
# current_hw_device [get_hw_devices $hw_device_id]
# if {[string equal $file_type "bit"]} {
#     puts "Program FPGA with bitstream..."
#     set_property PROGRAM.FILE ${prog_file} [get_hw_devices $hw_device_id]
#     set_property PROBES.FILE ${config_file} [get_hw_devices $hw_device_id]
#     set_property FULL_PROBES.FILE ${config_file} [get_hw_devices $hw_device_id]
#     puts "Start programming FPGA..."
#     program_hw_devices [get_hw_devices $hw_device_id]
#     refresh_hw_device [lindex [get_hw_devices $hw_device_id] 0]
#     puts "Success: Programming is done"
# } elseif {[string equal $file_type "mcs"]} {
#     puts "Program FPGA with configuration memory devices..."
#     set_property PROBES.FILE ${config_file} [get_hw_devices $hw_device_id]
#     set_property FULL_PROBES.FILE ${config_file} [get_hw_devices $hw_device_id]
#     create_hw_cfgmem -hw_device [get_hw_devices $hw_device_id] -mem_dev [lindex [get_cfgmem_parts {mt25qu01g-spi-x1_x2_x4}] 0]
#     set_property PROGRAM.ADDRESS_RANGE  {use_file} [ get_property PROGRAM.HW_CFGMEM [lindex [get_hw_devices $hw_device_id] 0]]
#     set_property PROGRAM.FILES [list "$prog_file" ] [ get_property PROGRAM.HW_CFGMEM [lindex [get_hw_devices $hw_device_id] 0]]
#     set_property PROGRAM.PRM_FILE {} [ get_property PROGRAM.HW_CFGMEM [lindex [get_hw_devices $hw_device_id] 0]]
#     set_property PROGRAM.UNUSED_PIN_TERMINATION {pull-up} [ get_property PROGRAM.HW_CFGMEM [lindex [get_hw_devices $hw_device_id] 0]]
#     set_property PROGRAM.BLANK_CHECK  0 [ get_property PROGRAM.HW_CFGMEM [lindex [get_hw_devices $hw_device_id] 0]]
#     set_property PROGRAM.ERASE  1 [ get_property PROGRAM.HW_CFGMEM [lindex [get_hw_devices $hw_device_id] 0]]
#     set_property PROGRAM.CFG_PROGRAM  1 [ get_property PROGRAM.HW_CFGMEM [lindex [get_hw_devices $hw_device_id] 0]]
#     set_property PROGRAM.VERIFY  1 [ get_property PROGRAM.HW_CFGMEM [lindex [get_hw_devices $hw_device_id] 0]]
#     set_property PROGRAM.CHECKSUM  0 [ get_property PROGRAM.HW_CFGMEM [lindex [get_hw_devices $hw_device_id] 0]]
#     startgroup 
#     create_hw_bitstream -hw_device [lindex [get_hw_devices $hw_device_id] 0] [get_property PROGRAM.HW_CFGMEM_BITFILE [ lindex [get_hw_devices $hw_device_id] 0]]; program_hw_devices [lindex [get_hw_devices $hw_device_id] 0]; refresh_hw_device [lindex [get_hw_devices $hw_device_id] 0];
#     puts "Start programming FPGA's configuration memory..."
#     program_hw_cfgmem -hw_cfgmem [ get_property PROGRAM.HW_CFGMEM [lindex [get_hw_devices $hw_device_id] 0]]
#     endgroup
#     puts "Success: Configuration memory programming is done"
#     boot_hw_device  [lindex [get_hw_devices $hw_device_id] 0]
#     refresh_hw_device [lindex [get_hw_devices $hw_device_id] 0]
# } else {
#     puts "Error: Unsupported file type for FPGA programming"
#     quit
# }
Program FPGA with bitstream...
Start programming FPGA...
INFO: [Labtools 27-3164] End of startup status: HIGH
program_hw_devices: Time (s): cpu = 00:00:22 ; elapsed = 00:00:22 . Memory (MB): peak = 1502.129 ; gain = 0.000 ; free physical = 40686 ; free virtual = 56851
INFO: [Labtools 27-1434] Device xcu280_u55c (JTAG device index = 0) is programmed with a design that has no supported debug core(s) in it.
ERROR: [Common 17-48] File not found: /work/amotta/RecoNIC/base_nics/open-nic-shell/build/au55c/open_nic_shell/open_nic_shell.runs/impl_1/open_nic_shell.ltx
exit
INFO: [Common 17-206] Exiting Vivado at Mon Nov 24 17:35:55 2025...
